Component: ARM Compiler 5.06 update 4 (build 422) Tool: armlink [4d35d2]

==============================================================================

Section Cross References

    stm32f0xx_it.o(i.EXTI4_15_IRQHandler) refers to stm32f0xx_hal_gpio.o(i.HAL_GPIO_EXTI_IRQHandler) for HAL_GPIO_EXTI_IRQHandler
    stm32f0xx_it.o(i.SysTick_Handler) refers to cmsis_os.o(i.osSystickHandler) for osSystickHandler
    stm32f0xx_it.o(i.TIM7_IRQHandler) refers to stm32f0xx_hal_tim.o(i.HAL_TIM_IRQHandler) for HAL_TIM_IRQHandler
    stm32f0xx_it.o(i.TIM7_IRQHandler) refers to stm32f0xx_hal_timebase_tim.o(.bss) for htim7
    stm32f0xx_it.o(i.USART1_IRQHandler) refers to stm32f0xx_hal_uart.o(i.HAL_UART_IRQHandler) for HAL_UART_IRQHandler
    stm32f0xx_it.o(i.USART1_IRQHandler) refers to main.o(.bss) for huart1
    stm32f0xx_it.o(i.USB_IRQHandler) refers to stm32f0xx_hal_pcd.o(i.HAL_PCD_IRQHandler) for HAL_PCD_IRQHandler
    stm32f0xx_it.o(i.USB_IRQHandler) refers to usbd_conf.o(.bss) for hpcd_USB_FS
    main.o(i.HAL_TIM_PeriodElapsedCallback) refers to stm32f0xx_hal.o(i.HAL_IncTick) for HAL_IncTick
    main.o(i.HAL_UART_ErrorCallback) refers to stm32f0xx_hal_uart.o(i.HAL_UART_Receive_IT) for HAL_UART_Receive_IT
    main.o(i.HAL_UART_ErrorCallback) refers to my_tasks.o(.data) for gps_byte_buf
    main.o(i.HAL_UART_ErrorCallback) refers to main.o(.bss) for .bss
    main.o(i.HAL_UART_RxCpltCallback) refers to helpers.o(i.linear_buf_add) for linear_buf_add
    main.o(i.HAL_UART_RxCpltCallback) refers to stm32f0xx_hal_uart.o(i.HAL_UART_Receive_IT) for HAL_UART_Receive_IT
    main.o(i.HAL_UART_RxCpltCallback) refers to my_tasks.o(.data) for gps_byte_buf
    main.o(i.HAL_UART_RxCpltCallback) refers to my_tasks.o(.bss) for gps_lb
    main.o(i.HAL_UART_RxCpltCallback) refers to main.o(.bss) for .bss
    main.o(i.MX_ADC_Init) refers to stm32f0xx_hal_adc.o(i.HAL_ADC_Init) for HAL_ADC_Init
    main.o(i.MX_ADC_Init) refers to stm32f0xx_hal_adc.o(i.HAL_ADC_ConfigChannel) for HAL_ADC_ConfigChannel
    main.o(i.MX_ADC_Init) refers to main.o(.bss) for .bss
    main.o(i.MX_GPIO_Init) refers to stm32f0xx_hal_gpio.o(i.HAL_GPIO_WritePin) for HAL_GPIO_WritePin
    main.o(i.MX_GPIO_Init) refers to stm32f0xx_hal_gpio.o(i.HAL_GPIO_Init) for HAL_GPIO_Init
    main.o(i.MX_GPIO_Init) refers to stm32f0xx_hal_cortex.o(i.HAL_NVIC_SetPriority) for HAL_NVIC_SetPriority
    main.o(i.MX_GPIO_Init) refers to stm32f0xx_hal_cortex.o(i.HAL_NVIC_EnableIRQ) for HAL_NVIC_EnableIRQ
    main.o(i.MX_I2C1_Init) refers to stm32f0xx_hal_i2c.o(i.HAL_I2C_Init) for HAL_I2C_Init
    main.o(i.MX_I2C1_Init) refers to stm32f0xx_hal_i2c_ex.o(i.HAL_I2CEx_ConfigAnalogFilter) for HAL_I2CEx_ConfigAnalogFilter
    main.o(i.MX_I2C1_Init) refers to stm32f0xx_hal_i2c_ex.o(i.HAL_I2CEx_ConfigDigitalFilter) for HAL_I2CEx_ConfigDigitalFilter
    main.o(i.MX_I2C1_Init) refers to main.o(.bss) for .bss
    main.o(i.MX_RTC_Init) refers to stm32f0xx_hal_rtc.o(i.HAL_RTC_Init) for HAL_RTC_Init
    main.o(i.MX_RTC_Init) refers to stm32f0xx_hal_rtc.o(i.HAL_RTC_SetTime) for HAL_RTC_SetTime
    main.o(i.MX_RTC_Init) refers to stm32f0xx_hal_rtc.o(i.HAL_RTC_SetDate) for HAL_RTC_SetDate
    main.o(i.MX_RTC_Init) refers to stm32f0xx_hal_rtc_ex.o(i.HAL_RTCEx_BKUPRead) for HAL_RTCEx_BKUPRead
    main.o(i.MX_RTC_Init) refers to stm32f0xx_hal_rtc_ex.o(i.HAL_RTCEx_BKUPWrite) for HAL_RTCEx_BKUPWrite
    main.o(i.MX_RTC_Init) refers to main.o(.bss) for .bss
    main.o(i.MX_SPI1_Init) refers to stm32f0xx_hal_spi.o(i.HAL_SPI_Init) for HAL_SPI_Init
    main.o(i.MX_SPI1_Init) refers to main.o(.bss) for .bss
    main.o(i.MX_TIM2_Init) refers to stm32f0xx_hal_tim.o(i.HAL_TIM_Base_Init) for HAL_TIM_Base_Init
    main.o(i.MX_TIM2_Init) refers to stm32f0xx_hal_tim.o(i.HAL_TIM_ConfigClockSource) for HAL_TIM_ConfigClockSource
    main.o(i.MX_TIM2_Init) refers to stm32f0xx_hal_tim_ex.o(i.HAL_TIMEx_MasterConfigSynchronization) for HAL_TIMEx_MasterConfigSynchronization
    main.o(i.MX_TIM2_Init) refers to main.o(.bss) for .bss
    main.o(i.MX_USART1_UART_Init) refers to stm32f0xx_hal_uart.o(i.HAL_UART_Init) for HAL_UART_Init
    main.o(i.MX_USART1_UART_Init) refers to main.o(.bss) for .bss
    main.o(i.MX_USART3_UART_Init) refers to stm32f0xx_hal_uart.o(i.HAL_UART_Init) for HAL_UART_Init
    main.o(i.MX_USART3_UART_Init) refers to main.o(.bss) for .bss
    main.o(i.StartDefaultTask) refers to cmsis_os.o(i.osDelay) for osDelay
    main.o(i.SystemClock_Config) refers to stm32f0xx_hal_rcc.o(i.HAL_RCC_OscConfig) for HAL_RCC_OscConfig
    main.o(i.SystemClock_Config) refers to stm32f0xx_hal_rcc.o(i.HAL_RCC_ClockConfig) for HAL_RCC_ClockConfig
    main.o(i.SystemClock_Config) refers to stm32f0xx_hal_rcc_ex.o(i.HAL_RCCEx_PeriphCLKConfig) for HAL_RCCEx_PeriphCLKConfig
    main.o(i.SystemClock_Config) refers to stm32f0xx_hal_rcc.o(i.HAL_RCC_GetHCLKFreq) for HAL_RCC_GetHCLKFreq
    main.o(i.SystemClock_Config) refers to uidiv.o(.text) for __aeabi_uidivmod
[...]
    strcmp                                   0x080002cb   Thumb Code    28  strcmp.o(.text)
    strtol                                   0x080002e9   Thumb Code   108  strtol.o(.text)
    __aeabi_dadd                             0x08000359   Thumb Code   328  dadd.o(.text)
    __aeabi_dsub                             0x080004a1   Thumb Code    12  dadd.o(.text)
    __aeabi_drsub                            0x080004ad   Thumb Code    12  dadd.o(.text)
    __aeabi_dmul                             0x080004bd   Thumb Code   202  dmul.o(.text)
    __aeabi_ddiv                             0x0800058d   Thumb Code   234  ddiv.o(.text)
    __aeabi_i2d                              0x0800067d   Thumb Code    34  dflti.o(.text)
    __aeabi_ui2d                             0x080006a5   Thumb Code    24  dfltui.o(.text)
    __aeabi_d2uiz                            0x080006c1   Thumb Code    50  dfixui.o(.text)
    __aeabi_cdcmpeq                          0x080006fd   Thumb Code     0  cdcmple.o(.text)
    __aeabi_cdcmple                          0x080006fd   Thumb Code    38  cdcmple.o(.text)
    __aeabi_cdrcmple                         0x08000725   Thumb Code    38  cdrcmple.o(.text)
    __aeabi_uldivmod                         0x0800074d   Thumb Code    96  uldiv.o(.text)
    __aeabi_llsl                             0x080007ad   Thumb Code    32  llshl.o(.text)
    _ll_shift_l                              0x080007ad   Thumb Code     0  llshl.o(.text)
    __aeabi_lasr                             0x080007cd   Thumb Code    38  llsshr.o(.text)
    _ll_sshift_r                             0x080007cd   Thumb Code     0  llsshr.o(.text)
    _localtime                               0x080007f5   Thumb Code   104  localtime_i.o(.text)
    _strtoul                                 0x08000869   Thumb Code   166  _strtoul.o(.text)
    __I$use$fp                               0x0800090f   Thumb Code     0  iusefp.o(.text)
    _double_round                            0x0800090f   Thumb Code    26  depilogue.o(.text)
    _double_epilogue                         0x08000929   Thumb Code   164  depilogue.o(.text)
    __scatterload                            0x080009cd   Thumb Code    28  init.o(.text)
    __scatterload_rt2                        0x080009cd   Thumb Code     0  init.o(.text)
    _chval                                   0x080009f1   Thumb Code    30  _chval.o(.text)
    __ARM_scalbn                             0x08000a0f   Thumb Code    44  dscalb.o(.text)
    scalbn                                   0x08000a0f   Thumb Code     0  dscalb.o(.text)
    __aeabi_d2iz                             0x08000a3d   Thumb Code    62  dfixi.o(.text)
    __decompress                             0x08000a85   Thumb Code     0  __dczerorl2.o(.text)
    __decompress1                            0x08000a85   Thumb Code    86  __dczerorl2.o(.text)
    EXTI4_15_IRQHandler                      0x08000ca1   Thumb Code    12  stm32f0xx_it.o(i.EXTI4_15_IRQHandler)
    HAL_ADC_ConfigChannel                    0x08000cad   Thumb Code   284  stm32f0xx_hal_adc.o(i.HAL_ADC_ConfigChannel)
    HAL_ADC_GetValue                         0x08000dd9   Thumb Code     6  stm32f0xx_hal_adc.o(i.HAL_ADC_GetValue)
    HAL_ADC_Init                             0x08000de1   Thumb Code   364  stm32f0xx_hal_adc.o(i.HAL_ADC_Init)
    HAL_ADC_MspInit                          0x08000f55   Thumb Code    54  stm32f0xx_hal_msp.o(i.HAL_ADC_MspInit)
    HAL_ADC_PollForConversion                0x08000f95   Thumb Code   190  stm32f0xx_hal_adc.o(i.HAL_ADC_PollForConversion)
    HAL_ADC_Start                            0x08001055   Thumb Code    86  stm32f0xx_hal_adc.o(i.HAL_ADC_Start)
    HAL_ADC_Stop                             0x080010b1   Thumb Code    62  stm32f0xx_hal_adc.o(i.HAL_ADC_Stop)
    HAL_DMA_Abort_IT                         0x080010ef   Thumb Code    72  stm32f0xx_hal_dma.o(i.HAL_DMA_Abort_IT)
    HAL_Delay                                0x08001137   Thumb Code    28  stm32f0xx_hal.o(i.HAL_Delay)
    HAL_GPIO_EXTI_Callback                   0x08001155   Thumb Code   276  my_tasks.o(i.HAL_GPIO_EXTI_Callback)
    HAL_GPIO_EXTI_IRQHandler                 0x08001275   Thumb Code    18  stm32f0xx_hal_gpio.o(i.HAL_GPIO_EXTI_IRQHandler)
    HAL_GPIO_Init                            0x0800128d   Thumb Code   314  stm32f0xx_hal_gpio.o(i.HAL_GPIO_Init)
    HAL_GPIO_ReadPin                         0x080013e5   Thumb Code    10  stm32f0xx_hal_gpio.o(i.HAL_GPIO_ReadPin)
    HAL_GPIO_TogglePin                       0x080013ef   Thumb Code     8  stm32f0xx_hal_gpio.o(i.HAL_GPIO_TogglePin)
    HAL_GPIO_WritePin                        0x080013f7   Thumb Code    12  stm32f0xx_hal_gpio.o(i.HAL_GPIO_WritePin)
    HAL_GetTick                              0x08001405   Thumb Code     6  stm32f0xx_hal.o(i.HAL_GetTick)
    HAL_I2CEx_ConfigAnalogFilter             0x08001411   Thumb Code    74  stm32f0xx_hal_i2c_ex.o(i.HAL_I2CEx_ConfigAnalogFilter)
    HAL_I2CEx_ConfigDigitalFilter            0x0800145b   Thumb Code    72  stm32f0xx_hal_i2c_ex.o(i.HAL_I2CEx_ConfigDigitalFilter)
    HAL_I2C_Init                             0x080014a5   Thumb Code   176  stm32f0xx_hal_i2c.o(i.HAL_I2C_Init)
    HAL_I2C_IsDeviceReady                    0x08001559   Thumb Code   280  stm32f0xx_hal_i2c.o(i.HAL_I2C_IsDeviceReady)
    HAL_I2C_Master_Receive                   0x08001675   Thumb Code   274  stm32f0xx_hal_i2c.o(i.HAL_I2C_Master_Receive)
    HAL_I2C_Master_Transmit                  0x0800178d   Thumb Code   274  stm32f0xx_hal_i2c.o(i.HAL_I2C_Master_Transmit)
    HAL_I2C_MspInit                          0x080018a5   Thumb Code    62  stm32f0xx_hal_msp.o(i.HAL_I2C_MspInit)
    HAL_IWDG_Init                            0x080018f1   Thumb Code    86  stm32f0xx_hal_iwdg.o(i.HAL_IWDG_Init)
    HAL_IWDG_Refresh                         0x08001955   Thumb Code    10  stm32f0xx_hal_iwdg.o(i.HAL_IWDG_Refresh)
    HAL_IncTick                              0x08001965   Thumb Code    10  stm32f0xx_hal.o(i.HAL_IncTick)
    HAL_Init                                 0x08001975   Thumb Code    26  stm32f0xx_hal.o(i.HAL_Init)
    HAL_InitTick                             0x08001995   Thumb Code    98  stm32f0xx_hal_timebase_tim.o(i.HAL_InitTick)
    HAL_MspInit                              0x08001a0d   Thumb Code    50  stm32f0xx_hal_msp.o(i.HAL_MspInit)
    HAL_NVIC_EnableIRQ                       0x08001a45   Thumb Code    14  stm32f0xx_hal_cortex.o(i.HAL_NVIC_EnableIRQ)
    HAL_NVIC_SetPriority                     0x08001a59   Thumb Code     8  stm32f0xx_hal_cortex.o(i.HAL_NVIC_SetPriority)
    HAL_NVIC_SystemReset                     0x08001a61   Thumb Code    18  stm32f0xx_hal_cortex.o(i.HAL_NVIC_SystemReset)
    HAL_PCDEx_PMAConfig                      0x08001a7d   Thumb Code    58  stm32f0xx_hal_pcd_ex.o(i.HAL_PCDEx_PMAConfig)
    HAL_PCD_DataInStageCallback              0x08001ab7   Thumb Code    24  usbd_conf.o(i.HAL_PCD_DataInStageCallback)
    HAL_PCD_DataOutStageCallback             0x08001acf   Thumb Code    28  usbd_conf.o(i.HAL_PCD_DataOutStageCallback)
    HAL_PCD_EP_Close                         0x08001aed   Thumb Code   346  stm32f0xx_hal_pcd.o(i.HAL_PCD_EP_Close)
    HAL_PCD_EP_ClrStall                      0x08001c55   Thumb Code   166  stm32f0xx_hal_pcd.o(i.HAL_PCD_EP_ClrStall)
    HAL_PCD_EP_GetRxCount                    0x08001d09   Thumb Code    20  stm32f0xx_hal_pcd.o(i.HAL_PCD_EP_GetRxCount)
    HAL_PCD_EP_Open                          0x08001d1d   Thumb Code   652  stm32f0xx_hal_pcd.o(i.HAL_PCD_EP_Open)
    HAL_PCD_EP_Receive                       0x08001fc1   Thumb Code   298  stm32f0xx_hal_pcd.o(i.HAL_PCD_EP_Receive)
    HAL_PCD_EP_SetStall                      0x080020f9   Thumb Code   136  stm32f0xx_hal_pcd.o(i.HAL_PCD_EP_SetStall)
    HAL_PCD_EP_Transmit                      0x0800218d   Thumb Code   386  stm32f0xx_hal_pcd.o(i.HAL_PCD_EP_Transmit)
    HAL_PCD_IRQHandler                       0x08002321   Thumb Code   238  stm32f0xx_hal_pcd.o(i.HAL_PCD_IRQHandler)
    HAL_PCD_Init                             0x0800242d   Thumb Code   154  stm32f0xx_hal_pcd.o(i.HAL_PCD_Init)
    HAL_PCD_MspInit                          0x080024c9   Thumb Code    46  usbd_conf.o(i.HAL_PCD_MspInit)
    HAL_PCD_ResetCallback                    0x08002501   Thumb Code    24  usbd_conf.o(i.HAL_PCD_ResetCallback)
    HAL_PCD_ResumeCallback                   0x08002519   Thumb Code    38  usbd_conf.o(i.HAL_PCD_ResumeCallback)
    HAL_PCD_SOFCallback                      0x08002545   Thumb Code    16  usbd_conf.o(i.HAL_PCD_SOFCallback)
    HAL_PCD_SetAddress                       0x08002555   Thumb Code    44  stm32f0xx_hal_pcd.o(i.HAL_PCD_SetAddress)
    HAL_PCD_SetupStageCallback               0x08002581   Thumb Code    22  usbd_conf.o(i.HAL_PCD_SetupStageCallback)
    HAL_PCD_Start                            0x08002597   Thumb Code    18  stm32f0xx_hal_pcd.o(i.HAL_PCD_Start)
    HAL_PCD_SuspendCallback                  0x080025a9   Thumb Code    34  usbd_conf.o(i.HAL_PCD_SuspendCallback)
    HAL_RCCEx_PeriphCLKConfig                0x080025d1   Thumb Code   274  stm32f0xx_hal_rcc_ex.o(i.HAL_RCCEx_PeriphCLKConfig)
    HAL_RCC_ClockConfig                      0x080026f1   Thumb Code   320  stm32f0xx_hal_rcc.o(i.HAL_RCC_ClockConfig)
    HAL_RCC_GetClockConfig                   0x08002845   Thumb Code    46  stm32f0xx_hal_rcc.o(i.HAL_RCC_GetClockConfig)
    HAL_RCC_GetHCLKFreq                      0x0800287d   Thumb Code     6  stm32f0xx_hal_rcc.o(i.HAL_RCC_GetHCLKFreq)
    HAL_RCC_GetPCLK1Freq                     0x08002889   Thumb Code    20  stm32f0xx_hal_rcc.o(i.HAL_RCC_GetPCLK1Freq)
    HAL_RCC_GetSysClockFreq                  0x080028a9   Thumb Code    90  stm32f0xx_hal_rcc.o(i.HAL_RCC_GetSysClockFreq)
    HAL_RCC_OscConfig                        0x08002931   Thumb Code   966  stm32f0xx_hal_rcc.o(i.HAL_RCC_OscConfig)
    HAL_RTCEx_BKUPRead                       0x08002d09   Thumb Code    12  stm32f0xx_hal_rtc_ex.o(i.HAL_RTCEx_BKUPRead)
    HAL_RTCEx_BKUPWrite                      0x08002d15   Thumb Code    12  stm32f0xx_hal_rtc_ex.o(i.HAL_RTCEx_BKUPWrite)
    HAL_RTC_GetDate                          0x08002d21   Thumb Code    68  stm32f0xx_hal_rtc.o(i.HAL_RTC_GetDate)
    HAL_RTC_GetTime                          0x08002d65   Thumb Code    88  stm32f0xx_hal_rtc.o(i.HAL_RTC_GetTime)
    HAL_RTC_Init                             0x08002dc1   Thumb Code   174  stm32f0xx_hal_rtc.o(i.HAL_RTC_Init)
    HAL_RTC_MspInit                          0x08002e75   Thumb Code    22  stm32f0xx_hal_msp.o(i.HAL_RTC_MspInit)
    HAL_RTC_SetDate                          0x08002e95   Thumb Code   194  stm32f0xx_hal_rtc.o(i.HAL_RTC_SetDate)
    HAL_RTC_SetTime                          0x08002f5d   Thumb Code   222  stm32f0xx_hal_rtc.o(i.HAL_RTC_SetTime)
    HAL_RTC_WaitForSynchro                   0x08003041   Thumb Code    52  stm32f0xx_hal_rtc.o(i.HAL_RTC_WaitForSynchro)
    HAL_SPI_Init                             0x08003075   Thumb Code   184  stm32f0xx_hal_spi.o(i.HAL_SPI_Init)
    HAL_SPI_MspInit                          0x0800312d   Thumb Code    58  stm32f0xx_hal_msp.o(i.HAL_SPI_MspInit)
    HAL_SPI_Transmit                         0x08003175   Thumb Code   368  stm32f0xx_hal_spi.o(i.HAL_SPI_Transmit)
    HAL_SYSTICK_CLKSourceConfig              0x080032e5   Thumb Code    20  stm32f0xx_hal_cortex.o(i.HAL_SYSTICK_CLKSourceConfig)
    HAL_SYSTICK_Config                       0x080032fd   Thumb Code    38  stm32f0xx_hal_cortex.o(i.HAL_SYSTICK_Config)
    HAL_TIMEx_BreakCallback                  0x0800332d   Thumb Code     2  stm32f0xx_hal_tim_ex.o(i.HAL_TIMEx_BreakCallback)
    HAL_TIMEx_CommutationCallback            0x0800332f   Thumb Code     2  stm32f0xx_hal_tim_ex.o(i.HAL_TIMEx_CommutationCallback)
    HAL_TIMEx_MasterConfigSynchronization    0x08003331   Thumb Code    72  stm32f0xx_hal_tim_ex.o(i.HAL_TIMEx_MasterConfigSynchronization)
    HAL_TIM_Base_Init                        0x08003379   Thumb Code    52  stm32f0xx_hal_tim.o(i.HAL_TIM_Base_Init)
    HAL_TIM_Base_MspInit                     0x080033ad   Thumb Code    30  stm32f0xx_hal_msp.o(i.HAL_TIM_Base_MspInit)
    HAL_TIM_Base_Start                       0x080033d1   Thumb Code    24  stm32f0xx_hal_tim.o(i.HAL_TIM_Base_Start)
    HAL_TIM_Base_Start_IT                    0x080033e9   Thumb Code    22  stm32f0xx_hal_tim.o(i.HAL_TIM_Base_Start_IT)
    HAL_TIM_ConfigClockSource                0x080033ff   Thumb Code   238  stm32f0xx_hal_tim.o(i.HAL_TIM_ConfigClockSource)
    HAL_TIM_IC_CaptureCallback               0x080034ed   Thumb Code     2  stm32f0xx_hal_tim.o(i.HAL_TIM_IC_CaptureCallback)
    HAL_TIM_IRQHandler                       0x080034ef   Thumb Code   354  stm32f0xx_hal_tim.o(i.HAL_TIM_IRQHandler)
    HAL_TIM_OC_DelayElapsedCallback          0x08003651   Thumb Code     2  stm32f0xx_hal_tim.o(i.HAL_TIM_OC_DelayElapsedCallback)
    HAL_TIM_PWM_PulseFinishedCallback        0x08003653   Thumb Code     2  stm32f0xx_hal_tim.o(i.HAL_TIM_PWM_PulseFinishedCallback)
    HAL_TIM_PeriodElapsedCallback            0x08003655   Thumb Code    16  main.o(i.HAL_TIM_PeriodElapsedCallback)
    HAL_TIM_TriggerCallback                  0x08003669   Thumb Code     2  stm32f0xx_hal_tim.o(i.HAL_TIM_TriggerCallback)
    HAL_UARTEx_WakeupCallback                0x0800366b   Thumb Code     2  stm32f0xx_hal_uart_ex.o(i.HAL_UARTEx_WakeupCallback)
    HAL_UART_ErrorCallback                   0x0800366d   Thumb Code    22  main.o(i.HAL_UART_ErrorCallback)
    HAL_UART_IRQHandler                      0x08003691   Thumb Code   304  stm32f0xx_hal_uart.o(i.HAL_UART_IRQHandler)
    HAL_UART_Init                            0x080037c5   Thumb Code   108  stm32f0xx_hal_uart.o(i.HAL_UART_Init)
    HAL_UART_MspInit                         0x08003831   Thumb Code   114  stm32f0xx_hal_msp.o(i.HAL_UART_MspInit)
    HAL_UART_Receive_IT                      0x080038b5   Thumb Code   154  stm32f0xx_hal_uart.o(i.HAL_UART_Receive_IT)
    HAL_UART_RxCpltCallback                  0x08003955   Thumb Code    32  main.o(i.HAL_UART_RxCpltCallback)
    HAL_UART_Transmit                        0x08003985   Thumb Code   200  stm32f0xx_hal_uart.o(i.HAL_UART_Transmit)
    HAL_UART_TxCpltCallback                  0x08003a4d   Thumb Code     2  stm32f0xx_hal_uart.o(i.HAL_UART_TxCpltCallback)
    HardFault_Handler                        0x08003a4f   Thumb Code     2  stm32f0xx_it.o(i.HardFault_Handler)
    MX_USB_DEVICE_Init                       0x08003fbd   Thumb Code    36  usb_device.o(i.MX_USB_DEVICE_Init)
    NMI_Handler                              0x08003ff1   Thumb Code     2  stm32f0xx_it.o(i.NMI_Handler)
    PCD_ReadPMA                              0x08004371   Thumb Code    42  stm32f0xx_hal_pcd.o(i.PCD_ReadPMA)
    PCD_WritePMA                             0x0800439b   Thumb Code    38  stm32f0xx_hal_pcd.o(i.PCD_WritePMA)
    RTC_Bcd2ToByte                           0x080043c1   Thumb Code    16  stm32f0xx_hal_rtc.o(i.RTC_Bcd2ToByte)
    RTC_ByteToBcd2                           0x080043d1   Thumb Code    22  stm32f0xx_hal_rtc.o(i.RTC_ByteToBcd2)
    RTC_EnterInitMode                        0x080043e7   Thumb Code    56  stm32f0xx_hal_rtc.o(i.RTC_EnterInitMode)
    SVC_Handler                              0x0800458d   Thumb Code     2  port.o(i.SVC_Handler)
    StartDefaultTask                         0x0800458f   Thumb Code    12  main.o(i.StartDefaultTask)
    SysTick_Handler                          0x0800459b   Thumb Code     8  stm32f0xx_it.o(i.SysTick_Handler)
    SystemClock_Config                       0x080045a5   Thumb Code   138  main.o(i.SystemClock_Config)
    SystemInit                               0x08004639   Thumb Code    76  system_stm32f0xx.o(i.SystemInit)
    TIM7_IRQHandler                          0x08004695   Thumb Code    10  stm32f0xx_it.o(i.TIM7_IRQHandler)
    TIM_Base_SetConfig                       0x080046a5   Thumb Code   124  stm32f0xx_hal_tim.o(i.TIM_Base_SetConfig)
    TIM_ETR_SetConfig                        0x08004739   Thumb Code    22  stm32f0xx_hal_tim.o(i.TIM_ETR_SetConfig)
    UART_AdvFeatureConfig                    0x080047a7   Thumb Code   202  stm32f0xx_hal_uart.o(i.UART_AdvFeatureConfig)
    UART_CheckIdleState                      0x08004871   Thumb Code   102  stm32f0xx_hal_uart.o(i.UART_CheckIdleState)
    UART_EndTransmit_IT                      0x08004917   Thumb Code    26  stm32f0xx_hal_uart.o(i.UART_EndTransmit_IT)
    UART_Receive_IT                          0x08004931   Thumb Code   122  stm32f0xx_hal_uart.o(i.UART_Receive_IT)
    UART_SetConfig                           0x080049ad   Thumb Code   316  stm32f0xx_hal_uart.o(i.UART_SetConfig)
    UART_Transmit_IT                         0x08004b09   Thumb Code   102  stm32f0xx_hal_uart.o(i.UART_Transmit_IT)
    UART_WaitOnFlagUntilTimeout              0x08004b6f   Thumb Code    98  stm32f0xx_hal_uart.o(i.UART_WaitOnFlagUntilTimeout)
    USART1_IRQHandler                        0x08004bd1   Thumb Code    10  stm32f0xx_it.o(i.USART1_IRQHandler)
    USBD_CDC_GetDeviceQualifierDescriptor    0x08004c99   Thumb Code     8  usbd_cdc.o(i.USBD_CDC_GetDeviceQualifierDescriptor)
    USBD_CDC_ReceivePacket                   0x08004d53   Thumb Code    56  usbd_cdc.o(i.USBD_CDC_ReceivePacket)
    USBD_CDC_RegisterInterface               0x08004d8b   Thumb Code    20  usbd_cdc.o(i.USBD_CDC_RegisterInterface)
    USBD_CDC_SetRxBuffer                     0x08004d9f   Thumb Code    20  usbd_cdc.o(i.USBD_CDC_SetRxBuffer)
    USBD_CDC_SetTxBuffer                     0x08004db3   Thumb Code    22  usbd_cdc.o(i.USBD_CDC_SetTxBuffer)
    USBD_ClrClassConfig                      0x08004e3d   Thumb Code    16  usbd_core.o(i.USBD_ClrClassConfig)
    USBD_CtlContinueRx                       0x08004e4d   Thumb Code    16  usbd_ioreq.o(i.USBD_CtlContinueRx)
    USBD_CtlContinueSendData                 0x08004e5d   Thumb Code    16  usbd_ioreq.o(i.USBD_CtlContinueSendData)
    USBD_CtlError                            0x08004e6d   Thumb Code    20  usbd_ctlreq.o(i.USBD_CtlError)
    USBD_CtlPrepareRx                        0x08004e81   Thumb Code    32  usbd_ioreq.o(i.USBD_CtlPrepareRx)
    USBD_CtlReceiveStatus                    0x08004ea1   Thumb Code    24  usbd_ioreq.o(i.USBD_CtlReceiveStatus)
    USBD_CtlSendData                         0x08004eb9   Thumb Code    28  usbd_ioreq.o(i.USBD_CtlSendData)
    USBD_CtlSendStatus                       0x08004ed5   Thumb Code    24  usbd_ioreq.o(i.USBD_CtlSendStatus)
    USBD_FS_ConfigStrDescriptor              0x08004eed   Thumb Code    16  usbd_desc.o(i.USBD_FS_ConfigStrDescriptor)
    USBD_FS_DeviceDescriptor                 0x08004f0d   Thumb Code     8  usbd_desc.o(i.USBD_FS_DeviceDescriptor)
    USBD_FS_InterfaceStrDescriptor           0x08004f19   Thumb Code    16  usbd_desc.o(i.USBD_FS_InterfaceStrDescriptor)
    USBD_FS_LangIDStrDescriptor              0x08004f3d   Thumb Code     8  usbd_desc.o(i.USBD_FS_LangIDStrDescriptor)
    USBD_FS_ManufacturerStrDescriptor        0x08004f49   Thumb Code    16  usbd_desc.o(i.USBD_FS_ManufacturerStrDescriptor)
    USBD_FS_ProductStrDescriptor             0x08004f71   Thumb Code    16  usbd_desc.o(i.USBD_FS_ProductStrDescriptor)
    USBD_FS_SerialStrDescriptor              0x08004f9d   Thumb Code    16  usbd_desc.o(i.USBD_FS_SerialStrDescriptor)
    USBD_GetString                           0x080050a1   Thumb Code    68  usbd_ctlreq.o(i.USBD_GetString)
    USBD_Init                                0x080050e5   Thumb Code    50  usbd_core.o(i.USBD_Init)
    USBD_LL_ClearStallEP                     0x08005117   Thumb Code    38  usbd_conf.o(i.USBD_LL_ClearStallEP)
    USBD_LL_CloseEP                          0x0800513d   Thumb Code    38  usbd_conf.o(i.USBD_LL_CloseEP)
    USBD_LL_DataInStage                      0x08005163   Thumb Code   182  usbd_core.o(i.USBD_LL_DataInStage)
    USBD_LL_DataOutStage                     0x08005219   Thumb Code   116  usbd_core.o(i.USBD_LL_DataOutStage)
    USBD_LL_GetRxDataSize                    0x0800528d   Thumb Code    16  usbd_conf.o(i.USBD_LL_GetRxDataSize)
    USBD_LL_Init                             0x0800529d   Thumb Code   128  usbd_conf.o(i.USBD_LL_Init)
    USBD_LL_IsStallEP                        0x0800533d   Thumb Code    36  usbd_conf.o(i.USBD_LL_IsStallEP)
    USBD_LL_OpenEP                           0x08005361   Thumb Code    44  usbd_conf.o(i.USBD_LL_OpenEP)
    USBD_LL_PrepareReceive                   0x0800538d   Thumb Code    38  usbd_conf.o(i.USBD_LL_PrepareReceive)
    USBD_LL_Reset                            0x080053b3   Thumb Code    70  usbd_core.o(i.USBD_LL_Reset)
    USBD_LL_Resume                           0x080053f9   Thumb Code    12  usbd_core.o(i.USBD_LL_Resume)
    USBD_LL_SOF                              0x08005405   Thumb Code    30  usbd_core.o(i.USBD_LL_SOF)
    USBD_LL_SetSpeed                         0x08005423   Thumb Code     6  usbd_core.o(i.USBD_LL_SetSpeed)
    USBD_LL_SetUSBAddress                    0x08005429   Thumb Code    38  usbd_conf.o(i.USBD_LL_SetUSBAddress)
    USBD_LL_SetupStage                       0x0800544f   Thumb Code    94  usbd_core.o(i.USBD_LL_SetupStage)
    USBD_LL_StallEP                          0x080054ad   Thumb Code    38  usbd_conf.o(i.USBD_LL_StallEP)
    USBD_LL_Start                            0x080054d3   Thumb Code    38  usbd_conf.o(i.USBD_LL_Start)
    USBD_LL_Suspend                          0x080054f9   Thumb Code    16  usbd_core.o(i.USBD_LL_Suspend)
    USBD_LL_Transmit                         0x08005509   Thumb Code    38  usbd_conf.o(i.USBD_LL_Transmit)
    USBD_ParseSetupRequest                   0x0800552f   Thumb Code    40  usbd_ctlreq.o(i.USBD_ParseSetupRequest)
    USBD_RegisterClass                       0x08005557   Thumb Code    22  usbd_core.o(i.USBD_RegisterClass)
    USBD_SetClassConfig                      0x0800556d   Thumb Code    28  usbd_core.o(i.USBD_SetClassConfig)
    USBD_Start                               0x080055f9   Thumb Code    10  usbd_core.o(i.USBD_Start)
    USBD_StdDevReq                           0x08005603   Thumb Code   238  usbd_ctlreq.o(i.USBD_StdDevReq)
    USBD_StdEPReq                            0x080056f1   Thumb Code   234  usbd_ctlreq.o(i.USBD_StdEPReq)
    USBD_StdItfReq                           0x080057db   Thumb Code    58  usbd_ctlreq.o(i.USBD_StdItfReq)
    USBD_static_free                         0x08005815   Thumb Code     2  usbd_conf.o(i.USBD_static_free)
    USBD_static_malloc                       0x08005819   Thumb Code     4  usbd_conf.o(i.USBD_static_malloc)
    USB_IRQHandler                           0x08005821   Thumb Code    10  stm32f0xx_it.o(i.USB_IRQHandler)
    _Error_Handler                           0x08005831   Thumb Code     2  main.o(i._Error_Handler)
    __0printf$4                              0x08005835   Thumb Code    24  printf4.o(i.__0printf$4)
    __1printf$4                              0x08005835   Thumb Code     0  printf4.o(i.__0printf$4)
    __2printf                                0x08005835   Thumb Code     0  printf4.o(i.__0printf$4)
    __ARM_clz                                0x08005855   Thumb Code    46  depilogue.o(i.__ARM_clz)
    __ARM_common_ll_muluu                    0x08005883   Thumb Code    50  rred.o(i.__ARM_common_ll_muluu)
    __ARM_common_switch8                     0x080058b5   Thumb Code    26  my_tasks.o(i.__ARM_common_switch8)
    __ARM_fpclassify                         0x080058d1   Thumb Code    40  fpclassify.o(i.__ARM_fpclassify)
    __aeabi_errno_addr                       0x080058fd   Thumb Code     4  errno.o(i.__aeabi_errno_addr)
    __rt_errno_addr                          0x080058fd   Thumb Code     0  errno.o(i.__aeabi_errno_addr)
    __ieee754_rem_pio2                       0x08005905   Thumb Code   838  rred.o(i.__ieee754_rem_pio2)
    __kernel_cos                             0x08005ca1   Thumb Code   224  cos_i.o(i.__kernel_cos)
    __kernel_poly                            0x08005d95   Thumb Code   172  poly.o(i.__kernel_poly)
    __kernel_sin                             0x08005e41   Thumb Code   222  sin_i.o(i.__kernel_sin)
    __mathlib_dbl_infnan                     0x08005f2d   Thumb Code    10  dunder.o(i.__mathlib_dbl_infnan)
    __mathlib_dbl_invalid                    0x08005f37   Thumb Code    16  dunder.o(i.__mathlib_dbl_invalid)
    __mathlib_dbl_underflow                  0x08005f49   Thumb Code    14  dunder.o(i.__mathlib_dbl_underflow)
    __scatterload_copy                       0x08005f5d   Thumb Code    14  handlers.o(i.__scatterload_copy)
    __scatterload_null                       0x08005f6b   Thumb Code     2  handlers.o(i.__scatterload_null)
    __scatterload_zeroinit                   0x08005f6d   Thumb Code    14  handlers.o(i.__scatterload_zeroinit)
    __secs_to_tm                             0x08005f7d   Thumb Code   284  helpers.o(i.__secs_to_tm)
    __set_errno                              0x080060b1   Thumb Code     6  errno.o(i.__set_errno)
    animation_handler                        0x080062f1   Thumb Code   174  animations.o(i.animation_handler)
    animation_init                           0x080063b9   Thumb Code    28  animations.o(i.animation_init)
    animation_task_start                     0x080063d5   Thumb Code   248  my_tasks.o(i.animation_task_start)
    button_init                              0x080064d5   Thumb Code    16  buttons.o(i.button_init)
    button_update                            0x080064e5   Thumb Code    60  buttons.o(i.button_update)
    cos                                      0x08006521   Thumb Code   142  cos.o(i.cos)
    delay_us                                 0x080065b9   Thumb Code    18  delay_us.o(i.delay_us)
    delay_us_init                            0x080065d1   Thumb Code    12  delay_us.o(i.delay_us_init)
    ds18b20_get_temp                         0x080065e1   Thumb Code    48  ds18b20.o(i.ds18b20_get_temp)
    ds18b20_start_conversion                 0x08006615   Thumb Code    28  ds18b20.o(i.ds18b20_start_conversion)
    eeprom_read                              0x08006631   Thumb Code    66  eeprom.o(i.eeprom_read)
    eeprom_write                             0x08006679   Thumb Code    64  eeprom.o(i.eeprom_write)
    fputc                                    0x080066bd   Thumb Code    18  main.o(i.fputc)
    get_display_mode                         0x080066d5   Thumb Code    14  config.o(i.get_display_mode)
    get_ls_reading                           0x080066e5   Thumb Code    42  helpers.o(i.get_ls_reading)
    get_modifier                             0x08006715   Thumb Code   114  helpers.o(i.get_modifier)
    get_time_rmc                             0x080067a1   Thumb Code    28  helpers.o(i.get_time_rmc)
    get_time_rtc                             0x080067bd   Thumb Code    72  helpers.o(i.get_time_rtc)
    get_use_24hour                           0x08006811   Thumb Code    14  config.o(i.get_use_24hour)
    get_utc_offset                           0x0800681f   Thumb Code    16  config.o(i.get_utc_offset)
    gps_init                                 0x08006831   Thumb Code    98  gps_config.o(i.gps_init)
    gps_say                                  0x08006899   Thumb Code    22  gps_config.o(i.gps_say)
    gps_temp_parse_task_start                0x080068b5   Thumb Code   110  my_tasks.o(i.gps_temp_parse_task_start)
    led_animation_handler                    0x0800696d   Thumb Code   252  animations.o(i.led_animation_handler)
    led_animation_init                       0x08006a8d   Thumb Code    36  animations.o(i.led_animation_init)
    led_start_animation                      0x08006ab1   Thumb Code    66  animations.o(i.led_start_animation)
    linear_buf_add                           0x08006afd   Thumb Code    42  helpers.o(i.linear_buf_add)
    linear_buf_add_str                       0x08006b27   Thumb Code    30  helpers.o(i.linear_buf_add_str)
    linear_buf_init                          0x08006b45   Thumb Code    60  helpers.o(i.linear_buf_init)
    linear_buf_line_available                0x08006b91   Thumb Code    36  helpers.o(i.linear_buf_line_available)
    linear_buf_reset                         0x08006bb5   Thumb Code    16  helpers.o(i.linear_buf_reset)
    main                                     0x08006bc5   Thumb Code   204  main.o(i.main)
    malloc                                   0x08006cad   Thumb Code    92  malloc.o(i.malloc)
    minmea_check                             0x08006d19   Thumb Code   132  minmea.o(i.minmea_check)
    minmea_gettime                           0x08006da5   Thumb Code    92  minmea.o(i.minmea_gettime)
    minmea_parse_gga                         0x08006e29   Thumb Code   114  minmea.o(i.minmea_parse_gga)
    minmea_parse_gst                         0x08006eb1   Thumb Code    78  minmea.o(i.minmea_parse_gst)
    minmea_parse_gsv                         0x08006f11   Thumb Code   112  minmea.o(i.minmea_parse_gsv)
    minmea_parse_rmc                         0x08006f9d   Thumb Code   132  minmea.o(i.minmea_parse_rmc)
    minmea_scan                              0x08007035   Thumb Code   918  minmea.o(i.minmea_scan)
    minmea_sentence_id                       0x080073d5   Thumb Code   136  minmea.o(i.minmea_sentence_id)
    my_1wire_read_bit                        0x08007479   Thumb Code    58  my_1wire.o(i.my_1wire_read_bit)
    my_1wire_read_byte                       0x080074b3   Thumb Code    28  my_1wire.o(i.my_1wire_read_byte)
    my_1wire_read_bytes                      0x080074cf   Thumb Code    24  my_1wire.o(i.my_1wire_read_bytes)
    my_1wire_reset                           0x080074e7   Thumb Code    70  my_1wire.o(i.my_1wire_reset)
    my_1wire_write_bit                       0x0800752d   Thumb Code    72  my_1wire.o(i.my_1wire_write_bit)
    my_1wire_write_byte                      0x08007579   Thumb Code    28  my_1wire.o(i.my_1wire_write_byte)
    my_usb_init                              0x08007595   Thumb Code    18  my_usb.o(i.my_usb_init)
    osDelay                                  0x080075b1   Thumb Code    16  cmsis_os.o(i.osDelay)
    osKernelStart                            0x080075c1   Thumb Code    10  cmsis_os.o(i.osKernelStart)
    osSystickHandler                         0x080075cb   Thumb Code    16  cmsis_os.o(i.osSystickHandler)
    osThreadCreate                           0x080075db   Thumb Code    46  cmsis_os.o(i.osThreadCreate)
    parse_gps                                0x08007609   Thumb Code    80  minmea.o(i.parse_gps)
    pvPortMalloc                             0x08007889   Thumb Code    68  heap_1.o(i.pvPortMalloc)
    pxPortInitialiseStack                    0x080078d9   Thumb Code    28  port.o(i.pxPortInitialiseStack)
    rtc_gps_calib                            0x080078f9   Thumb Code   102  helpers.o(i.rtc_gps_calib)
    setup_task                               0x08007991   Thumb Code   238  my_tasks.o(i.setup_task)
    sin                                      0x08007aad   Thumb Code   146  sin.o(i.sin)
    spi_send                                 0x08007b49   Thumb Code    84  my_tasks.o(i.spi_send)
    start_animation                          0x08007ba5   Thumb Code    38  animations.o(i.start_animation)
    test_task_start                          0x08007bd1   Thumb Code   286  my_tasks.o(i.test_task_start)
    timegm                                   0x08007d11   Thumb Code   140  minmea.o(i.timegm)
    tube_print2                              0x08007da5   Thumb Code    62  animations.o(i.tube_print2)
    unix_ts_2_datetime                       0x08007de3   Thumb Code    88  helpers.o(i.unix_ts_2_datetime)
    utc_offset_trim                          0x08007e3b   Thumb Code    20  config.o(i.utc_offset_trim)
    uxListRemove                             0x08007e4f   Thumb Code    36  list.o(i.uxListRemove)
    vListInitialise                          0x08007e73   Thumb Code    22  list.o(i.vListInitialise)
    vListInitialiseItem                      0x08007e89   Thumb Code     6  list.o(i.vListInitialiseItem)
    vListInsert                              0x08007e8f   Thumb Code    48  list.o(i.vListInsert)
    vListInsertEnd                           0x08007ebf   Thumb Code    24  list.o(i.vListInsertEnd)
    vPortEnterCritical                       0x08007ed9   Thumb Code    20  port.o(i.vPortEnterCritical)
    vPortExitCritical                        0x08007ef1   Thumb Code    22  port.o(i.vPortExitCritical)
    vPortFree                                0x08007f0d   Thumb Code    10  heap_1.o(i.vPortFree)
    vPortSetupTimerInterrupt                 0x08007f19   Thumb Code    26  port.o(i.vPortSetupTimerInterrupt)
    vPortYield                               0x08007f3d   Thumb Code    18  port.o(i.vPortYield)
    vTaskDelay                               0x08007f55   Thumb Code    44  tasks.o(i.vTaskDelay)
    vTaskStartScheduler                      0x08007f85   Thumb Code    58  tasks.o(i.vTaskStartScheduler)
    vTaskSuspendAll                          0x08007fd1   Thumb Code    10  tasks.o(i.vTaskSuspendAll)
    vTaskSwitchContext                       0x08007fe1   Thumb Code    78  tasks.o(i.vTaskSwitchContext)
    xPortStartScheduler                      0x08008039   Thumb Code    40  port.o(i.xPortStartScheduler)
    xPortSysTickHandler                      0x08008069   Thumb Code    32  port.o(i.xPortSysTickHandler)
    xTaskCreate                              0x0800808d   Thumb Code    78  tasks.o(i.xTaskCreate)
    xTaskGetSchedulerState                   0x080080dd   Thumb Code    26  tasks.o(i.xTaskGetSchedulerState)
    xTaskIncrementTick                       0x080080fd   Thumb Code   180  tasks.o(i.xTaskIncrementTick)
    xTaskResumeAll                           0x080081b9   Thumb Code   164  tasks.o(i.xTaskResumeAll)
    disable_gll                              0x080082c0   Data          11  gps_config.o(.constdata)
    disable_gsa                              0x080082cb   Data          11  gps_config.o(.constdata)
    disable_gsv                              0x080082d6   Data          11  gps_config.o(.constdata)
    disable_vtg                              0x080082e1   Data          11  gps_config.o(.constdata)
    disable_gga                              0x080082ec   Data          11  gps_config.o(.constdata)
    disable_sbas                             0x080082f7   Data          16  gps_config.o(.constdata)
    pos_mode_stationary                      0x08008307   Data          44  gps_config.o(.constdata)
    pwr_full_power                           0x08008333   Data          16  gps_config.o(.constdata)
    tp_1hz                                   0x08008343   Data          40  gps_config.o(.constdata)
    AHBPrescTable                            0x0800839c   Data          16  system_stm32f0xx.o(.constdata)
    APBPrescTable                            0x080083ac   Data           8  system_stm32f0xx.o(.constdata)
    __ctype_table                            0x080083b4   Data         129  ctype_o.o(.constdata)
    Region$$Table$$Base                      0x080085b0   Number         0  anon$$obj.o(Region$$Table)
    Region$$Table$$Limit                     0x080085d0   Number         0  anon$$obj.o(Region$$Table)
    defaultTaskHandle                        0x20000000   Data           4  main.o(.data)
    FS_Desc                                  0x20000004   Data          28  usbd_desc.o(.data)
    USBD_LangIDDesc                          0x20000020   Data           4  usbd_desc.o(.data)
    USBD_FS_DeviceDesc                       0x20000024   Data          18  usbd_desc.o(.data)
    USBD_Interface_fops_FS                   0x20000038   Data          16  usbd_cdc_if.o(.data)
    ls_index                                 0x20000048   Data           1  helpers.o(.data)
    date_to_update                           0x20000050   Data           4  helpers.o(.data)
    rtc_current_date                         0x20000054   Data           4  helpers.o(.data)
    port_opened                              0x20000058   Data           4  my_usb.o(.data)
    gps_byte_buf                             0x20000060   Data           1  my_tasks.o(.data)
    year                                     0x20000061   Data           1  my_tasks.o(.data)
    month                                    0x20000062   Data           1  my_tasks.o(.data)
    day                                      0x20000063   Data           1  my_tasks.o(.data)
    hour                                     0x20000064   Data           1  my_tasks.o(.data)
    minute                                   0x20000065   Data           1  my_tasks.o(.data)
    second                                   0x20000066   Data           1  my_tasks.o(.data)
    display_mode                             0x20000067   Data           1  my_tasks.o(.data)
    is_in_setup_mode                         0x20000068   Data           1  my_tasks.o(.data)
    use_24hour                               0x20000069   Data           1  my_tasks.o(.data)
    utc_offset                               0x2000006a   Data           1  my_tasks.o(.data)
    raw_temp                                 0x2000006c   Data           2  my_tasks.o(.data)
    rgb_orange                               0x2000006e   Data           3  my_tasks.o(.data)
    rgb_purple                               0x20000071   Data           3  my_tasks.o(.data)
    frame_counter                            0x20000074   Data           4  my_tasks.o(.data)
    current_time                             0x20000078   Data           4  my_tasks.o(.data)
    brightness_modifier                      0x20000080   Data           8  my_tasks.o(.data)
    up_button                                0x20000088   Data           8  my_tasks.o(.data)
    down_button                              0x20000090   Data           8  my_tasks.o(.data)
    us_timer                                 0x20000098   Data           4  delay_us.o(.data)
    SystemCoreClock                          0x2000009c   Data           4  system_stm32f0xx.o(.data)
    uwTick                                   0x200000a0   Data           4  stm32f0xx_hal.o(.data)
    pxCurrentTCB                             0x200000a4   Data           4  tasks.o(.data)
    USBD_CDC_CfgHSDesc                       0x20000100   Data          67  usbd_cdc.o(.data)
    USBD_CDC_CfgFSDesc                       0x20000144   Data          67  usbd_cdc.o(.data)
    USBD_CDC_OtherSpeedCfgDesc               0x20000188   Data          67  usbd_cdc.o(.data)
    USBD_CDC                                 0x200001cc   Data          56  usbd_cdc.o(.data)
    __stdout                                 0x20000204   Data           4  stdout.o(.data)
    __microlib_freelist                      0x20000208   Data           4  mvars.o(.data)
    __microlib_freelist_initialised          0x2000020c   Data           4  mvars.o(.data)
    hadc                                     0x20000214   Data          76  main.o(.bss)
    hi2c1                                    0x20000260   Data          76  main.o(.bss)
    hiwdg                                    0x200002ac   Data          16  main.o(.bss)
    hrtc                                     0x200002bc   Data          32  main.o(.bss)
    hspi1                                    0x200002dc   Data         100  main.o(.bss)
    htim2                                    0x20000340   Data          64  main.o(.bss)
    huart1                                   0x20000380   Data         112  main.o(.bss)
    huart3                                   0x200003f0   Data         112  main.o(.bss)
    hpcd_USB_FS                              0x20000680   Data         544  usbd_conf.o(.bss)
    htim7                                    0x200008a0   Data          64  stm32f0xx_hal_timebase_tim.o(.bss)
    USBD_StrDesc                             0x200008e0   Data         512  usbd_desc.o(.bss)
    hUsbDeviceFS                             0x20000ae0   Data         548  usb_device.o(.bss)
    UserRxBufferFS                           0x20000d04   Data         128  usbd_cdc_if.o(.bss)
    UserTxBufferFS                           0x20000d84   Data         128  usbd_cdc_if.o(.bss)
    time_to_update                           0x20000e04   Data          20  helpers.o(.bss)
    rtc_current_time                         0x20000e18   Data          20  helpers.o(.bss)
    avg_arr                                  0x20000e2c   Data         128  helpers.o(.bss)
    usb_recv_buf                             0x20000eac   Data          16  my_usb.o(.bss)
    usb_line_buf                             0x20000ebc   Data         128  my_usb.o(.bss)
    spi_buf                                  0x20000f40   Data          16  my_tasks.o(.bss)
    tube_animation                           0x20000f50   Data         168  my_tasks.o(.bss)
    rgb_animation                            0x20000ff8   Data         336  my_tasks.o(.bss)
    gps_lb                                   0x20001148   Data          16  my_tasks.o(.bss)
    gps_rmc                                  0x20001158   Data          72  my_tasks.o(.bss)
    gps_gga                                  0x200011a0   Data          76  my_tasks.o(.bss)
    gps_gsa                                  0x200011ec   Data          80  my_tasks.o(.bss)
    gps_gll                                  0x2000123c   Data          36  my_tasks.o(.bss)
    gps_gst                                  0x20001260   Data          72  my_tasks.o(.bss)
    gps_gsv                                  0x200012a8   Data          76  my_tasks.o(.bss)
    ds18b20_buf                              0x200012f4   Data           9  ds18b20.o(.bss)
    __heap_base                              0x200023f0   Data           0  startup_stm32f072xb.o(HEAP)
    __heap_limit                             0x200025f0   Data           0  startup_stm32f072xb.o(HEAP)
    __initial_sp                             0x200029f0   Data           0  startup_stm32f072xb.o(STACK)



==============================================================================

Memory Map of the image

  Image Entry point : 0x080000c1

  Load Region LR_IROM1 (Base: 0x08000000, Size: 0x000087e4, Max: 0x00010000, ABSOLUTE, COMPRESSED[0x000086a4])

    Execution Region ER_IROM1 (Base: 0x08000000, Size: 0x000085d0, Max: 0x00010000, ABSOLUTE)

    Base Addr    Size         Type   Attr      Idx    E Section Name        Object

    0x08000000   0x000000c0   Data   RO         1580    RESET               startup_stm32f072xb.o
    0x080000c0   0x00000000   Code   RO         6705  * .ARM.Collect$$$$00000000  mc_p.l(entry.o)
    0x080000c0   0x00000004   Code   RO         7094    .ARM.Collect$$$$00000001  mc_p.l(entry2.o)
    0x080000c4   0x00000004   Code   RO         7097    .ARM.Collect$$$$00000004  mc_p.l(entry5.o)
    0x080000c8   0x00000000   Code   RO         7099    .ARM.Collect$$$$00000008  mc_p.l(entry7b.o)
    0x080000c8   0x00000000   Code   RO         7101    .ARM.Collect$$$$0000000A  mc_p.l(entry8b.o)
    0x080000c8   0x00000008   Code   RO         7102    .ARM.Collect$$$$0000000B  mc_p.l(entry9a.o)
    0x080000d0   0x00000000   Code   RO         7104    .ARM.Collect$$$$0000000D  mc_p.l(entry10a.o)
    0x080000d0   0x00000000   Code   RO         7106    .ARM.Collect$$$$0000000F  mc_p.l(entry11a.o)
    0x080000d0   0x00000004   Code   RO         7095    .ARM.Collect$$$$00002712  mc_p.l(entry2.o)
    0x080000d4   0x00000078   Code   RO         6265    .emb_text           port.o
    0x0800014c   0x0000001c   Code   RO         1581    .text               startup_stm32f072xb.o
    0x08000168   0x0000002c   Code   RO         6708    .text               mc_p.l(uidiv.o)
    0x08000194   0x00000028   Code   RO         6710    .text               mc_p.l(idiv.o)
    0x080001bc   0x00000022   Code   RO         6712    .text               mc_p.l(llushr.o)
    0x080001de   0x00000002   PAD
    0x080001e0   0x00000008   Code   RO         6714    .text               mc_p.l(ctype_o.o)
    0x080001e8   0x0000008c   Code   RO         6742    .text               mc_p.l(mktime.o)
    0x08000274   0x00000024   Code   RO         6745    .text               mc_p.l(memcpya.o)
    0x08000298   0x00000024   Code   RO         6747    .text               mc_p.l(memseta.o)
    0x080002bc   0x0000000e   Code   RO         6749    .text               mc_p.l(strlen.o)
    0x080002ca   0x0000001c   Code   RO         6751    .text               mc_p.l(strcmp.o)
    0x080002e6   0x00000002   PAD
    0x080002e8   0x00000070   Code   RO         7046    .text               mc_p.l(strtol.o)
    0x08000358   0x00000164   Code   RO         7048    .text               mf_p.l(dadd.o)
    0x080004bc   0x000000d0   Code   RO         7050    .text               mf_p.l(dmul.o)
    0x0800058c   0x000000f0   Code   RO         7052    .text               mf_p.l(ddiv.o)
    0x0800067c   0x00000028   Code   RO         7054    .text               mf_p.l(dflti.o)
    0x080006a4   0x0000001c   Code   RO         7056    .text               mf_p.l(dfltui.o)
    0x080006c0   0x0000003c   Code   RO         7058    .text               mf_p.l(dfixui.o)
    0x080006fc   0x00000028   Code   RO         7060    .text               mf_p.l(cdcmple.o)
    0x08000724   0x00000028   Code   RO         7062    .text               mf_p.l(cdrcmple.o)
    0x0800074c   0x00000060   Code   RO         7109    .text               mc_p.l(uldiv.o)
    0x080007ac   0x00000020   Code   RO         7111    .text               mc_p.l(llshl.o)
    0x080007cc   0x00000026   Code   RO         7113    .text               mc_p.l(llsshr.o)
    0x080007f2   0x00000002   PAD
    0x080007f4   0x00000074   Code   RO         7118    .text               mc_p.l(localtime_i.o)
    0x08000868   0x000000a6   Code   RO         7130    .text               mc_p.l(_strtoul.o)
    0x0800090e   0x00000000   Code   RO         7132    .text               mc_p.l(iusefp.o)
    0x0800090e   0x000000be   Code   RO         7133    .text               mf_p.l(depilogue.o)
    0x080009cc   0x00000024   Code   RO         7143    .text               mc_p.l(init.o)
    0x080009f0   0x0000001e   Code   RO         7145    .text               mc_p.l(_chval.o)
    0x08000a0e   0x0000002c   Code   RO         7147    .text               mf_p.l(dscalb.o)
    0x08000a3a   0x00000002   PAD
    0x08000a3c   0x00000048   Code   RO         7149    .text               mf_p.l(dfixi.o)
    0x08000a84   0x00000056   Code   RO         7159    .text               mc_p.l(__dczerorl2.o)
    0x08000ada   0x00000052   Code   RO         4846    i.ADC_ConversionStop  stm32f0xx_hal_adc.o
    0x08000b2c   0x00000066   Code   RO         4850    i.ADC_Disable       stm32f0xx_hal_adc.o
    0x08000b92   0x00000002   PAD
    0x08000b94   0x00000084   Code   RO         4851    i.ADC_Enable        stm32f0xx_hal_adc.o
    0x08000c18   0x00000038   Code   RO          851    i.CDC_Control_FS    usbd_cdc_if.o
    0x08000c50   0x00000004   Code   RO          852    i.CDC_DeInit_FS     usbd_cdc_if.o
    0x08000c54   0x00000024   Code   RO          853    i.CDC_Init_FS       usbd_cdc_if.o
    0x08000c78   0x00000028   Code   RO          854    i.CDC_Receive_FS    usbd_cdc_if.o
    0x08000ca0   0x0000000c   Code   RO            3    i.EXTI4_15_IRQHandler  stm32f0xx_it.o
    0x08000cac   0x0000012c   Code   RO         4853    i.HAL_ADC_ConfigChannel  stm32f0xx_hal_adc.o
    0x08000dd8   0x00000006   Code   RO         4860    i.HAL_ADC_GetValue  stm32f0xx_hal_adc.o
    0x08000dde   0x00000002   PAD
    0x08000de0   0x00000174   Code   RO         4862    i.HAL_ADC_Init      stm32f0xx_hal_adc.o
    0x08000f54   0x00000040   Code   RO          391    i.HAL_ADC_MspInit   stm32f0xx_hal_msp.o
    0x08000f94   0x000000be   Code   RO         4866    i.HAL_ADC_PollForConversion  stm32f0xx_hal_adc.o
    0x08001052   0x00000002   PAD
    0x08001054   0x0000005c   Code   RO         4868    i.HAL_ADC_Start     stm32f0xx_hal_adc.o
    0x080010b0   0x0000003e   Code   RO         4871    i.HAL_ADC_Stop      stm32f0xx_hal_adc.o
    0x080010ee   0x00000048   Code   RO         3859    i.HAL_DMA_Abort_IT  stm32f0xx_hal_dma.o
    0x08001136   0x0000001c   Code   RO         3570    i.HAL_Delay         stm32f0xx_hal.o
    0x08001152   0x00000002   PAD
    0x08001154   0x00000120   Code   RO         1040    i.HAL_GPIO_EXTI_Callback  my_tasks.o
    0x08001274   0x00000018   Code   RO         1683    i.HAL_GPIO_EXTI_IRQHandler  stm32f0xx_hal_gpio.o
    0x0800128c   0x00000158   Code   RO         1684    i.HAL_GPIO_Init     stm32f0xx_hal_gpio.o
    0x080013e4   0x0000000a   Code   RO         1686    i.HAL_GPIO_ReadPin  stm32f0xx_hal_gpio.o
    0x080013ee   0x00000008   Code   RO         1687    i.HAL_GPIO_TogglePin  stm32f0xx_hal_gpio.o
    0x080013f6   0x0000000c   Code   RO         1688    i.HAL_GPIO_WritePin  stm32f0xx_hal_gpio.o
    0x08001402   0x00000002   PAD
    0x08001404   0x0000000c   Code   RO         3574    i.HAL_GetTick       stm32f0xx_hal.o
    0x08001410   0x0000004a   Code   RO         3952    i.HAL_I2CEx_ConfigAnalogFilter  stm32f0xx_hal_i2c_ex.o
    0x0800145a   0x00000048   Code   RO         3953    i.HAL_I2CEx_ConfigDigitalFilter  stm32f0xx_hal_i2c_ex.o
    0x080014a2   0x00000002   PAD
    0x080014a4   0x000000b4   Code   RO         4013    i.HAL_I2C_Init      stm32f0xx_hal_i2c.o
    0x08001558   0x0000011c   Code   RO         4014    i.HAL_I2C_IsDeviceReady  stm32f0xx_hal_i2c.o
    0x08001674   0x00000118   Code   RO         4019    i.HAL_I2C_Master_Receive  stm32f0xx_hal_i2c.o
    0x0800178c   0x00000118   Code   RO         4024    i.HAL_I2C_Master_Transmit  stm32f0xx_hal_i2c.o
    0x080018a4   0x0000004c   Code   RO          393    i.HAL_I2C_MspInit   stm32f0xx_hal_msp.o
    0x080018f0   0x00000064   Code   RO         5367    i.HAL_IWDG_Init     stm32f0xx_hal_iwdg.o
    0x08001954   0x00000010   Code   RO         5368    i.HAL_IWDG_Refresh  stm32f0xx_hal_iwdg.o
    0x08001964   0x00000010   Code   RO         3578    i.HAL_IncTick       stm32f0xx_hal.o
    0x08001974   0x00000020   Code   RO         3579    i.HAL_Init          stm32f0xx_hal.o
    0x08001994   0x00000078   Code   RO          717    i.HAL_InitTick      stm32f0xx_hal_timebase_tim.o
    0x08001a0c   0x00000038   Code   RO          394    i.HAL_MspInit       stm32f0xx_hal_msp.o
    0x08001a44   0x00000014   Code   RO         1589    i.HAL_NVIC_EnableIRQ  stm32f0xx_hal_cortex.o
    0x08001a58   0x00000008   Code   RO         1593    i.HAL_NVIC_SetPriority  stm32f0xx_hal_cortex.o
    0x08001a60   0x0000001c   Code   RO         1594    i.HAL_NVIC_SystemReset  stm32f0xx_hal_cortex.o
    0x08001a7c   0x0000003a   Code   RO         3324    i.HAL_PCDEx_PMAConfig  stm32f0xx_hal_pcd_ex.o
    0x08001ab6   0x00000018   Code   RO          484    i.HAL_PCD_DataInStageCallback  usbd_conf.o
    0x08001ace   0x0000001c   Code   RO          485    i.HAL_PCD_DataOutStageCallback  usbd_conf.o
    0x08001aea   0x00000002   PAD
    0x08001aec   0x00000168   Code   RO         3353    i.HAL_PCD_EP_Close  stm32f0xx_hal_pcd.o
    0x08001c54   0x000000b4   Code   RO         3354    i.HAL_PCD_EP_ClrStall  stm32f0xx_hal_pcd.o
    0x08001d08   0x00000014   Code   RO         3356    i.HAL_PCD_EP_GetRxCount  stm32f0xx_hal_pcd.o
    0x08001d1c   0x000002a4   Code   RO         3357    i.HAL_PCD_EP_Open   stm32f0xx_hal_pcd.o
    0x08001fc0   0x00000138   Code   RO         3358    i.HAL_PCD_EP_Receive  stm32f0xx_hal_pcd.o
    0x080020f8   0x00000094   Code   RO         3359    i.HAL_PCD_EP_SetStall  stm32f0xx_hal_pcd.o
    0x0800218c   0x00000194   Code   RO         3360    i.HAL_PCD_EP_Transmit  stm32f0xx_hal_pcd.o
    0x08002320   0x0000010c   Code   RO         3362    i.HAL_PCD_IRQHandler  stm32f0xx_hal_pcd.o
    0x0800242c   0x0000009a   Code   RO         3365    i.HAL_PCD_Init      stm32f0xx_hal_pcd.o
    0x080024c6   0x00000002   PAD
    0x080024c8   0x00000038   Code   RO          490    i.HAL_PCD_MspInit   usbd_conf.o
    0x08002500   0x00000018   Code   RO          491    i.HAL_PCD_ResetCallback  usbd_conf.o
    0x08002518   0x0000002c   Code   RO          492    i.HAL_PCD_ResumeCallback  usbd_conf.o
    0x08002544   0x00000010   Code   RO          493    i.HAL_PCD_SOFCallback  usbd_conf.o
    0x08002554   0x0000002c   Code   RO         3371    i.HAL_PCD_SetAddress  stm32f0xx_hal_pcd.o
    0x08002580   0x00000016   Code   RO          494    i.HAL_PCD_SetupStageCallback  usbd_conf.o
    0x08002596   0x00000012   Code   RO         3373    i.HAL_PCD_Start     stm32f0xx_hal_pcd.o
    0x080025a8   0x00000028   Code   RO          495    i.HAL_PCD_SuspendCallback  usbd_conf.o
    0x080025d0   0x00000120   Code   RO         3781    i.HAL_RCCEx_PeriphCLKConfig  stm32f0xx_hal_rcc_ex.o
    0x080026f0   0x00000154   Code   RO         1744    i.HAL_RCC_ClockConfig  stm32f0xx_hal_rcc.o
    0x08002844   0x00000038   Code   RO         1748    i.HAL_RCC_GetClockConfig  stm32f0xx_hal_rcc.o
    0x0800287c   0x0000000c   Code   RO         1749    i.HAL_RCC_GetHCLKFreq  stm32f0xx_hal_rcc.o
    0x08002888   0x00000020   Code   RO         1751    i.HAL_RCC_GetPCLK1Freq  stm32f0xx_hal_rcc.o
    0x080028a8   0x00000088   Code   RO         1752    i.HAL_RCC_GetSysClockFreq  stm32f0xx_hal_rcc.o
    0x08002930   0x000003d8   Code   RO         1755    i.HAL_RCC_OscConfig  stm32f0xx_hal_rcc.o
    0x08002d08   0x0000000c   Code   RO         5155    i.HAL_RTCEx_BKUPRead  stm32f0xx_hal_rtc_ex.o
    0x08002d14   0x0000000c   Code   RO         5156    i.HAL_RTCEx_BKUPWrite  stm32f0xx_hal_rtc_ex.o
    0x08002d20   0x00000044   Code   RO         5027    i.HAL_RTC_GetDate   stm32f0xx_hal_rtc.o
    0x08002d64   0x0000005c   Code   RO         5029    i.HAL_RTC_GetTime   stm32f0xx_hal_rtc.o
    0x08002dc0   0x000000b4   Code   RO         5030    i.HAL_RTC_Init      stm32f0xx_hal_rtc.o
    0x08002e74   0x00000020   Code   RO          396    i.HAL_RTC_MspInit   stm32f0xx_hal_msp.o
    0x08002e94   0x000000c8   Code   RO         5036    i.HAL_RTC_SetDate   stm32f0xx_hal_rtc.o
    0x08002f5c   0x000000e4   Code   RO         5037    i.HAL_RTC_SetTime   stm32f0xx_hal_rtc.o
    0x08003040   0x00000034   Code   RO         5038    i.HAL_RTC_WaitForSynchro  stm32f0xx_hal_rtc.o
    0x08003074   0x000000b8   Code   RO         1846    i.HAL_SPI_Init      stm32f0xx_hal_spi.o
    0x0800312c   0x00000048   Code   RO          398    i.HAL_SPI_MspInit   stm32f0xx_hal_msp.o
    0x08003174   0x00000170   Code   RO         1854    i.HAL_SPI_Transmit  stm32f0xx_hal_spi.o
    0x080032e4   0x00000018   Code   RO         1595    i.HAL_SYSTICK_CLKSourceConfig  stm32f0xx_hal_cortex.o
    0x080032fc   0x00000030   Code   RO         1597    i.HAL_SYSTICK_Config  stm32f0xx_hal_cortex.o
    0x0800332c   0x00000002   Code   RO         2158    i.HAL_TIMEx_BreakCallback  stm32f0xx_hal_tim_ex.o
    0x0800332e   0x00000002   Code   RO         2159    i.HAL_TIMEx_CommutationCallback  stm32f0xx_hal_tim_ex.o
    0x08003330   0x00000048   Code   RO         2175    i.HAL_TIMEx_MasterConfigSynchronization  stm32f0xx_hal_tim_ex.o
    0x08003378   0x00000034   Code   RO         2687    i.HAL_TIM_Base_Init  stm32f0xx_hal_tim.o
    0x080033ac   0x00000024   Code   RO          400    i.HAL_TIM_Base_MspInit  stm32f0xx_hal_msp.o
    0x080033d0   0x00000018   Code   RO         2690    i.HAL_TIM_Base_Start  stm32f0xx_hal_tim.o
    0x080033e8   0x00000016   Code   RO         2692    i.HAL_TIM_Base_Start_IT  stm32f0xx_hal_tim.o
    0x080033fe   0x000000ee   Code   RO         2696    i.HAL_TIM_ConfigClockSource  stm32f0xx_hal_tim.o
    0x080034ec   0x00000002   Code   RO         2718    i.HAL_TIM_IC_CaptureCallback  stm32f0xx_hal_tim.o
    0x080034ee   0x00000162   Code   RO         2731    i.HAL_TIM_IRQHandler  stm32f0xx_hal_tim.o
    0x08003650   0x00000002   Code   RO         2734    i.HAL_TIM_OC_DelayElapsedCallback  stm32f0xx_hal_tim.o
    0x08003652   0x00000002   Code   RO         2761    i.HAL_TIM_PWM_PulseFinishedCallback  stm32f0xx_hal_tim.o
    0x08003654   0x00000014   Code   RO          230    i.HAL_TIM_PeriodElapsedCallback  main.o
    0x08003668   0x00000002   Code   RO         2772    i.HAL_TIM_TriggerCallback  stm32f0xx_hal_tim.o
    0x0800366a   0x00000002   Code   RO         4771    i.HAL_UARTEx_WakeupCallback  stm32f0xx_hal_uart_ex.o
    0x0800366c   0x00000024   Code   RO          231    i.HAL_UART_ErrorCallback  main.o
    0x08003690   0x00000134   Code   RO         4449    i.HAL_UART_IRQHandler  stm32f0xx_hal_uart.o
    0x080037c4   0x0000006c   Code   RO         4450    i.HAL_UART_Init     stm32f0xx_hal_uart.o
    0x08003830   0x00000084   Code   RO          402    i.HAL_UART_MspInit  stm32f0xx_hal_msp.o
    0x080038b4   0x000000a0   Code   RO         4455    i.HAL_UART_Receive_IT  stm32f0xx_hal_uart.o
    0x08003954   0x00000030   Code   RO          232    i.HAL_UART_RxCpltCallback  main.o
    0x08003984   0x000000c8   Code   RO         4458    i.HAL_UART_Transmit  stm32f0xx_hal_uart.o
    0x08003a4c   0x00000002   Code   RO         4461    i.HAL_UART_TxCpltCallback  stm32f0xx_hal_uart.o
    0x08003a4e   0x00000002   Code   RO            4    i.HardFault_Handler  stm32f0xx_it.o
    0x08003a50   0x00000022   Code   RO         4055    i.I2C_Flush_TXDR    stm32f0xx_hal_i2c.o
    0x08003a72   0x00000002   PAD
    0x08003a74   0x00000074   Code   RO         4063    i.I2C_IsAcknowledgeFailed  stm32f0xx_hal_i2c.o
    0x08003ae8   0x00000024   Code   RO         4070    i.I2C_TransferConfig  stm32f0xx_hal_i2c.o
    0x08003b0c   0x00000048   Code   RO         4071    i.I2C_WaitOnFlagUntilTimeout  stm32f0xx_hal_i2c.o
    0x08003b54   0x00000078   Code   RO         4072    i.I2C_WaitOnRXNEFlagUntilTimeout  stm32f0xx_hal_i2c.o
    0x08003bcc   0x0000004e   Code   RO         4073    i.I2C_WaitOnSTOPFlagUntilTimeout  stm32f0xx_hal_i2c.o
    0x08003c1a   0x00000052   Code   RO         4074    i.I2C_WaitOnTXISFlagUntilTimeout  stm32f0xx_hal_i2c.o
    0x08003c6c   0x0000005c   Code   RO          233    i.MX_ADC_Init       main.o
    0x08003cc8   0x00000108   Code   RO          234    i.MX_GPIO_Init      main.o
    0x08003dd0   0x00000054   Code   RO          235    i.MX_I2C1_Init      main.o
    0x08003e24   0x00000084   Code   RO          236    i.MX_RTC_Init       main.o
    0x08003ea8   0x0000004c   Code   RO          237    i.MX_SPI1_Init      main.o
    0x08003ef4   0x00000054   Code   RO          238    i.MX_TIM2_Init      main.o
    0x08003f48   0x0000003c   Code   RO          239    i.MX_USART1_UART_Init  main.o
    0x08003f84   0x00000038   Code   RO          240    i.MX_USART3_UART_Init  main.o
    0x08003fbc   0x00000034   Code   RO          817    i.MX_USB_DEVICE_Init  usb_device.o
    0x08003ff0   0x00000002   Code   RO            5    i.NMI_Handler       stm32f0xx_it.o
    0x08003ff2   0x00000002   PAD
    0x08003ff4   0x00000044   Code   RO         1599    i.NVIC_SetPriority  stm32f0xx_hal_cortex.o
    0x08004038   0x00000338   Code   RO         3376    i.PCD_EP_ISR_Handler  stm32f0xx_hal_pcd.o
    0x08004370   0x0000002a   Code   RO         3377    i.PCD_ReadPMA       stm32f0xx_hal_pcd.o
    0x0800439a   0x00000026   Code   RO         3378    i.PCD_WritePMA      stm32f0xx_hal_pcd.o
    0x080043c0   0x00000010   Code   RO         5039    i.RTC_Bcd2ToByte    stm32f0xx_hal_rtc.o
    0x080043d0   0x00000016   Code   RO         5040    i.RTC_ByteToBcd2    stm32f0xx_hal_rtc.o
    0x080043e6   0x00000038   Code   RO         5041    i.RTC_EnterInitMode  stm32f0xx_hal_rtc.o
    0x0800441e   0x0000004c   Code   RO         1884    i.SPI_EndRxTxTransaction  stm32f0xx_hal_spi.o
    0x0800446a   0x00000096   Code   RO         1889    i.SPI_WaitFifoStateUntilTimeout  stm32f0xx_hal_spi.o
    0x08004500   0x0000008c   Code   RO         1890    i.SPI_WaitFlagStateUntilTimeout  stm32f0xx_hal_spi.o
    0x0800458c   0x00000002   Code   RO         6266    i.SVC_Handler       port.o
    0x0800458e   0x0000000c   Code   RO          241    i.StartDefaultTask  main.o
    0x0800459a   0x00000008   Code   RO            6    i.SysTick_Handler   stm32f0xx_it.o
    0x080045a2   0x00000002   PAD
    0x080045a4   0x00000094   Code   RO          242    i.SystemClock_Config  main.o
    0x08004638   0x0000005c   Code   RO         1547    i.SystemInit        system_stm32f0xx.o
    0x08004694   0x00000010   Code   RO            7    i.TIM7_IRQHandler   stm32f0xx_it.o
    0x080046a4   0x00000094   Code   RO         2773    i.TIM_Base_SetConfig  stm32f0xx_hal_tim.o
    0x08004738   0x00000016   Code   RO         2780    i.TIM_ETR_SetConfig  stm32f0xx_hal_tim.o
    0x0800474e   0x00000010   Code   RO         2781    i.TIM_ITRx_SetConfig  stm32f0xx_hal_tim.o
    0x0800475e   0x00000022   Code   RO         2787    i.TIM_TI1_ConfigInputStage  stm32f0xx_hal_tim.o
    0x08004780   0x00000026   Code   RO         2789    i.TIM_TI2_ConfigInputStage  stm32f0xx_hal_tim.o
    0x080047a6   0x000000ca   Code   RO         4463    i.UART_AdvFeatureConfig  stm32f0xx_hal_uart.o
    0x08004870   0x00000074   Code   RO         4464    i.UART_CheckIdleState  stm32f0xx_hal_uart.o
    0x080048e4   0x00000014   Code   RO         4465    i.UART_DMAAbortOnError  stm32f0xx_hal_uart.o
    0x080048f8   0x0000001e   Code   RO         4475    i.UART_EndRxTransfer  stm32f0xx_hal_uart.o
    0x08004916   0x0000001a   Code   RO         4476    i.UART_EndTransmit_IT  stm32f0xx_hal_uart.o
    0x08004930   0x0000007a   Code   RO         4478    i.UART_Receive_IT   stm32f0xx_hal_uart.o
    0x080049aa   0x00000002   PAD
    0x080049ac   0x0000015c   Code   RO         4479    i.UART_SetConfig    stm32f0xx_hal_uart.o
    0x08004b08   0x00000066   Code   RO         4480    i.UART_Transmit_IT  stm32f0xx_hal_uart.o
    0x08004b6e   0x00000062   Code   RO         4481    i.UART_WaitOnFlagUntilTimeout  stm32f0xx_hal_uart.o
    0x08004bd0   0x00000010   Code   RO            8    i.USART1_IRQHandler  stm32f0xx_it.o
    0x08004be0   0x0000001e   Code   RO         6533    i.USBD_CDC_DataIn   usbd_cdc.o
    0x08004bfe   0x00000034   Code   RO         6534    i.USBD_CDC_DataOut  usbd_cdc.o
    0x08004c32   0x0000003c   Code   RO         6535    i.USBD_CDC_DeInit   usbd_cdc.o
    0x08004c6e   0x00000028   Code   RO         6536    i.USBD_CDC_EP0_RxReady  usbd_cdc.o
    0x08004c96   0x00000002   PAD
    0x08004c98   0x0000000c   Code   RO         6537    i.USBD_CDC_GetDeviceQualifierDescriptor  usbd_cdc.o
    0x08004ca4   0x0000000c   Code   RO         6538    i.USBD_CDC_GetFSCfgDesc  usbd_cdc.o
    0x08004cb0   0x0000000c   Code   RO         6539    i.USBD_CDC_GetHSCfgDesc  usbd_cdc.o
    0x08004cbc   0x0000000c   Code   RO         6540    i.USBD_CDC_GetOtherSpeedCfgDesc  usbd_cdc.o
    0x08004cc8   0x0000008a   Code   RO         6541    i.USBD_CDC_Init     usbd_cdc.o
    0x08004d52   0x00000038   Code   RO         6542    i.USBD_CDC_ReceivePacket  usbd_cdc.o
    0x08004d8a   0x00000014   Code   RO         6543    i.USBD_CDC_RegisterInterface  usbd_cdc.o
    0x08004d9e   0x00000014   Code   RO         6544    i.USBD_CDC_SetRxBuffer  usbd_cdc.o
    0x08004db2   0x00000016   Code   RO         6545    i.USBD_CDC_SetTxBuffer  usbd_cdc.o
    0x08004dc8   0x00000074   Code   RO         6546    i.USBD_CDC_Setup    usbd_cdc.o
    0x08004e3c   0x00000010   Code   RO         6338    i.USBD_ClrClassConfig  usbd_core.o
    0x08004e4c   0x00000010   Code   RO         6635    i.USBD_CtlContinueRx  usbd_ioreq.o
    0x08004e5c   0x00000010   Code   RO         6636    i.USBD_CtlContinueSendData  usbd_ioreq.o
    0x08004e6c   0x00000014   Code   RO         6472    i.USBD_CtlError     usbd_ctlreq.o
    0x08004e80   0x00000020   Code   RO         6637    i.USBD_CtlPrepareRx  usbd_ioreq.o
    0x08004ea0   0x00000018   Code   RO         6638    i.USBD_CtlReceiveStatus  usbd_ioreq.o
    0x08004eb8   0x0000001c   Code   RO         6639    i.USBD_CtlSendData  usbd_ioreq.o
    0x08004ed4   0x00000018   Code   RO         6640    i.USBD_CtlSendStatus  usbd_ioreq.o
    0x08004eec   0x00000020   Code   RO          753    i.USBD_FS_ConfigStrDescriptor  usbd_desc.o
    0x08004f0c   0x0000000c   Code   RO          754    i.USBD_FS_DeviceDescriptor  usbd_desc.o
    0x08004f18   0x00000024   Code   RO          755    i.USBD_FS_InterfaceStrDescriptor  usbd_desc.o
    0x08004f3c   0x0000000c   Code   RO          756    i.USBD_FS_LangIDStrDescriptor  usbd_desc.o
    0x08004f48   0x00000028   Code   RO          757    i.USBD_FS_ManufacturerStrDescriptor  usbd_desc.o
    0x08004f70   0x0000002c   Code   RO          758    i.USBD_FS_ProductStrDescriptor  usbd_desc.o
    0x08004f9c   0x00000024   Code   RO          759    i.USBD_FS_SerialStrDescriptor  usbd_desc.o
    0x08004fc0   0x000000e0   Code   RO         6473    i.USBD_GetDescriptor  usbd_ctlreq.o
    0x080050a0   0x00000044   Code   RO         6474    i.USBD_GetString    usbd_ctlreq.o
    0x080050e4   0x00000032   Code   RO         6340    i.USBD_Init         usbd_core.o
    0x08005116   0x00000026   Code   RO          496    i.USBD_LL_ClearStallEP  usbd_conf.o
    0x0800513c   0x00000026   Code   RO          497    i.USBD_LL_CloseEP   usbd_conf.o
    0x08005162   0x000000b6   Code   RO         6341    i.USBD_LL_DataInStage  usbd_core.o
    0x08005218   0x00000074   Code   RO         6342    i.USBD_LL_DataOutStage  usbd_core.o
    0x0800528c   0x00000010   Code   RO          501    i.USBD_LL_GetRxDataSize  usbd_conf.o
    0x0800529c   0x000000a0   Code   RO          502    i.USBD_LL_Init      usbd_conf.o
    0x0800533c   0x00000024   Code   RO          503    i.USBD_LL_IsStallEP  usbd_conf.o
    0x08005360   0x0000002c   Code   RO          504    i.USBD_LL_OpenEP    usbd_conf.o
    0x0800538c   0x00000026   Code   RO          505    i.USBD_LL_PrepareReceive  usbd_conf.o
    0x080053b2   0x00000046   Code   RO         6347    i.USBD_LL_Reset     usbd_core.o
    0x080053f8   0x0000000c   Code   RO         6348    i.USBD_LL_Resume    usbd_core.o
    0x08005404   0x0000001e   Code   RO         6349    i.USBD_LL_SOF       usbd_core.o
    0x08005422   0x00000006   Code   RO         6350    i.USBD_LL_SetSpeed  usbd_core.o
    0x08005428   0x00000026   Code   RO          506    i.USBD_LL_SetUSBAddress  usbd_conf.o
    0x0800544e   0x0000005e   Code   RO         6351    i.USBD_LL_SetupStage  usbd_core.o
    0x080054ac   0x00000026   Code   RO          507    i.USBD_LL_StallEP   usbd_conf.o
    0x080054d2   0x00000026   Code   RO          508    i.USBD_LL_Start     usbd_conf.o
    0x080054f8   0x00000010   Code   RO         6352    i.USBD_LL_Suspend   usbd_core.o
    0x08005508   0x00000026   Code   RO          510    i.USBD_LL_Transmit  usbd_conf.o
    0x0800552e   0x00000028   Code   RO         6475    i.USBD_ParseSetupRequest  usbd_ctlreq.o
    0x08005556   0x00000016   Code   RO         6353    i.USBD_RegisterClass  usbd_core.o
    0x0800556c   0x0000001c   Code   RO         6355    i.USBD_SetClassConfig  usbd_core.o
    0x08005588   0x00000070   Code   RO         6476    i.USBD_SetConfig    usbd_ctlreq.o
    0x080055f8   0x0000000a   Code   RO         6356    i.USBD_Start        usbd_core.o
    0x08005602   0x000000ee   Code   RO         6477    i.USBD_StdDevReq    usbd_ctlreq.o
    0x080056f0   0x000000ea   Code   RO         6478    i.USBD_StdEPReq     usbd_ctlreq.o
    0x080057da   0x0000003a   Code   RO         6479    i.USBD_StdItfReq    usbd_ctlreq.o
    0x08005814   0x00000002   Code   RO          511    i.USBD_static_free  usbd_conf.o
    0x08005816   0x00000002   PAD
    0x08005818   0x00000008   Code   RO          512    i.USBD_static_malloc  usbd_conf.o
    0x08005820   0x00000010   Code   RO            9    i.USB_IRQHandler    stm32f0xx_it.o
    0x08005830   0x00000002   Code   RO          243    i._Error_Handler    main.o
    0x08005832   0x00000002   PAD
    0x08005834   0x00000020   Code   RO         6868    i.__0printf$4       mc_p.l(printf4.o)
    0x08005854   0x0000002e   Code   RO         7135    i.__ARM_clz         mf_p.l(depilogue.o)
    0x08005882   0x00000032   Code   RO         7086    i.__ARM_common_ll_muluu  m_ps.l(rred.o)
    0x080058b4   0x0000001a   Code   RO         1089    i.__ARM_common_switch8  my_tasks.o
    0x080058ce   0x00000002   PAD
    0x080058d0   0x0000002c   Code   RO         7139    i.__ARM_fpclassify  m_ps.l(fpclassify.o)
    0x080058fc   0x00000008   Code   RO         7123    i.__aeabi_errno_addr  mc_p.l(errno.o)
    0x08005904   0x0000039c   Code   RO         7081    i.__ieee754_rem_pio2  m_ps.l(rred.o)
    0x08005ca0   0x000000f4   Code   RO         7064    i.__kernel_cos      m_ps.l(cos_i.o)
    0x08005d94   0x000000ac   Code   RO         7141    i.__kernel_poly     m_ps.l(poly.o)
    0x08005e40   0x000000ec   Code   RO         7088    i.__kernel_sin      m_ps.l(sin_i.o)
    0x08005f2c   0x0000000a   Code   RO         7068    i.__mathlib_dbl_infnan  m_ps.l(dunder.o)
    0x08005f36   0x00000010   Code   RO         7070    i.__mathlib_dbl_invalid  m_ps.l(dunder.o)
    0x08005f46   0x00000002   PAD
    0x08005f48   0x00000014   Code   RO         7073    i.__mathlib_dbl_underflow  m_ps.l(dunder.o)
    0x08005f5c   0x0000000e   Code   RO         7153    i.__scatterload_copy  mc_p.l(handlers.o)
    0x08005f6a   0x00000002   Code   RO         7154    i.__scatterload_null  mc_p.l(handlers.o)
    0x08005f6c   0x0000000e   Code   RO         7155    i.__scatterload_zeroinit  mc_p.l(handlers.o)
    0x08005f7a   0x00000002   PAD
    0x08005f7c   0x00000134   Code   RO          899    i.__secs_to_tm      helpers.o
    0x080060b0   0x0000000c   Code   RO         7125    i.__set_errno       mc_p.l(errno.o)
    0x080060bc   0x00000234   Code   RO         6875    i._printf_core      mc_p.l(printf4.o)
    0x080062f0   0x000000c8   Code   RO         1123    i.animation_handler  animations.o
    0x080063b8   0x0000001c   Code   RO         1124    i.animation_init    animations.o
    0x080063d4   0x00000100   Code   RO         1041    i.animation_task_start  my_tasks.o
    0x080064d4   0x00000010   Code   RO         1520    i.button_init       buttons.o
    0x080064e4   0x0000003c   Code   RO         1521    i.button_update     buttons.o
    0x08006520   0x00000098   Code   RO         6690    i.cos               m_ps.l(cos.o)
    0x080065b8   0x00000018   Code   RO         1179    i.delay_us          delay_us.o
    0x080065d0   0x00000010   Code   RO         1180    i.delay_us_init     delay_us.o
    0x080065e0   0x00000034   Code   RO         1264    i.ds18b20_get_temp  ds18b20.o
    0x08006614   0x0000001c   Code   RO         1265    i.ds18b20_start_conversion  ds18b20.o
    0x08006630   0x00000048   Code   RO         1294    i.eeprom_read       eeprom.o
    0x08006678   0x00000044   Code   RO         1295    i.eeprom_write      eeprom.o
    0x080066bc   0x00000018   Code   RO          244    i.fputc             main.o
    0x080066d4   0x0000000e   Code   RO         1482    i.get_display_mode  config.o
    0x080066e2   0x00000002   PAD
    0x080066e4   0x00000030   Code   RO          900    i.get_ls_reading    helpers.o
    0x08006714   0x0000008c   Code   RO          901    i.get_modifier      helpers.o
    0x080067a0   0x0000001c   Code   RO          902    i.get_time_rmc      helpers.o
    0x080067bc   0x00000054   Code   RO          903    i.get_time_rtc      helpers.o
    0x08006810   0x0000000e   Code   RO         1483    i.get_use_24hour    config.o
    0x0800681e   0x00000010   Code   RO         1484    i.get_utc_offset    config.o
    0x0800682e   0x00000002   PAD
    0x08006830   0x00000068   Code   RO         1325    i.gps_init          gps_config.o
    0x08006898   0x0000001c   Code   RO         1327    i.gps_say           gps_config.o
    0x080068b4   0x0000008c   Code   RO         1042    i.gps_temp_parse_task_start  my_tasks.o
    0x08006940   0x0000002a   Code   RO         1359    i.hex2int           minmea.o
    0x0800696a   0x00000002   PAD
    0x0800696c   0x00000120   Code   RO         1125    i.led_animation_handler  animations.o
    0x08006a8c   0x00000024   Code   RO         1126    i.led_animation_init  animations.o
    0x08006ab0   0x0000004c   Code   RO         1127    i.led_start_animation  animations.o
    0x08006afc   0x0000002a   Code   RO          904    i.linear_buf_add    helpers.o
    0x08006b26   0x0000001e   Code   RO          905    i.linear_buf_add_str  helpers.o
    0x08006b44   0x0000004c   Code   RO          907    i.linear_buf_init   helpers.o
    0x08006b90   0x00000024   Code   RO          908    i.linear_buf_line_available  helpers.o
    0x08006bb4   0x00000010   Code   RO          909    i.linear_buf_reset  helpers.o
    0x08006bc4   0x000000dc   Code   RO          245    i.main              main.o
    0x08006ca0   0x0000000c   Code   RO         5901    i.makeFreeRtosPriority  cmsis_os.o
    0x08006cac   0x0000006c   Code   RO         7019    i.malloc            mc_p.l(malloc.o)
    0x08006d18   0x0000008c   Code   RO         1360    i.minmea_check      minmea.o
    0x08006da4   0x00000060   Code   RO         1362    i.minmea_gettime    minmea.o
    0x08006e04   0x00000022   Code   RO         1363    i.minmea_isfield    minmea.o
    0x08006e26   0x00000002   PAD
    0x08006e28   0x00000088   Code   RO         1364    i.minmea_parse_gga  minmea.o
    0x08006eb0   0x00000060   Code   RO         1367    i.minmea_parse_gst  minmea.o
    0x08006f10   0x0000008c   Code   RO         1368    i.minmea_parse_gsv  minmea.o
    0x08006f9c   0x00000098   Code   RO         1369    i.minmea_parse_rmc  minmea.o
    0x08007034   0x000003a0   Code   RO         1370    i.minmea_scan       minmea.o
    0x080073d4   0x000000a4   Code   RO         1371    i.minmea_sentence_id  minmea.o
    0x08007478   0x0000003a   Code   RO         1214    i.my_1wire_read_bit  my_1wire.o
    0x080074b2   0x0000001c   Code   RO         1215    i.my_1wire_read_byte  my_1wire.o
    0x080074ce   0x00000018   Code   RO         1216    i.my_1wire_read_bytes  my_1wire.o
    0x080074e6   0x00000046   Code   RO         1217    i.my_1wire_reset    my_1wire.o
    0x0800752c   0x0000004c   Code   RO         1218    i.my_1wire_write_bit  my_1wire.o
    0x08007578   0x0000001c   Code   RO         1219    i.my_1wire_write_byte  my_1wire.o
    0x08007594   0x0000001c   Code   RO         1000    i.my_usb_init       my_usb.o
    0x080075b0   0x00000010   Code   RO         5903    i.osDelay           cmsis_os.o
    0x080075c0   0x0000000a   Code   RO         5906    i.osKernelStart     cmsis_os.o
    0x080075ca   0x00000010   Code   RO         5939    i.osSystickHandler  cmsis_os.o
    0x080075da   0x0000002e   Code   RO         5940    i.osThreadCreate    cmsis_os.o
    0x08007608   0x00000050   Code   RO         1374    i.parse_gps         minmea.o
    0x08007658   0x00000058   Code   RO         5544    i.prvAddCurrentTaskToDelayedList  tasks.o
    0x080076b0   0x000000b8   Code   RO         5545    i.prvAddNewTaskToReadyList  tasks.o
    0x08007768   0x00000050   Code   RO         5546    i.prvCheckTasksWaitingTermination  tasks.o
    0x080077b8   0x00000012   Code   RO         5547    i.prvDeleteTCB      tasks.o
    0x080077ca   0x00000002   PAD
    0x080077cc   0x00000018   Code   RO         5548    i.prvIdleTask       tasks.o
    0x080077e4   0x0000006e   Code   RO         5549    i.prvInitialiseNewTask  tasks.o
    0x08007852   0x00000002   PAD
    0x08007854   0x00000020   Code   RO         5550    i.prvResetNextTaskUnblockTime  tasks.o
    0x08007874   0x00000014   Code   RO         6267    i.prvTaskExitError  port.o
    0x08007888   0x00000050   Code   RO         5828    i.pvPortMalloc      heap_1.o
    0x080078d8   0x00000020   Code   RO         6268    i.pxPortInitialiseStack  port.o
    0x080078f8   0x00000098   Code   RO          910    i.rtc_gps_calib     helpers.o
    0x08007990   0x0000011c   Code   RO         1043    i.setup_task        my_tasks.o
    0x08007aac   0x0000009c   Code   RO         6698    i.sin               m_ps.l(sin.o)
    0x08007b48   0x0000005c   Code   RO         1044    i.spi_send          my_tasks.o
    0x08007ba4   0x0000002c   Code   RO         1128    i.start_animation   animations.o
    0x08007bd0   0x00000140   Code   RO         1045    i.test_task_start   my_tasks.o
    0x08007d10   0x00000094   Code   RO         1375    i.timegm            minmea.o
    0x08007da4   0x0000003e   Code   RO         1129    i.tube_print2       animations.o
    0x08007de2   0x00000058   Code   RO          911    i.unix_ts_2_datetime  helpers.o
    0x08007e3a   0x00000014   Code   RO         1485    i.utc_offset_trim   config.o
    0x08007e4e   0x00000024   Code   RO         5861    i.uxListRemove      list.o
    0x08007e72   0x00000016   Code   RO         5862    i.vListInitialise   list.o
    0x08007e88   0x00000006   Code   RO         5863    i.vListInitialiseItem  list.o
    0x08007e8e   0x00000030   Code   RO         5864    i.vListInsert       list.o
    0x08007ebe   0x00000018   Code   RO         5865    i.vListInsertEnd    list.o
    0x08007ed6   0x00000002   PAD
    0x08007ed8   0x00000018   Code   RO         6270    i.vPortEnterCritical  port.o
    0x08007ef0   0x0000001c   Code   RO         6271    i.vPortExitCritical  port.o
    0x08007f0c   0x0000000a   Code   RO         5829    i.vPortFree         heap_1.o
    0x08007f16   0x00000002   PAD
    0x08007f18   0x00000024   Code   RO         6272    i.vPortSetupTimerInterrupt  port.o
    0x08007f3c   0x00000018   Code   RO         6273    i.vPortYield        port.o
    0x08007f54   0x00000030   Code   RO         5556    i.vTaskDelay        tasks.o
    0x08007f84   0x0000004c   Code   RO         5565    i.vTaskStartScheduler  tasks.o
    0x08007fd0   0x00000010   Code   RO         5567    i.vTaskSuspendAll   tasks.o
    0x08007fe0   0x00000058   Code   RO         5568    i.vTaskSwitchContext  tasks.o
    0x08008038   0x00000030   Code   RO         6274    i.xPortStartScheduler  port.o
    0x08008068   0x00000024   Code   RO         6275    i.xPortSysTickHandler  port.o
    0x0800808c   0x0000004e   Code   RO         5570    i.xTaskCreate       tasks.o
    0x080080da   0x00000002   PAD
    0x080080dc   0x00000020   Code   RO         5571    i.xTaskGetSchedulerState  tasks.o
    0x080080fc   0x000000bc   Code   RO         5574    i.xTaskIncrementTick  tasks.o
    0x080081b8   0x000000ac   Code   RO         5577    i.xTaskResumeAll    tasks.o
    0x08008264   0x00000050   Data   RO          247    .constdata          main.o
    0x080082b4   0x0000000c   Data   RO          913    .constdata          helpers.o
    0x080082c0   0x000000ab   Data   RO         1328    .constdata          gps_config.o
    0x0800836b   0x00000001   PAD
    0x0800836c   0x00000030   Data   RO         1376    .constdata          minmea.o
    0x0800839c   0x00000010   Data   RO         1548    .constdata          system_stm32f0xx.o
    0x080083ac   0x00000008   Data   RO         1549    .constdata          system_stm32f0xx.o
    0x080083b4   0x00000081   Data   RO         6715    .constdata          mc_p.l(ctype_o.o)
    0x08008435   0x00000003   PAD
    0x08008438   0x00000004   Data   RO         6716    .constdata          mc_p.l(ctype_o.o)
    0x0800843c   0x0000000c   Data   RO         6743    .constdata          mc_p.l(mktime.o)
    0x08008448   0x00000030   Data   RO         7065    .constdata          m_ps.l(cos_i.o)
    0x08008478   0x000000c8   Data   RO         7083    .constdata          m_ps.l(rred.o)
    0x08008540   0x00000028   Data   RO         7089    .constdata          m_ps.l(sin_i.o)
    0x08008568   0x0000000c   Data   RO         7119    .constdata          mc_p.l(localtime_i.o)
    0x08008574   0x0000003a   Data   RO          248    .conststring        main.o
    0x080085ae   0x00000002   PAD
    0x080085b0   0x00000020   Data   RO         7151    Region$$Table       anon$$obj.o


    Execution Region RW_IRAM1 (Base: 0x20000000, Size: 0x000029f0, Max: 0x00004000, ABSOLUTE, COMPRESSED[0x000000d4])

    Base Addr    Size         Type   Attr      Idx    E Section Name        Object

    0x20000000   0x00000004   Data   RW          249    .data               main.o
    0x20000004   0x0000001c   Data   RW          761    .data               usbd_desc.o
    0x20000020   0x00000016   Data   RW          762    .data               usbd_desc.o
    0x20000036   0x00000002   PAD
    0x20000038   0x00000010   Data   RW          857    .data               usbd_cdc_if.o
    0x20000048   0x00000010   Data   RW          914    .data               helpers.o
    0x20000058   0x00000004   Data   RW         1005    .data               my_usb.o
    0x2000005c   0x00000004   PAD
    0x20000060   0x00000038   Data   RW         1047    .data               my_tasks.o
    0x20000098   0x00000004   Data   RW         1182    .data               delay_us.o
    0x2000009c   0x00000004   Data   RW         1550    .data               system_stm32f0xx.o
    0x200000a0   0x00000004   Data   RW         3585    .data               stm32f0xx_hal.o
    0x200000a4   0x0000003c   Data   RW         5580    .data               tasks.o
    0x200000e0   0x00000008   Data   RW         5833    .data               heap_1.o
    0x200000e8   0x00000004   Data   RW         6276    .data               port.o
    0x200000ec   0x00000001   Data   RW         6480    .data               usbd_ctlreq.o
    0x200000ed   0x00000003   PAD
    0x200000f0   0x000000db   Data   RW         6548    .data               usbd_cdc.o
    0x200001cb   0x00000001   PAD
    0x200001cc   0x00000038   Data   RW         6549    .data               usbd_cdc.o
    0x20000204   0x00000004   Data   RW         7108    .data               mc_p.l(stdout.o)
    0x20000208   0x00000004   Data   RW         7121    .data               mc_p.l(mvars.o)
    0x2000020c   0x00000004   Data   RW         7122    .data               mc_p.l(mvars.o)
    0x20000210   0x00000004   Data   RW         7126    .data               mc_p.l(errno.o)
    0x20000214   0x0000024c   Zero   RW          246    .bss                main.o
    0x20000460   0x00000440   Zero   RW          513    .bss                usbd_conf.o
    0x200008a0   0x00000040   Zero   RW          720    .bss                stm32f0xx_hal_timebase_tim.o
    0x200008e0   0x00000200   Zero   RW          760    .bss                usbd_desc.o
    0x20000ae0   0x00000224   Zero   RW          818    .bss                usb_device.o
    0x20000d04   0x00000100   Zero   RW          856    .bss                usbd_cdc_if.o
    0x20000e04   0x000000a8   Zero   RW          912    .bss                helpers.o
    0x20000eac   0x00000090   Zero   RW         1003    .bss                my_usb.o
    0x20000f3c   0x00000004   PAD
    0x20000f40   0x000003b4   Zero   RW         1046    .bss                my_tasks.o
    0x200012f4   0x00000009   Zero   RW         1266    .bss                ds18b20.o
    0x200012fd   0x00000003   PAD
    0x20001300   0x000000f0   Zero   RW         5579    .bss                tasks.o
    0x200013f0   0x00001000   Zero   RW         5832    .bss                heap_1.o
    0x200023f0   0x00000200   Zero   RW         1579    HEAP                startup_stm32f072xb.o
    0x200025f0   0x00000400   Zero   RW         1578    STACK               startup_stm32f072xb.o


==============================================================================

Image component sizes


      Code (inc. data)   RO Data    RW Data    ZI Data      Debug   Object Name

       734         78          0          0          0       5012   animations.o
        76          0          0          0          0       1418   buttons.o
       100          0          0          0          0       7568   cmsis_os.o
        64          0          0          0          0       2151   config.o
        40         10          0          4          0       1390   delay_us.o
        80          4          0          0          9       1624   ds18b20.o
       140         10          0          0          0       1149   eeprom.o
       132         12        171          0          0       1990   gps_config.o
        90         12          0          8       4096       2127   heap_1.o
      1048        134         12         16        168       8568   helpers.o
       136          0          0          0          0       3238   list.o
      1358        164        138          4        588      21171   main.o
      2156        156         48          0          0      14832   minmea.o
       284          4          0          0          0       3555   my_1wire.o
      1406        146          0         56        948       7771   my_tasks.o
        28         10          0          4        144       1119   my_usb.o
       370         58          0          4          0       7139   port.o
         0          0          0          0          0       1472   queue.o
        28          8        192          0       1536        576   startup_stm32f072xb.o
        88         18          0          4          0       2912   stm32f0xx_hal.o
      1338         42          0          0          0       7613   stm32f0xx_hal_adc.o
       196         38          0          0          0       9914   stm32f0xx_hal_cortex.o
        72          0          0          0          0       1059   stm32f0xx_hal_dma.o
       398         36          0          0          0       3899   stm32f0xx_hal_gpio.o
      1562         38          0          0          0      11606   stm32f0xx_hal_i2c.o
       146          0          0          0          0       1835   stm32f0xx_hal_i2c_ex.o
       116         20          0          0          0       1647   stm32f0xx_hal_iwdg.o
       468         78          0          0          0       4276   stm32f0xx_hal_msp.o
      3488        148          0          0          0      13417   stm32f0xx_hal_pcd.o
        58          0          0          0          0       1194   stm32f0xx_hal_pcd_ex.o
      1560        112          0          0          0       5650   stm32f0xx_hal_rcc.o
       288         14          0          0          0       1464   stm32f0xx_hal_rcc_ex.o
       914         22          0          0          0       6932   stm32f0xx_hal_rtc.o
        24          0          0          0          0       1591   stm32f0xx_hal_rtc_ex.o
       918          0          0          0          0       5098   stm32f0xx_hal_spi.o
       956         24          0          0          0       9618   stm32f0xx_hal_tim.o
        76          0          0          0          0       2234   stm32f0xx_hal_tim_ex.o
       120         22          0          0         64       1384   stm32f0xx_hal_timebase_tim.o
      1842         56          0          0          0      11166   stm32f0xx_hal_uart.o
         2          0          0          0          0        936   stm32f0xx_hal_uart_ex.o
        72         18          0          0          0     566565   stm32f0xx_it.o
        92         16         24          4          0       1071   system_stm32f0xx.o
      1234         96          0         60        240      14323   tasks.o
        52         16          0          0        548        644   usb_device.o
       602         20          0        275          0      11532   usbd_cdc.o
       136         24          0         16        256       2582   usbd_cdc_if.o
       786         58          0          0       1088      13965   usbd_conf.o
       652          0          0          0          0       8916   usbd_core.o
       994         34          0          1          0       7588   usbd_ctlreq.o
       212        116          0         50        512       4695   usbd_desc.o
       140          0          0          0          0       4176   usbd_ioreq.o

    ----------------------------------------------------------------------
     27922       1872        620        516      10204     835372   Object Totals
         0          0         32          0          0          0   (incl. Generated)
        50          0          3         10          7          0   (incl. Padding)

    ----------------------------------------------------------------------

      Code (inc. data)   RO Data    RW Data    ZI Data      Debug   Library Member Name

       152         10          0          0          0        104   cos.o
       244         20         48          0          0         92   cos_i.o
        46          6          0          0          0        204   dunder.o
        44          4          0          0          0         60   fpclassify.o
       172          0          0          0          0         76   poly.o
       974         86        200          0          0        200   rred.o
       156         10          0          0          0        104   sin.o
       236         14         40          0          0        100   sin_i.o
        86          0          0          0          0          0   __dczerorl2.o
        30          0          0          0          0         60   _chval.o
       166          0          0          0          0         84   _strtoul.o
         8          4        133          0          0         60   ctype_o.o
         0          0          0          0          0          0   entry.o
         0          0          0          0          0          0   entry10a.o
         0          0          0          0          0          0   entry11a.o
         8          4          0          0          0          0   entry2.o
         4          0          0          0          0          0   entry5.o
         0          0          0          0          0          0   entry7b.o
         0          0          0          0          0          0   entry8b.o
         8          4          0          0          0          0   entry9a.o
        20         10          0          4          0        120   errno.o
        30          0          0          0          0          0   handlers.o
        40          0          0          0          0         72   idiv.o
        36          8          0          0          0         68   init.o
         0          0          0          0          0          0   iusefp.o
        32          0          0          0          0         68   llshl.o
        38          0          0          0          0         68   llsshr.o
        34          0          0          0          0         68   llushr.o
       116         12         12          0          0         72   localtime_i.o
       108         16          0          0          0         76   malloc.o
        36          0          0          0          0         60   memcpya.o
        36          0          0          0          0        100   memseta.o
       140         16         12          0          0         72   mktime.o
         0          0          0          8          0          0   mvars.o
       596         12          0          0          0        168   printf4.o
         0          0          0          4          0          0   stdout.o
        28          0          0          0          0         68   strcmp.o
        14          0          0          0          0         60   strlen.o
       112          4          0          0          0         76   strtol.o
        44          0          0          0          0         72   uidiv.o
        96          0          0          0          0         84   uldiv.o
        40          2          0          0          0         68   cdcmple.o
        40          2          0          0          0         68   cdrcmple.o
       356          4          0          0          0        140   dadd.o
       240          6          0          0          0         84   ddiv.o
       236          0          0          0          0        216   depilogue.o
        72         10          0          0          0         72   dfixi.o
        60         10          0          0          0         68   dfixui.o
        40          6          0          0          0         68   dflti.o
        28          4          0          0          0         68   dfltui.o
       208          6          0          0          0         88   dmul.o
        44          0          0          0          0         72   dscalb.o

    ----------------------------------------------------------------------
      5266        290        448         16          0       3528   Library Totals
        12          0          3          0          0          0   (incl. Padding)

    ----------------------------------------------------------------------

      Code (inc. data)   RO Data    RW Data    ZI Data      Debug   Library Name

      2024        150        288          0          0        940   m_ps.l
      1866         90        157         16          0       1576   mc_p.l
      1364         50          0          0          0       1012   mf_p.l

    ----------------------------------------------------------------------
      5266        290        448         16          0       3528   Library Totals

    ----------------------------------------------------------------------

==============================================================================


      Code (inc. data)   RO Data    RW Data    ZI Data      Debug   

     33188       2162       1068        532      10204     823656   Grand Totals
     33188       2162       1068        212      10204     823656   ELF Image Totals (compressed)
     33188       2162       1068        212          0          0   ROM Totals

==============================================================================

    Total RO  Size (Code + RO Data)                34256 (  33.45kB)
    Total RW  Size (RW Data + ZI Data)             10736 (  10.48kB)
    Total ROM Size (Code + RO Data + RW Data)      34468 (  33.66kB)

==============================================================================

