<html>
<body>
<pre>
<h1>µVision Build Log</h1>
<h2>Tool Versions:</h2>
IDE-Version: µVision V5.23.0.0
Copyright (C) 2017 ARM Ltd and ARM Germany GmbH. All rights reserved.
License Information: deku nukem, dekunukem, LIC=6MZGM-X7RJZ-XKUTX-VIA8I-MI3FH-T058F
 
Tool Versions:
Toolchain:       MDK-ARM Cortex-M0/M0+ 256K for ST  Version: 5.23
Toolchain Path:  C:\Keil_v5\ARM\ARMCC\Bin
C Compiler:      Armcc.exe V5.06 update 4 (build 422)
Assembler:       Armasm.exe V5.06 update 4 (build 422)
Linker/Locator:  ArmLink.exe V5.06 update 4 (build 422)
Library Manager: ArmAr.exe V5.06 update 4 (build 422)
Hex Converter:   FromElf.exe V5.06 update 4 (build 422)
CPU DLL:         SARMCM3.DLL V5.23
Dialog DLL:      DARMCM1.DLL V1.17.0.0
Target DLL:      STLink\ST-LINKIII-KEIL_SWO.dll V2.0.18.0
Dialog DLL:      TARMCM1.DLL V1.12.0.0
 
<h2>Project:</h2>
C:\Users\Allen\Desktop\exixe\firmware\clock\MDK-ARM\clock_test.uvprojx
Project File Date:  06/19/2017

<h2>Output:</h2>
*** Using Compiler 'V5.06 update 4 (build 422)', folder: 'C:\Keil_v5\ARM\ARMCC\Bin'
Build target 'clock_test'
compiling stm32f0xx_hal_msp.c...
compiling stm32f0xx_it.c...
compiling freertos.c...
compiling main.c...
compiling stm32f0xx_hal_timebase_TIM.c...
compiling usbd_desc.c...
compiling usbd_conf.c...
compiling usb_device.c...
compiling helpers.c...
compiling usbd_cdc_if.c...
compiling my_usb.c...
compiling animations.c...
compiling my_tasks.c...
compiling delay_us.c...
compiling my_1wire.c...
compiling ds18b20.c...
compiling minmea.c...
..\Src\minmea.c(368): warning:  #111-D: statement is unreachable
              } break;
..\Src\minmea.c(647): warning:  #68-D: integer conversion resulted in a change of sign
      if (timestamp != -1) {
..\Src\minmea.c: 2 warnings, 0 errors
compiling gps_config.c...
compiling eeprom.c...
compiling config.c...
assembling startup_stm32f072xb.s...
compiling buttons.c...
compiling system_stm32f0xx.c...
compiling stm32f0xx_hal_cortex.c...
compiling stm32f0xx_hal_gpio.c...
compiling stm32f0xx_hal_rcc.c...
compiling stm32f0xx_hal_spi.c...
compiling stm32f0xx_hal_tim_ex.c...
compiling stm32f0xx_hal_pwr.c...
compiling stm32f0xx_hal_flash_ex.c...
compiling stm32f0xx_hal_flash.c...
compiling stm32f0xx_hal_spi_ex.c...
compiling stm32f0xx_hal_tim.c...
compiling stm32f0xx_hal_pcd_ex.c...
compiling stm32f0xx_hal_pcd.c...
compiling stm32f0xx_hal.c...
compiling stm32f0xx_hal_pwr_ex.c...
compiling stm32f0xx_hal_rcc_ex.c...
compiling stm32f0xx_hal_dma.c...
compiling stm32f0xx_hal_i2c_ex.c...
compiling stm32f0xx_hal_uart.c...
compiling stm32f0xx_hal_i2c.c...
compiling stm32f0xx_hal_uart_ex.c...
compiling stm32f0xx_hal_adc_ex.c...
compiling stm32f0xx_hal_adc.c...
compiling stm32f0xx_hal_rtc.c...
compiling queue.c...
compiling croutine.c...
compiling tasks.c...
compiling event_groups.c...
compiling heap_1.c...
compiling list.c...
compiling stm32f0xx_hal_rtc_ex.c...
compiling timers.c...
compiling cmsis_os.c...
compiling port.c...
compiling stm32f0xx_hal_iwdg.c...
compiling usbd_core.c...
compiling usbd_cdc.c...
compiling usbd_ctlreq.c...
compiling usbd_ioreq.c...
linking...
Program Size: Code=32900 RO-data=1068 RW-data=528 ZI-data=10200  
"clock_test\clock_test.axf" - 0 Error(s), 2 Warning(s).

<h2>Software Packages used:</h2>

Package Vendor: ARM
                http://www.keil.com/pack/ARM.CMSIS.5.0.1.pack
                ARM::CMSIS:CORE:5.0.1
                CMSIS (Cortex Microcontroller Software Interface Standard)
   * Component: CORE Version: 5.0.1

<h2>Collection of Component include folders:</h2>
  .\RTE\_clock_test
  C:\Keil_v5\ARM\PACK\ARM\CMSIS\5.0.1\CMSIS\Include
  C:\Keil_v5\ARM\PACK\Keil\STM32F0xx_DFP\1.5.0\Device\Include

<h2>Collection of Component Files used:</h2>

   * Component: ARM::CMSIS:CORE:5.0.1
Build Time Elapsed:  00:01:21
</pre>
</body>
</html>
