Component: ARM Compiler 5.06 update 1 (build 61) Tool: armlink [4d35a8]

==============================================================================

Section Cross References

    stm32f0xx_it.o(i.SysTick_Handler) refers to cmsis_os.o(i.osSystickHandler) for osSystickHandler
    stm32f0xx_it.o(i.TIM7_IRQHandler) refers to stm32f0xx_hal_tim.o(i.HAL_TIM_IRQHandler) for HAL_TIM_IRQHandler
    stm32f0xx_it.o(i.TIM7_IRQHandler) refers to stm32f0xx_hal_timebase_tim.o(.bss) for htim7
    stm32f0xx_it.o(i.USART1_IRQHandler) refers to stm32f0xx_hal_uart.o(i.HAL_UART_IRQHandler) for HAL_UART_IRQHandler
    stm32f0xx_it.o(i.USART1_IRQHandler) refers to main.o(.bss) for huart1
    stm32f0xx_it.o(i.USB_IRQHandler) refers to stm32f0xx_hal_pcd.o(i.HAL_PCD_IRQHandler) for HAL_PCD_IRQHandler
    stm32f0xx_it.o(i.USB_IRQHandler) refers to usbd_conf.o(.bss) for hpcd_USB_FS
    main.o(i.HAL_TIM_PeriodElapsedCallback) refers to stm32f0xx_hal.o(i.HAL_IncTick) for HAL_IncTick
    main.o(i.HAL_UART_ErrorCallback) refers to stm32f0xx_hal_uart.o(i.HAL_UART_Receive_IT) for HAL_UART_Receive_IT
    main.o(i.HAL_UART_ErrorCallback) refers to my_tasks.o(.data) for gps_byte_buf
    main.o(i.HAL_UART_ErrorCallback) refers to main.o(.bss) for .bss
    main.o(i.HAL_UART_RxCpltCallback) refers to stm32f0xx_hal_gpio.o(i.HAL_GPIO_TogglePin) for HAL_GPIO_TogglePin
    main.o(i.HAL_UART_RxCpltCallback) refers to helpers.o(i.linear_buf_add) for linear_buf_add
    main.o(i.HAL_UART_RxCpltCallback) refers to stm32f0xx_hal_uart.o(i.HAL_UART_Receive_IT) for HAL_UART_Receive_IT
    main.o(i.HAL_UART_RxCpltCallback) refers to my_tasks.o(.data) for gps_byte_buf
    main.o(i.HAL_UART_RxCpltCallback) refers to my_tasks.o(.bss) for gps_lb
    main.o(i.HAL_UART_RxCpltCallback) refers to main.o(.bss) for .bss
    main.o(i.MX_ADC_Init) refers to stm32f0xx_hal_adc.o(i.HAL_ADC_Init) for HAL_ADC_Init
    main.o(i.MX_ADC_Init) refers to stm32f0xx_hal_adc.o(i.HAL_ADC_ConfigChannel) for HAL_ADC_ConfigChannel
    main.o(i.MX_ADC_Init) refers to main.o(.bss) for .bss
    main.o(i.MX_GPIO_Init) refers to stm32f0xx_hal_gpio.o(i.HAL_GPIO_WritePin) for HAL_GPIO_WritePin
    main.o(i.MX_GPIO_Init) refers to stm32f0xx_hal_gpio.o(i.HAL_GPIO_Init) for HAL_GPIO_Init
    main.o(i.MX_I2C1_Init) refers to stm32f0xx_hal_i2c.o(i.HAL_I2C_Init) for HAL_I2C_Init
    main.o(i.MX_I2C1_Init) refers to stm32f0xx_hal_i2c_ex.o(i.HAL_I2CEx_ConfigAnalogFilter) for HAL_I2CEx_ConfigAnalogFilter
    main.o(i.MX_I2C1_Init) refers to stm32f0xx_hal_i2c_ex.o(i.HAL_I2CEx_ConfigDigitalFilter) for HAL_I2CEx_ConfigDigitalFilter
    main.o(i.MX_I2C1_Init) refers to main.o(.bss) for .bss
    main.o(i.MX_SPI1_Init) refers to stm32f0xx_hal_spi.o(i.HAL_SPI_Init) for HAL_SPI_Init
    main.o(i.MX_SPI1_Init) refers to main.o(.bss) for .bss
    main.o(i.MX_TIM2_Init) refers to stm32f0xx_hal_tim.o(i.HAL_TIM_Base_Init) for HAL_TIM_Base_Init
    main.o(i.MX_TIM2_Init) refers to stm32f0xx_hal_tim.o(i.HAL_TIM_ConfigClockSource) for HAL_TIM_ConfigClockSource
    main.o(i.MX_TIM2_Init) refers to stm32f0xx_hal_tim_ex.o(i.HAL_TIMEx_MasterConfigSynchronization) for HAL_TIMEx_MasterConfigSynchronization
    main.o(i.MX_TIM2_Init) refers to main.o(.bss) for .bss
    main.o(i.MX_USART1_UART_Init) refers to stm32f0xx_hal_uart.o(i.HAL_UART_Init) for HAL_UART_Init
    main.o(i.MX_USART1_UART_Init) refers to main.o(.bss) for .bss
    main.o(i.MX_USART3_UART_Init) refers to stm32f0xx_hal_uart.o(i.HAL_UART_Init) for HAL_UART_Init
    main.o(i.MX_USART3_UART_Init) refers to main.o(.bss) for .bss
    main.o(i.StartDefaultTask) refers to cmsis_os.o(i.osDelay) for osDelay
    main.o(i.SystemClock_Config) refers to stm32f0xx_hal_rcc.o(i.HAL_RCC_OscConfig) for HAL_RCC_OscConfig
    main.o(i.SystemClock_Config) refers to stm32f0xx_hal_rcc.o(i.HAL_RCC_ClockConfig) for HAL_RCC_ClockConfig
    main.o(i.SystemClock_Config) refers to stm32f0xx_hal_rcc_ex.o(i.HAL_RCCEx_PeriphCLKConfig) for HAL_RCCEx_PeriphCLKConfig
    main.o(i.SystemClock_Config) refers to stm32f0xx_hal_rcc.o(i.HAL_RCC_GetHCLKFreq) for HAL_RCC_GetHCLKFreq
    main.o(i.SystemClock_Config) refers to uidiv.o(.text) for __aeabi_uidivmod
    main.o(i.SystemClock_Config) refers to stm32f0xx_hal_cortex.o(i.HAL_SYSTICK_Config) for HAL_SYSTICK_Config
    main.o(i.SystemClock_Config) refers to stm32f0xx_hal_cortex.o(i.HAL_SYSTICK_CLKSourceConfig) for HAL_SYSTICK_CLKSourceConfig
    main.o(i.SystemClock_Config) refers to stm32f0xx_hal_cortex.o(i.HAL_NVIC_SetPriority) for HAL_NVIC_SetPriority
    main.o(i.fputc) refers to stm32f0xx_hal_uart.o(i.HAL_UART_Transmit) for HAL_UART_Transmit
    main.o(i.fputc) refers to main.o(.bss) for .bss
    main.o(i.main) refers to stm32f0xx_hal.o(i.HAL_Init) for HAL_Init
    main.o(i.main) refers to main.o(i.SystemClock_Config) for SystemClock_Config
    main.o(i.main) refers to main.o(i.MX_GPIO_Init) for MX_GPIO_Init
    main.o(i.main) refers to main.o(i.MX_SPI1_Init) for MX_SPI1_Init
[...]
    i.USBD_LL_SetSpeed                       0x080040a2   Section        0  usbd_core.o(i.USBD_LL_SetSpeed)
    i.USBD_LL_SetUSBAddress                  0x080040a8   Section        0  usbd_conf.o(i.USBD_LL_SetUSBAddress)
    i.USBD_LL_SetupStage                     0x080040ce   Section        0  usbd_core.o(i.USBD_LL_SetupStage)
    i.USBD_LL_StallEP                        0x0800412c   Section        0  usbd_conf.o(i.USBD_LL_StallEP)
    i.USBD_LL_Start                          0x08004152   Section        0  usbd_conf.o(i.USBD_LL_Start)
    i.USBD_LL_Suspend                        0x08004178   Section        0  usbd_core.o(i.USBD_LL_Suspend)
    i.USBD_LL_Transmit                       0x08004188   Section        0  usbd_conf.o(i.USBD_LL_Transmit)
    i.USBD_ParseSetupRequest                 0x080041ae   Section        0  usbd_ctlreq.o(i.USBD_ParseSetupRequest)
    i.USBD_RegisterClass                     0x080041d6   Section        0  usbd_core.o(i.USBD_RegisterClass)
    i.USBD_SetClassConfig                    0x080041ec   Section        0  usbd_core.o(i.USBD_SetClassConfig)
    i.USBD_SetConfig                         0x08004208   Section        0  usbd_ctlreq.o(i.USBD_SetConfig)
    USBD_SetConfig                           0x08004209   Thumb Code   108  usbd_ctlreq.o(i.USBD_SetConfig)
    i.USBD_Start                             0x08004278   Section        0  usbd_core.o(i.USBD_Start)
    i.USBD_StdDevReq                         0x08004282   Section        0  usbd_ctlreq.o(i.USBD_StdDevReq)
    i.USBD_StdEPReq                          0x08004370   Section        0  usbd_ctlreq.o(i.USBD_StdEPReq)
    i.USBD_StdItfReq                         0x0800445a   Section        0  usbd_ctlreq.o(i.USBD_StdItfReq)
    i.USBD_static_free                       0x08004494   Section        0  usbd_conf.o(i.USBD_static_free)
    i.USBD_static_malloc                     0x08004498   Section        0  usbd_conf.o(i.USBD_static_malloc)
    i.USB_IRQHandler                         0x080044a0   Section        0  stm32f0xx_it.o(i.USB_IRQHandler)
    i.__0printf$3                            0x080044b0   Section        0  printf3.o(i.__0printf$3)
    i.__ARM_clz                              0x080044d0   Section        0  depilogue.o(i.__ARM_clz)
    i.__ARM_common_switch8                   0x080044fe   Section        0  stm32f0xx_hal_tim.o(i.__ARM_common_switch8)
    i.__scatterload_copy                     0x08004518   Section       14  handlers.o(i.__scatterload_copy)
    i.__scatterload_null                     0x08004526   Section        2  handlers.o(i.__scatterload_null)
    i.__scatterload_zeroinit                 0x08004528   Section       14  handlers.o(i.__scatterload_zeroinit)
    i._printf_core                           0x08004538   Section        0  printf3.o(i._printf_core)
    _printf_core                             0x08004539   Thumb Code   456  printf3.o(i._printf_core)
    i.animation_handler                      0x08004704   Section        0  animations.o(i.animation_handler)
    i.animation_task_start                   0x08004780   Section        0  my_tasks.o(i.animation_task_start)
    i.delay_us                               0x080047cc   Section        0  delay_us.o(i.delay_us)
    i.delay_us_init                          0x080047e4   Section        0  delay_us.o(i.delay_us_init)
    i.ds18b20_get_temp                       0x080047f4   Section        0  ds18b20.o(i.ds18b20_get_temp)
    i.ds18b20_start_conversion               0x08004820   Section        0  ds18b20.o(i.ds18b20_start_conversion)
    i.fputc                                  0x08004834   Section        0  main.o(i.fputc)
    i.gps_init                               0x0800484c   Section        0  gps_config.o(i.gps_init)
    i.gps_reset                              0x08004880   Section        0  gps_config.o(i.gps_reset)
    i.gps_say                                0x080048a8   Section        0  gps_config.o(i.gps_say)
    i.linear_buf_add                         0x080048c4   Section        0  helpers.o(i.linear_buf_add)
    i.linear_buf_add_str                     0x080048ee   Section        0  helpers.o(i.linear_buf_add_str)
    i.linear_buf_init                        0x0800490c   Section        0  helpers.o(i.linear_buf_init)
    i.linear_buf_line_available              0x0800495c   Section        0  helpers.o(i.linear_buf_line_available)
    i.linear_buf_reset                       0x08004980   Section        0  helpers.o(i.linear_buf_reset)
    i.main                                   0x08004990   Section        0  main.o(i.main)
    i.makeFreeRtosPriority                   0x08004a18   Section        0  cmsis_os.o(i.makeFreeRtosPriority)
    makeFreeRtosPriority                     0x08004a19   Thumb Code    12  cmsis_os.o(i.makeFreeRtosPriority)
    i.malloc                                 0x08004a24   Section        0  malloc.o(i.malloc)
    i.my_1wire_read_bit                      0x08004a90   Section        0  my_1wire.o(i.my_1wire_read_bit)
    i.my_1wire_read_byte                     0x08004ad0   Section        0  my_1wire.o(i.my_1wire_read_byte)
    i.my_1wire_read_bytes                    0x08004aec   Section        0  my_1wire.o(i.my_1wire_read_bytes)
    i.my_1wire_reset                         0x08004b04   Section        0  my_1wire.o(i.my_1wire_reset)
    i.my_1wire_write_bit                     0x08004b50   Section        0  my_1wire.o(i.my_1wire_write_bit)
    i.my_1wire_write_byte                    0x08004ba4   Section        0  my_1wire.o(i.my_1wire_write_byte)
    i.my_usb_init                            0x08004bc0   Section        0  my_usb.o(i.my_usb_init)
    i.osDelay                                0x08004bdc   Section        0  cmsis_os.o(i.osDelay)
    i.osKernelStart                          0x08004bec   Section        0  cmsis_os.o(i.osKernelStart)
    i.osSystickHandler                       0x08004bf6   Section        0  cmsis_os.o(i.osSystickHandler)
    i.osThreadCreate                         0x08004c06   Section        0  cmsis_os.o(i.osThreadCreate)
    i.prvAddCurrentTaskToDelayedList         0x08004c40   Section        0  tasks.o(i.prvAddCurrentTaskToDelayedList)
    prvAddCurrentTaskToDelayedList           0x08004c41   Thumb Code    46  tasks.o(i.prvAddCurrentTaskToDelayedList)
    i.prvCheckTasksWaitingTermination        0x08004c74   Section        0  tasks.o(i.prvCheckTasksWaitingTermination)
    prvCheckTasksWaitingTermination          0x08004c75   Thumb Code    78  tasks.o(i.prvCheckTasksWaitingTermination)
    i.prvIdleTask                            0x08004ccc   Section        0  tasks.o(i.prvIdleTask)
    prvIdleTask                              0x08004ccd   Thumb Code    18  tasks.o(i.prvIdleTask)
    i.prvResetNextTaskUnblockTime            0x08004ce4   Section        0  tasks.o(i.prvResetNextTaskUnblockTime)
    prvResetNextTaskUnblockTime              0x08004ce5   Thumb Code    28  tasks.o(i.prvResetNextTaskUnblockTime)
    i.prvTaskExitError                       0x08004d04   Section        0  port.o(i.prvTaskExitError)
    prvTaskExitError                         0x08004d05   Thumb Code    14  port.o(i.prvTaskExitError)
    i.pvPortMalloc                           0x08004d18   Section        0  heap_1.o(i.pvPortMalloc)
    i.pxPortInitialiseStack                  0x08004d68   Section        0  port.o(i.pxPortInitialiseStack)
    i.setup_task                             0x08004d88   Section        0  my_tasks.o(i.setup_task)
    i.spi_send                               0x08004df4   Section        0  my_tasks.o(i.spi_send)
    i.test_task_start                        0x08004e28   Section        0  my_tasks.o(i.test_task_start)
    i.uxListRemove                           0x08004e30   Section        0  list.o(i.uxListRemove)
    i.vListInitialise                        0x08004e54   Section        0  list.o(i.vListInitialise)
    i.vListInitialiseItem                    0x08004e6a   Section        0  list.o(i.vListInitialiseItem)
    i.vListInsert                            0x08004e70   Section        0  list.o(i.vListInsert)
    i.vListInsertEnd                         0x08004ea0   Section        0  list.o(i.vListInsertEnd)
    i.vPortEnterCritical                     0x08004eb8   Section        0  port.o(i.vPortEnterCritical)
    i.vPortExitCritical                      0x08004ed0   Section        0  port.o(i.vPortExitCritical)
    i.vPortFree                              0x08004eec   Section        0  heap_1.o(i.vPortFree)
    i.vPortYield                             0x08004ef8   Section        0  port.o(i.vPortYield)
    i.vTaskDelay                             0x08004f10   Section        0  tasks.o(i.vTaskDelay)
    i.vTaskStartScheduler                    0x08004f4c   Section        0  tasks.o(i.vTaskStartScheduler)
    i.vTaskSuspendAll                        0x08004f98   Section        0  tasks.o(i.vTaskSuspendAll)
    i.vTaskSwitchContext                     0x08004fa8   Section        0  tasks.o(i.vTaskSwitchContext)
    i.xPortStartScheduler                    0x08005000   Section        0  port.o(i.xPortStartScheduler)
    i.xPortSysTickHandler                    0x0800504c   Section        0  port.o(i.xPortSysTickHandler)
    i.xTaskGenericCreate                     0x08005070   Section        0  tasks.o(i.xTaskGenericCreate)
    i.xTaskGetSchedulerState                 0x080051dc   Section        0  tasks.o(i.xTaskGetSchedulerState)
    i.xTaskIncrementTick                     0x080051fc   Section        0  tasks.o(i.xTaskIncrementTick)
    i.xTaskResumeAll                         0x080052bc   Section        0  tasks.o(i.xTaskResumeAll)
    .constdata                               0x08005364   Section       60  main.o(.constdata)
    .constdata                               0x080053a0   Section       44  gps_config.o(.constdata)
    .constdata                               0x080053cc   Section       16  system_stm32f0xx.o(.constdata)
    .constdata                               0x080053dc   Section        8  system_stm32f0xx.o(.constdata)
    .conststring                             0x080053e4   Section       38  main.o(.conststring)
    .data                                    0x20000000   Section        4  main.o(.data)
    .data                                    0x20000004   Section       28  usbd_desc.o(.data)
    .data                                    0x20000020   Section       22  usbd_desc.o(.data)
    .data                                    0x20000038   Section       16  usbd_cdc_if.o(.data)
    .data                                    0x20000048   Section        4  my_usb.o(.data)
    .data                                    0x2000004c   Section        8  my_tasks.o(.data)
    .data                                    0x20000054   Section        4  delay_us.o(.data)
    .data                                    0x20000058   Section        4  system_stm32f0xx.o(.data)
    .data                                    0x2000005c   Section        4  stm32f0xx_hal.o(.data)
    .data                                    0x20000060   Section       56  tasks.o(.data)
    uxTasksDeleted                           0x20000064   Data           4  tasks.o(.data)
    uxCurrentNumberOfTasks                   0x20000068   Data           4  tasks.o(.data)
    xTickCount                               0x2000006c   Data           4  tasks.o(.data)
    uxTopReadyPriority                       0x20000070   Data           4  tasks.o(.data)
    xSchedulerRunning                        0x20000074   Data           4  tasks.o(.data)
    uxPendedTicks                            0x20000078   Data           4  tasks.o(.data)
    xYieldPending                            0x2000007c   Data           4  tasks.o(.data)
    xNumOfOverflows                          0x20000080   Data           4  tasks.o(.data)
    uxTaskNumber                             0x20000084   Data           4  tasks.o(.data)
    xNextTaskUnblockTime                     0x20000088   Data           4  tasks.o(.data)
    uxSchedulerSuspended                     0x2000008c   Data           4  tasks.o(.data)
    pxDelayedTaskList                        0x20000090   Data           4  tasks.o(.data)
    pxOverflowDelayedTaskList                0x20000094   Data           4  tasks.o(.data)
    .data                                    0x20000098   Section        8  heap_1.o(.data)
    xNextFreeByte                            0x20000098   Data           4  heap_1.o(.data)
    pucAlignedHeap                           0x2000009c   Data           4  heap_1.o(.data)
    .data                                    0x200000a0   Section        4  port.o(.data)
    uxCriticalNesting                        0x200000a0   Data           4  port.o(.data)
    .data                                    0x200000a4   Section        1  usbd_ctlreq.o(.data)
    cfgidx                                   0x200000a4   Data           1  usbd_ctlreq.o(.data)
    .data                                    0x200000a8   Section      219  usbd_cdc.o(.data)
    ifalt                                    0x200000a8   Data           1  usbd_cdc.o(.data)
    USBD_CDC_DeviceQualifierDesc             0x200000ac   Data          10  usbd_cdc.o(.data)
    .data                                    0x20000184   Section       56  usbd_cdc.o(.data)
    .data                                    0x200001bc   Section        4  stdout.o(.data)
    .data                                    0x200001c0   Section        4  mvars.o(.data)
    .data                                    0x200001c4   Section        4  mvars.o(.data)
    .bss                                     0x200001c8   Section      540  main.o(.bss)
    .bss                                     0x200003e4   Section     1088  usbd_conf.o(.bss)
    mem                                      0x200003e4   Data         544  usbd_conf.o(.bss)
    .bss                                     0x20000824   Section       64  stm32f0xx_hal_timebase_tim.o(.bss)
    .bss                                     0x20000864   Section      512  usbd_desc.o(.bss)
    .bss                                     0x20000a64   Section      548  usb_device.o(.bss)
    .bss                                     0x20000c88   Section      256  usbd_cdc_if.o(.bss)
    .bss                                     0x20000d88   Section      144  my_usb.o(.bss)
    .bss                                     0x20000e18   Section      140  my_tasks.o(.bss)
    .bss                                     0x20000ea4   Section        9  ds18b20.o(.bss)
    .bss                                     0x20000eb0   Section      240  tasks.o(.bss)
    pxReadyTasksLists                        0x20000eb0   Data         140  tasks.o(.bss)
    xDelayedTaskList1                        0x20000f3c   Data          20  tasks.o(.bss)
    xDelayedTaskList2                        0x20000f50   Data          20  tasks.o(.bss)
    xPendingReadyList                        0x20000f64   Data          20  tasks.o(.bss)
    xTasksWaitingTermination                 0x20000f78   Data          20  tasks.o(.bss)
    xSuspendedTaskList                       0x20000f8c   Data          20  tasks.o(.bss)
    .bss                                     0x20000fa0   Section     4096  heap_1.o(.bss)
    ucHeap                                   0x20000fa0   Data        4096  heap_1.o(.bss)
    HEAP                                     0x20001fa0   Section      512  startup_stm32f072xb.o(HEAP)
    STACK                                    0x200021a0   Section     1024  startup_stm32f072xb.o(STACK)

    Global Symbols

    Symbol Name                              Value     Ov Type        Size  Object(Section)

    BuildAttributes$$THM_ISAv3M$S$PE$A:L22$X:L11$S22$IEEE1$IW$USESV6$~STKCKD$USESV7$~SHL$OSPACE$ROPI$EBA8$MICROLIB$REQ8$PRES8$EABIv2 0x00000000   Number         0  anon$$obj.o ABSOLUTE
    __ARM_use_no_argv                        0x00000000   Number         0  main.o ABSOLUTE
    _printf_a                                0x00000000   Number         0  stubs.o ABSOLUTE
    _printf_c                                0x00000000   Number         0  stubs.o ABSOLUTE
    _printf_charcount                        0x00000000   Number         0  stubs.o ABSOLUTE
    _printf_d                                0x00000000   Number         0  stubs.o ABSOLUTE
    _printf_e                                0x00000000   Number         0  stubs.o ABSOLUTE
    _printf_f                                0x00000000   Number         0  stubs.o ABSOLUTE
    _printf_flags                            0x00000000   Number         0  stubs.o ABSOLUTE
    _printf_fp_dec                           0x00000000   Number         0  stubs.o ABSOLUTE
    _printf_fp_hex                           0x00000000   Number         0  stubs.o ABSOLUTE
    _printf_g                                0x00000000   Number         0  stubs.o ABSOLUTE
    _printf_i                                0x00000000   Number         0  stubs.o ABSOLUTE
    _printf_int_dec                          0x00000000   Number         0  stubs.o ABSOLUTE
    _printf_l                                0x00000000   Number         0  stubs.o ABSOLUTE
    _printf_lc                               0x00000000   Number         0  stubs.o ABSOLUTE
    _printf_ll                               0x00000000   Number         0  stubs.o ABSOLUTE
    _printf_lld                              0x00000000   Number         0  stubs.o ABSOLUTE
    _printf_lli                              0x00000000   Number         0  stubs.o ABSOLUTE
    _printf_llo                              0x00000000   Number         0  stubs.o ABSOLUTE
    _printf_llu                              0x00000000   Number         0  stubs.o ABSOLUTE
    _printf_llx                              0x00000000   Number         0  stubs.o ABSOLUTE
    _printf_longlong_dec                     0x00000000   Number         0  stubs.o ABSOLUTE
    _printf_longlong_hex                     0x00000000   Number         0  stubs.o ABSOLUTE
    _printf_longlong_oct                     0x00000000   Number         0  stubs.o ABSOLUTE
    _printf_ls                               0x00000000   Number         0  stubs.o ABSOLUTE
    _printf_mbtowc                           0x00000000   Number         0  stubs.o ABSOLUTE
    _printf_n                                0x00000000   Number         0  stubs.o ABSOLUTE
    _printf_o                                0x00000000   Number         0  stubs.o ABSOLUTE
    _printf_p                                0x00000000   Number         0  stubs.o ABSOLUTE
    _printf_percent                          0x00000000   Number         0  stubs.o ABSOLUTE
    _printf_pre_padding                      0x00000000   Number         0  stubs.o ABSOLUTE
    _printf_return_value                     0x00000000   Number         0  stubs.o ABSOLUTE
    _printf_s                                0x00000000   Number         0  stubs.o ABSOLUTE
    _printf_sizespec                         0x00000000   Number         0  stubs.o ABSOLUTE
    _printf_str                              0x00000000   Number         0  stubs.o ABSOLUTE
    _printf_truncate_signed                  0x00000000   Number         0  stubs.o ABSOLUTE
    _printf_truncate_unsigned                0x00000000   Number         0  stubs.o ABSOLUTE
    _printf_u                                0x00000000   Number         0  stubs.o ABSOLUTE
    _printf_wc                               0x00000000   Number         0  stubs.o ABSOLUTE
    _printf_wctomb                           0x00000000   Number         0  stubs.o ABSOLUTE
    _printf_widthprec                        0x00000000   Number         0  stubs.o ABSOLUTE
    _printf_x                                0x00000000   Number         0  stubs.o ABSOLUTE
    __cpp_initialize__aeabi_                  - Undefined Weak Reference
    __cxa_finalize                            - Undefined Weak Reference
    _clock_init                               - Undefined Weak Reference
    _microlib_exit                            - Undefined Weak Reference
    __Vectors_Size                           0x000000c0   Number         0  startup_stm32f072xb.o ABSOLUTE
    __Vectors                                0x08000000   Data           4  startup_stm32f072xb.o(RESET)
    __Vectors_End                            0x080000c0   Data           0  startup_stm32f072xb.o(RESET)
    __main                                   0x080000c1   Thumb Code     0  entry.o(.ARM.Collect$$$$00000000)
    _main_stk                                0x080000c1   Thumb Code     0  entry2.o(.ARM.Collect$$$$00000001)
    _main_scatterload                        0x080000c5   Thumb Code     0  entry5.o(.ARM.Collect$$$$00000004)
    __main_after_scatterload                 0x080000c9   Thumb Code     0  entry5.o(.ARM.Collect$$$$00000004)
    _main_clock                              0x080000c9   Thumb Code     0  entry7b.o(.ARM.Collect$$$$00000008)
    _main_cpp_init                           0x080000c9   Thumb Code     0  entry8b.o(.ARM.Collect$$$$0000000A)
    _main_init                               0x080000c9   Thumb Code     0  entry9a.o(.ARM.Collect$$$$0000000B)
    __rt_final_cpp                           0x080000d1   Thumb Code     0  entry10a.o(.ARM.Collect$$$$0000000D)
    __rt_final_exit                          0x080000d1   Thumb Code     0  entry11a.o(.ARM.Collect$$$$0000000F)
    __asm___6_port_c_39a90d8d__prvPortStartFirstTask 0x080000d5   Thumb Code    28  port.o(.emb_text)
    ulSetInterruptMaskFromISR                0x080000f5   Thumb Code     8  port.o(.emb_text)
    vClearInterruptMaskFromISR               0x080000fd   Thumb Code     6  port.o(.emb_text)
    PendSV_Handler                           0x08000103   Thumb Code    62  port.o(.emb_text)
    Reset_Handler                            0x08000145   Thumb Code     8  startup_stm32f072xb.o(.text)
    ADC1_COMP_IRQHandler                     0x08000157   Thumb Code     0  startup_stm32f072xb.o(.text)
    CEC_CAN_IRQHandler                       0x08000157   Thumb Code     0  startup_stm32f072xb.o(.text)
    DMA1_Channel1_IRQHandler                 0x08000157   Thumb Code     0  startup_stm32f072xb.o(.text)
    DMA1_Channel2_3_IRQHandler               0x08000157   Thumb Code     0  startup_stm32f072xb.o(.text)
    DMA1_Channel4_5_6_7_IRQHandler           0x08000157   Thumb Code     0  startup_stm32f072xb.o(.text)
    EXTI0_1_IRQHandler                       0x08000157   Thumb Code     0  startup_stm32f072xb.o(.text)
    EXTI2_3_IRQHandler                       0x08000157   Thumb Code     0  startup_stm32f072xb.o(.text)
    EXTI4_15_IRQHandler                      0x08000157   Thumb Code     0  startup_stm32f072xb.o(.text)
    FLASH_IRQHandler                         0x08000157   Thumb Code     0  startup_stm32f072xb.o(.text)
    I2C1_IRQHandler                          0x08000157   Thumb Code     0  startup_stm32f072xb.o(.text)
    I2C2_IRQHandler                          0x08000157   Thumb Code     0  startup_stm32f072xb.o(.text)
    PVD_VDDIO2_IRQHandler                    0x08000157   Thumb Code     0  startup_stm32f072xb.o(.text)
    RCC_CRS_IRQHandler                       0x08000157   Thumb Code     0  startup_stm32f072xb.o(.text)
    RTC_IRQHandler                           0x08000157   Thumb Code     0  startup_stm32f072xb.o(.text)
    SPI1_IRQHandler                          0x08000157   Thumb Code     0  startup_stm32f072xb.o(.text)
    SPI2_IRQHandler                          0x08000157   Thumb Code     0  startup_stm32f072xb.o(.text)
    TIM14_IRQHandler                         0x08000157   Thumb Code     0  startup_stm32f072xb.o(.text)
    TIM15_IRQHandler                         0x08000157   Thumb Code     0  startup_stm32f072xb.o(.text)
    TIM16_IRQHandler                         0x08000157   Thumb Code     0  startup_stm32f072xb.o(.text)
    TIM17_IRQHandler                         0x08000157   Thumb Code     0  startup_stm32f072xb.o(.text)
    TIM1_BRK_UP_TRG_COM_IRQHandler           0x08000157   Thumb Code     0  startup_stm32f072xb.o(.text)
    TIM1_CC_IRQHandler                       0x08000157   Thumb Code     0  startup_stm32f072xb.o(.text)
    TIM2_IRQHandler                          0x08000157   Thumb Code     0  startup_stm32f072xb.o(.text)
    TIM3_IRQHandler                          0x08000157   Thumb Code     0  startup_stm32f072xb.o(.text)
    TIM6_DAC_IRQHandler                      0x08000157   Thumb Code     0  startup_stm32f072xb.o(.text)
    TSC_IRQHandler                           0x08000157   Thumb Code     0  startup_stm32f072xb.o(.text)
    USART2_IRQHandler                        0x08000157   Thumb Code     0  startup_stm32f072xb.o(.text)
    USART3_4_IRQHandler                      0x08000157   Thumb Code     0  startup_stm32f072xb.o(.text)
    WWDG_IRQHandler                          0x08000157   Thumb Code     0  startup_stm32f072xb.o(.text)
    __aeabi_uidiv                            0x08000161   Thumb Code     0  uidiv.o(.text)
    __aeabi_uidivmod                         0x08000161   Thumb Code    44  uidiv.o(.text)
    __aeabi_llsr                             0x0800018d   Thumb Code    34  llushr.o(.text)
    _ll_ushift_r                             0x0800018d   Thumb Code     0  llushr.o(.text)
    __aeabi_memcpy                           0x080001af   Thumb Code    36  memcpya.o(.text)
    __aeabi_memcpy4                          0x080001af   Thumb Code     0  memcpya.o(.text)
    __aeabi_memcpy8                          0x080001af   Thumb Code     0  memcpya.o(.text)
    __aeabi_memset                           0x080001d3   Thumb Code    14  memseta.o(.text)
    __aeabi_memset4                          0x080001d3   Thumb Code     0  memseta.o(.text)
    __aeabi_memset8                          0x080001d3   Thumb Code     0  memseta.o(.text)
    __aeabi_memclr                           0x080001e1   Thumb Code     4  memseta.o(.text)
    __aeabi_memclr4                          0x080001e1   Thumb Code     0  memseta.o(.text)
    __aeabi_memclr8                          0x080001e1   Thumb Code     0  memseta.o(.text)
    _memset$wrapper                          0x080001e5   Thumb Code    18  memseta.o(.text)
    __aeabi_dadd                             0x080001f9   Thumb Code   328  dadd.o(.text)
    __aeabi_dsub                             0x08000341   Thumb Code    12  dadd.o(.text)
    __aeabi_drsub                            0x0800034d   Thumb Code    12  dadd.o(.text)
    __aeabi_dmul                             0x0800035d   Thumb Code   202  dmul.o(.text)
    __aeabi_ui2d                             0x0800042d   Thumb Code    24  dfltui.o(.text)
    __aeabi_d2uiz                            0x08000449   Thumb Code    50  dfixui.o(.text)
    __aeabi_llsl                             0x08000485   Thumb Code    32  llshl.o(.text)
    _ll_shift_l                              0x08000485   Thumb Code     0  llshl.o(.text)
    __aeabi_lasr                             0x080004a5   Thumb Code    38  llsshr.o(.text)
    _ll_sshift_r                             0x080004a5   Thumb Code     0  llsshr.o(.text)
    __I$use$fp                               0x080004cb   Thumb Code     0  iusefp.o(.text)
    _double_round                            0x080004cb   Thumb Code    26  depilogue.o(.text)
    _double_epilogue                         0x080004e5   Thumb Code   164  depilogue.o(.text)
    __scatterload                            0x08000589   Thumb Code    28  init.o(.text)
    __scatterload_rt2                        0x08000589   Thumb Code     0  init.o(.text)
    __decompress                             0x080005ad   Thumb Code     0  __dczerorl2.o(.text)
    __decompress1                            0x080005ad   Thumb Code    86  __dczerorl2.o(.text)
    Error_Handler                            0x0800068d   Thumb Code     2  main.o(i.Error_Handler)
    HAL_ADC_ConfigChannel                    0x08000691   Thumb Code   284  stm32f0xx_hal_adc.o(i.HAL_ADC_ConfigChannel)
    HAL_ADC_Init                             0x080007bd   Thumb Code   362  stm32f0xx_hal_adc.o(i.HAL_ADC_Init)
    HAL_ADC_MspInit                          0x08000931   Thumb Code    54  stm32f0xx_hal_msp.o(i.HAL_ADC_MspInit)
    HAL_DMA_Abort_IT                         0x08000971   Thumb Code    72  stm32f0xx_hal_dma.o(i.HAL_DMA_Abort_IT)
    HAL_Delay                                0x080009b9   Thumb Code    22  stm32f0xx_hal.o(i.HAL_Delay)
    HAL_GPIO_Init                            0x080009d1   Thumb Code   314  stm32f0xx_hal_gpio.o(i.HAL_GPIO_Init)
    HAL_GPIO_ReadPin                         0x08000b29   Thumb Code    10  stm32f0xx_hal_gpio.o(i.HAL_GPIO_ReadPin)
    HAL_GPIO_TogglePin                       0x08000b33   Thumb Code     8  stm32f0xx_hal_gpio.o(i.HAL_GPIO_TogglePin)
    HAL_GPIO_WritePin                        0x08000b3b   Thumb Code    12  stm32f0xx_hal_gpio.o(i.HAL_GPIO_WritePin)
    HAL_GetTick                              0x08000b49   Thumb Code     6  stm32f0xx_hal.o(i.HAL_GetTick)
    HAL_I2CEx_ConfigAnalogFilter             0x08000b55   Thumb Code    74  stm32f0xx_hal_i2c_ex.o(i.HAL_I2CEx_ConfigAnalogFilter)
    HAL_I2CEx_ConfigDigitalFilter            0x08000b9f   Thumb Code    72  stm32f0xx_hal_i2c_ex.o(i.HAL_I2CEx_ConfigDigitalFilter)
    HAL_I2C_Init                             0x08000be9   Thumb Code   176  stm32f0xx_hal_i2c.o(i.HAL_I2C_Init)
    HAL_I2C_MspInit                          0x08000c9d   Thumb Code    62  stm32f0xx_hal_msp.o(i.HAL_I2C_MspInit)
    HAL_IncTick                              0x08000ce9   Thumb Code    10  stm32f0xx_hal.o(i.HAL_IncTick)
    HAL_Init                                 0x08000cf9   Thumb Code    26  stm32f0xx_hal.o(i.HAL_Init)
    HAL_InitTick                             0x08000d19   Thumb Code    98  stm32f0xx_hal_timebase_tim.o(i.HAL_InitTick)
    HAL_MspInit                              0x08000d91   Thumb Code    50  stm32f0xx_hal_msp.o(i.HAL_MspInit)
    HAL_NVIC_EnableIRQ                       0x08000dc9   Thumb Code    14  stm32f0xx_hal_cortex.o(i.HAL_NVIC_EnableIRQ)
    HAL_NVIC_SetPriority                     0x08000ddd   Thumb Code     8  stm32f0xx_hal_cortex.o(i.HAL_NVIC_SetPriority)
    HAL_PCDEx_PMAConfig                      0x08000de5   Thumb Code    58  stm32f0xx_hal_pcd_ex.o(i.HAL_PCDEx_PMAConfig)
    HAL_PCD_DataInStageCallback              0x08000e1f   Thumb Code    24  usbd_conf.o(i.HAL_PCD_DataInStageCallback)
    HAL_PCD_DataOutStageCallback             0x08000e37   Thumb Code    28  usbd_conf.o(i.HAL_PCD_DataOutStageCallback)
    HAL_PCD_EP_Close                         0x08000e55   Thumb Code   346  stm32f0xx_hal_pcd.o(i.HAL_PCD_EP_Close)
    HAL_PCD_EP_ClrStall                      0x08000fbd   Thumb Code   166  stm32f0xx_hal_pcd.o(i.HAL_PCD_EP_ClrStall)
    HAL_PCD_EP_GetRxCount                    0x08001071   Thumb Code    20  stm32f0xx_hal_pcd.o(i.HAL_PCD_EP_GetRxCount)
    HAL_PCD_EP_Open                          0x08001085   Thumb Code   652  stm32f0xx_hal_pcd.o(i.HAL_PCD_EP_Open)
    HAL_PCD_EP_Receive                       0x08001329   Thumb Code   298  stm32f0xx_hal_pcd.o(i.HAL_PCD_EP_Receive)
    HAL_PCD_EP_SetStall                      0x08001461   Thumb Code   136  stm32f0xx_hal_pcd.o(i.HAL_PCD_EP_SetStall)
    HAL_PCD_EP_Transmit                      0x080014f5   Thumb Code   386  stm32f0xx_hal_pcd.o(i.HAL_PCD_EP_Transmit)
    HAL_PCD_IRQHandler                       0x08001689   Thumb Code   238  stm32f0xx_hal_pcd.o(i.HAL_PCD_IRQHandler)
    HAL_PCD_Init                             0x08001795   Thumb Code   154  stm32f0xx_hal_pcd.o(i.HAL_PCD_Init)
    HAL_PCD_MspInit                          0x08001831   Thumb Code    46  usbd_conf.o(i.HAL_PCD_MspInit)
    HAL_PCD_ResetCallback                    0x08001869   Thumb Code    24  usbd_conf.o(i.HAL_PCD_ResetCallback)
    HAL_PCD_ResumeCallback                   0x08001881   Thumb Code    38  usbd_conf.o(i.HAL_PCD_ResumeCallback)
    HAL_PCD_SOFCallback                      0x080018ad   Thumb Code    16  usbd_conf.o(i.HAL_PCD_SOFCallback)
    HAL_PCD_SetAddress                       0x080018bd   Thumb Code    44  stm32f0xx_hal_pcd.o(i.HAL_PCD_SetAddress)
    HAL_PCD_SetupStageCallback               0x080018e9   Thumb Code    22  usbd_conf.o(i.HAL_PCD_SetupStageCallback)
    HAL_PCD_Start                            0x080018ff   Thumb Code    18  stm32f0xx_hal_pcd.o(i.HAL_PCD_Start)
    HAL_PCD_SuspendCallback                  0x08001911   Thumb Code    34  usbd_conf.o(i.HAL_PCD_SuspendCallback)
    HAL_RCCEx_PeriphCLKConfig                0x08001939   Thumb Code   274  stm32f0xx_hal_rcc_ex.o(i.HAL_RCCEx_PeriphCLKConfig)
    HAL_RCC_ClockConfig                      0x08001a59   Thumb Code   320  stm32f0xx_hal_rcc.o(i.HAL_RCC_ClockConfig)
    HAL_RCC_GetClockConfig                   0x08001bad   Thumb Code    46  stm32f0xx_hal_rcc.o(i.HAL_RCC_GetClockConfig)
    HAL_RCC_GetHCLKFreq                      0x08001be5   Thumb Code     6  stm32f0xx_hal_rcc.o(i.HAL_RCC_GetHCLKFreq)
    HAL_RCC_GetPCLK1Freq                     0x08001bf1   Thumb Code    20  stm32f0xx_hal_rcc.o(i.HAL_RCC_GetPCLK1Freq)
    HAL_RCC_GetSysClockFreq                  0x08001c11   Thumb Code    90  stm32f0xx_hal_rcc.o(i.HAL_RCC_GetSysClockFreq)
    HAL_RCC_OscConfig                        0x08001c99   Thumb Code   966  stm32f0xx_hal_rcc.o(i.HAL_RCC_OscConfig)
    HAL_SPI_Init                             0x08002071   Thumb Code   184  stm32f0xx_hal_spi.o(i.HAL_SPI_Init)
    HAL_SPI_MspInit                          0x08002129   Thumb Code    58  stm32f0xx_hal_msp.o(i.HAL_SPI_MspInit)
    HAL_SPI_Transmit                         0x08002171   Thumb Code   368  stm32f0xx_hal_spi.o(i.HAL_SPI_Transmit)
    HAL_SYSTICK_CLKSourceConfig              0x080022e1   Thumb Code    20  stm32f0xx_hal_cortex.o(i.HAL_SYSTICK_CLKSourceConfig)
    HAL_SYSTICK_Config                       0x080022f9   Thumb Code    38  stm32f0xx_hal_cortex.o(i.HAL_SYSTICK_Config)
    HAL_TIMEx_BreakCallback                  0x08002329   Thumb Code     2  stm32f0xx_hal_tim_ex.o(i.HAL_TIMEx_BreakCallback)
    HAL_TIMEx_CommutationCallback            0x0800232b   Thumb Code     2  stm32f0xx_hal_tim_ex.o(i.HAL_TIMEx_CommutationCallback)
    HAL_TIMEx_MasterConfigSynchronization    0x0800232d   Thumb Code    72  stm32f0xx_hal_tim_ex.o(i.HAL_TIMEx_MasterConfigSynchronization)
    HAL_TIM_Base_Init                        0x08002375   Thumb Code    52  stm32f0xx_hal_tim.o(i.HAL_TIM_Base_Init)
    HAL_TIM_Base_MspInit                     0x080023a9   Thumb Code    30  stm32f0xx_hal_msp.o(i.HAL_TIM_Base_MspInit)
    HAL_TIM_Base_Start                       0x080023cd   Thumb Code    24  stm32f0xx_hal_tim.o(i.HAL_TIM_Base_Start)
    HAL_TIM_Base_Start_IT                    0x080023e5   Thumb Code    22  stm32f0xx_hal_tim.o(i.HAL_TIM_Base_Start_IT)
    HAL_TIM_ConfigClockSource                0x080023fb   Thumb Code   238  stm32f0xx_hal_tim.o(i.HAL_TIM_ConfigClockSource)
    HAL_TIM_IC_CaptureCallback               0x080024e9   Thumb Code     2  stm32f0xx_hal_tim.o(i.HAL_TIM_IC_CaptureCallback)
    HAL_TIM_IRQHandler                       0x080024eb   Thumb Code   354  stm32f0xx_hal_tim.o(i.HAL_TIM_IRQHandler)
    HAL_TIM_OC_DelayElapsedCallback          0x0800264d   Thumb Code     2  stm32f0xx_hal_tim.o(i.HAL_TIM_OC_DelayElapsedCallback)
    HAL_TIM_PWM_PulseFinishedCallback        0x0800264f   Thumb Code     2  stm32f0xx_hal_tim.o(i.HAL_TIM_PWM_PulseFinishedCallback)
    HAL_TIM_PeriodElapsedCallback            0x08002651   Thumb Code    16  main.o(i.HAL_TIM_PeriodElapsedCallback)
    HAL_TIM_TriggerCallback                  0x08002665   Thumb Code     2  stm32f0xx_hal_tim.o(i.HAL_TIM_TriggerCallback)
    HAL_UARTEx_WakeupCallback                0x08002667   Thumb Code     2  stm32f0xx_hal_uart_ex.o(i.HAL_UARTEx_WakeupCallback)
    HAL_UART_ErrorCallback                   0x08002669   Thumb Code    22  main.o(i.HAL_UART_ErrorCallback)
    HAL_UART_IRQHandler                      0x0800268d   Thumb Code   304  stm32f0xx_hal_uart.o(i.HAL_UART_IRQHandler)
    HAL_UART_Init                            0x080027c1   Thumb Code   108  stm32f0xx_hal_uart.o(i.HAL_UART_Init)
    HAL_UART_MspInit                         0x0800282d   Thumb Code   114  stm32f0xx_hal_msp.o(i.HAL_UART_MspInit)
    HAL_UART_Receive_IT                      0x080028b1   Thumb Code   154  stm32f0xx_hal_uart.o(i.HAL_UART_Receive_IT)
    HAL_UART_RxCpltCallback                  0x08002951   Thumb Code    46  main.o(i.HAL_UART_RxCpltCallback)
    HAL_UART_Transmit                        0x08002991   Thumb Code   200  stm32f0xx_hal_uart.o(i.HAL_UART_Transmit)
    HAL_UART_TxCpltCallback                  0x08002a59   Thumb Code     2  stm32f0xx_hal_uart.o(i.HAL_UART_TxCpltCallback)
    HardFault_Handler                        0x08002a5b   Thumb Code     2  stm32f0xx_it.o(i.HardFault_Handler)
    MX_USB_DEVICE_Init                       0x08002cd9   Thumb Code    36  usb_device.o(i.MX_USB_DEVICE_Init)
    NMI_Handler                              0x08002d0d   Thumb Code     2  stm32f0xx_it.o(i.NMI_Handler)
    PCD_ReadPMA                              0x0800308d   Thumb Code    30  stm32f0xx_hal_pcd.o(i.PCD_ReadPMA)
    PCD_WritePMA                             0x080030ab   Thumb Code    38  stm32f0xx_hal_pcd.o(i.PCD_WritePMA)
    SVC_Handler                              0x08003239   Thumb Code     2  port.o(i.SVC_Handler)
    StartDefaultTask                         0x0800323b   Thumb Code    12  main.o(i.StartDefaultTask)
    SysTick_Handler                          0x08003247   Thumb Code     8  stm32f0xx_it.o(i.SysTick_Handler)
    SystemClock_Config                       0x08003251   Thumb Code   122  main.o(i.SystemClock_Config)
    SystemInit                               0x080032d1   Thumb Code    76  system_stm32f0xx.o(i.SystemInit)
    TIM7_IRQHandler                          0x0800332d   Thumb Code    10  stm32f0xx_it.o(i.TIM7_IRQHandler)
    TIM_Base_SetConfig                       0x0800333d   Thumb Code   124  stm32f0xx_hal_tim.o(i.TIM_Base_SetConfig)
    TIM_ETR_SetConfig                        0x080033d1   Thumb Code    22  stm32f0xx_hal_tim.o(i.TIM_ETR_SetConfig)
    UART_AdvFeatureConfig                    0x0800343f   Thumb Code   202  stm32f0xx_hal_uart.o(i.UART_AdvFeatureConfig)
    UART_CheckIdleState                      0x08003509   Thumb Code   102  stm32f0xx_hal_uart.o(i.UART_CheckIdleState)
    UART_EndTransmit_IT                      0x080035af   Thumb Code    26  stm32f0xx_hal_uart.o(i.UART_EndTransmit_IT)
    UART_Receive_IT                          0x080035c9   Thumb Code   122  stm32f0xx_hal_uart.o(i.UART_Receive_IT)
    UART_SetConfig                           0x08003645   Thumb Code   316  stm32f0xx_hal_uart.o(i.UART_SetConfig)
    UART_Transmit_IT                         0x080037a1   Thumb Code   102  stm32f0xx_hal_uart.o(i.UART_Transmit_IT)
    UART_WaitOnFlagUntilTimeout              0x08003807   Thumb Code    98  stm32f0xx_hal_uart.o(i.UART_WaitOnFlagUntilTimeout)
    USART1_IRQHandler                        0x08003869   Thumb Code    10  stm32f0xx_it.o(i.USART1_IRQHandler)
    USBD_CDC_GetDeviceQualifierDescriptor    0x08003931   Thumb Code     8  usbd_cdc.o(i.USBD_CDC_GetDeviceQualifierDescriptor)
    USBD_CDC_ReceivePacket                   0x080039eb   Thumb Code    56  usbd_cdc.o(i.USBD_CDC_ReceivePacket)
    USBD_CDC_RegisterInterface               0x08003a23   Thumb Code    20  usbd_cdc.o(i.USBD_CDC_RegisterInterface)
    USBD_CDC_SetRxBuffer                     0x08003a37   Thumb Code    20  usbd_cdc.o(i.USBD_CDC_SetRxBuffer)
    USBD_CDC_SetTxBuffer                     0x08003a4b   Thumb Code    22  usbd_cdc.o(i.USBD_CDC_SetTxBuffer)
    USBD_ClrClassConfig                      0x08003ad5   Thumb Code    16  usbd_core.o(i.USBD_ClrClassConfig)
    USBD_CtlContinueRx                       0x08003ae5   Thumb Code    16  usbd_ioreq.o(i.USBD_CtlContinueRx)
    USBD_CtlContinueSendData                 0x08003af5   Thumb Code    16  usbd_ioreq.o(i.USBD_CtlContinueSendData)
    USBD_CtlError                            0x08003b05   Thumb Code    20  usbd_ctlreq.o(i.USBD_CtlError)
    USBD_CtlPrepareRx                        0x08003b19   Thumb Code    32  usbd_ioreq.o(i.USBD_CtlPrepareRx)
    USBD_CtlReceiveStatus                    0x08003b39   Thumb Code    24  usbd_ioreq.o(i.USBD_CtlReceiveStatus)
    USBD_CtlSendData                         0x08003b51   Thumb Code    28  usbd_ioreq.o(i.USBD_CtlSendData)
    USBD_CtlSendStatus                       0x08003b6d   Thumb Code    24  usbd_ioreq.o(i.USBD_CtlSendStatus)
    USBD_FS_ConfigStrDescriptor              0x08003b85   Thumb Code    16  usbd_desc.o(i.USBD_FS_ConfigStrDescriptor)
    USBD_FS_DeviceDescriptor                 0x08003ba5   Thumb Code     8  usbd_desc.o(i.USBD_FS_DeviceDescriptor)
    USBD_FS_InterfaceStrDescriptor           0x08003bb1   Thumb Code    16  usbd_desc.o(i.USBD_FS_InterfaceStrDescriptor)
    USBD_FS_LangIDStrDescriptor              0x08003bd5   Thumb Code     8  usbd_desc.o(i.USBD_FS_LangIDStrDescriptor)
    USBD_FS_ManufacturerStrDescriptor        0x08003be1   Thumb Code    16  usbd_desc.o(i.USBD_FS_ManufacturerStrDescriptor)
    USBD_FS_ProductStrDescriptor             0x08003c09   Thumb Code    16  usbd_desc.o(i.USBD_FS_ProductStrDescriptor)
    USBD_FS_SerialStrDescriptor              0x08003c35   Thumb Code    16  usbd_desc.o(i.USBD_FS_SerialStrDescriptor)
    USBD_GetString                           0x08003d39   Thumb Code    68  usbd_ctlreq.o(i.USBD_GetString)
    USBD_Init                                0x08003d7d   Thumb Code    50  usbd_core.o(i.USBD_Init)
    USBD_LL_ClearStallEP                     0x08003daf   Thumb Code    38  usbd_conf.o(i.USBD_LL_ClearStallEP)
    USBD_LL_CloseEP                          0x08003dd5   Thumb Code    38  usbd_conf.o(i.USBD_LL_CloseEP)
    USBD_LL_DataInStage                      0x08003dfb   Thumb Code   182  usbd_core.o(i.USBD_LL_DataInStage)
    USBD_LL_DataOutStage                     0x08003eb1   Thumb Code   116  usbd_core.o(i.USBD_LL_DataOutStage)
    USBD_LL_GetRxDataSize                    0x08003f25   Thumb Code    16  usbd_conf.o(i.USBD_LL_GetRxDataSize)
    USBD_LL_Init                             0x08003f35   Thumb Code   122  usbd_conf.o(i.USBD_LL_Init)
    USBD_LL_IsStallEP                        0x08003fbd   Thumb Code    36  usbd_conf.o(i.USBD_LL_IsStallEP)
    USBD_LL_OpenEP                           0x08003fe1   Thumb Code    44  usbd_conf.o(i.USBD_LL_OpenEP)
    USBD_LL_PrepareReceive                   0x0800400d   Thumb Code    38  usbd_conf.o(i.USBD_LL_PrepareReceive)
    USBD_LL_Reset                            0x08004033   Thumb Code    70  usbd_core.o(i.USBD_LL_Reset)
    USBD_LL_Resume                           0x08004079   Thumb Code    12  usbd_core.o(i.USBD_LL_Resume)
    USBD_LL_SOF                              0x08004085   Thumb Code    30  usbd_core.o(i.USBD_LL_SOF)
    USBD_LL_SetSpeed                         0x080040a3   Thumb Code     6  usbd_core.o(i.USBD_LL_SetSpeed)
    USBD_LL_SetUSBAddress                    0x080040a9   Thumb Code    38  usbd_conf.o(i.USBD_LL_SetUSBAddress)
    USBD_LL_SetupStage                       0x080040cf   Thumb Code    94  usbd_core.o(i.USBD_LL_SetupStage)
    USBD_LL_StallEP                          0x0800412d   Thumb Code    38  usbd_conf.o(i.USBD_LL_StallEP)
    USBD_LL_Start                            0x08004153   Thumb Code    38  usbd_conf.o(i.USBD_LL_Start)
    USBD_LL_Suspend                          0x08004179   Thumb Code    16  usbd_core.o(i.USBD_LL_Suspend)
    USBD_LL_Transmit                         0x08004189   Thumb Code    38  usbd_conf.o(i.USBD_LL_Transmit)
    USBD_ParseSetupRequest                   0x080041af   Thumb Code    40  usbd_ctlreq.o(i.USBD_ParseSetupRequest)
    USBD_RegisterClass                       0x080041d7   Thumb Code    22  usbd_core.o(i.USBD_RegisterClass)
    USBD_SetClassConfig                      0x080041ed   Thumb Code    28  usbd_core.o(i.USBD_SetClassConfig)
    USBD_Start                               0x08004279   Thumb Code    10  usbd_core.o(i.USBD_Start)
    USBD_StdDevReq                           0x08004283   Thumb Code   238  usbd_ctlreq.o(i.USBD_StdDevReq)
    USBD_StdEPReq                            0x08004371   Thumb Code   234  usbd_ctlreq.o(i.USBD_StdEPReq)
    USBD_StdItfReq                           0x0800445b   Thumb Code    58  usbd_ctlreq.o(i.USBD_StdItfReq)
    USBD_static_free                         0x08004495   Thumb Code     2  usbd_conf.o(i.USBD_static_free)
    USBD_static_malloc                       0x08004499   Thumb Code     4  usbd_conf.o(i.USBD_static_malloc)
    USB_IRQHandler                           0x080044a1   Thumb Code    10  stm32f0xx_it.o(i.USB_IRQHandler)
    __0printf$3                              0x080044b1   Thumb Code    24  printf3.o(i.__0printf$3)
    __1printf$3                              0x080044b1   Thumb Code     0  printf3.o(i.__0printf$3)
    __2printf                                0x080044b1   Thumb Code     0  printf3.o(i.__0printf$3)
    __ARM_clz                                0x080044d1   Thumb Code    46  depilogue.o(i.__ARM_clz)
    __ARM_common_switch8                     0x080044ff   Thumb Code    26  stm32f0xx_hal_tim.o(i.__ARM_common_switch8)
    __scatterload_copy                       0x08004519   Thumb Code    14  handlers.o(i.__scatterload_copy)
    __scatterload_null                       0x08004527   Thumb Code     2  handlers.o(i.__scatterload_null)
    __scatterload_zeroinit                   0x08004529   Thumb Code    14  handlers.o(i.__scatterload_zeroinit)
    animation_handler                        0x08004705   Thumb Code   116  animations.o(i.animation_handler)
    animation_task_start                     0x08004781   Thumb Code    66  my_tasks.o(i.animation_task_start)
    delay_us                                 0x080047cd   Thumb Code    18  delay_us.o(i.delay_us)
    delay_us_init                            0x080047e5   Thumb Code    12  delay_us.o(i.delay_us_init)
    ds18b20_get_temp                         0x080047f5   Thumb Code    40  ds18b20.o(i.ds18b20_get_temp)
    ds18b20_start_conversion                 0x08004821   Thumb Code    20  ds18b20.o(i.ds18b20_start_conversion)
    fputc                                    0x08004835   Thumb Code    18  main.o(i.fputc)
    gps_init                                 0x0800484d   Thumb Code    46  gps_config.o(i.gps_init)
    gps_reset                                0x08004881   Thumb Code    40  gps_config.o(i.gps_reset)
    gps_say                                  0x080048a9   Thumb Code    22  gps_config.o(i.gps_say)
    linear_buf_add                           0x080048c5   Thumb Code    42  helpers.o(i.linear_buf_add)
    linear_buf_add_str                       0x080048ef   Thumb Code    30  helpers.o(i.linear_buf_add_str)
    linear_buf_init                          0x0800490d   Thumb Code    64  helpers.o(i.linear_buf_init)
    linear_buf_line_available                0x0800495d   Thumb Code    36  helpers.o(i.linear_buf_line_available)
    linear_buf_reset                         0x08004981   Thumb Code    16  helpers.o(i.linear_buf_reset)
    main                                     0x08004991   Thumb Code   124  main.o(i.main)
    malloc                                   0x08004a25   Thumb Code    92  malloc.o(i.malloc)
    my_1wire_read_bit                        0x08004a91   Thumb Code    60  my_1wire.o(i.my_1wire_read_bit)
    my_1wire_read_byte                       0x08004ad1   Thumb Code    28  my_1wire.o(i.my_1wire_read_byte)
    my_1wire_read_bytes                      0x08004aed   Thumb Code    24  my_1wire.o(i.my_1wire_read_bytes)
    my_1wire_reset                           0x08004b05   Thumb Code    72  my_1wire.o(i.my_1wire_reset)
    my_1wire_write_bit                       0x08004b51   Thumb Code    74  my_1wire.o(i.my_1wire_write_bit)
    my_1wire_write_byte                      0x08004ba5   Thumb Code    28  my_1wire.o(i.my_1wire_write_byte)
    my_usb_init                              0x08004bc1   Thumb Code    18  my_usb.o(i.my_usb_init)
    osDelay                                  0x08004bdd   Thumb Code    16  cmsis_os.o(i.osDelay)
    osKernelStart                            0x08004bed   Thumb Code    10  cmsis_os.o(i.osKernelStart)
    osSystickHandler                         0x08004bf7   Thumb Code    16  cmsis_os.o(i.osSystickHandler)
    osThreadCreate                           0x08004c07   Thumb Code    56  cmsis_os.o(i.osThreadCreate)
    pvPortMalloc                             0x08004d19   Thumb Code    68  heap_1.o(i.pvPortMalloc)
    pxPortInitialiseStack                    0x08004d69   Thumb Code    28  port.o(i.pxPortInitialiseStack)
    setup_task                               0x08004d89   Thumb Code    76  my_tasks.o(i.setup_task)
    spi_send                                 0x08004df5   Thumb Code    42  my_tasks.o(i.spi_send)
    test_task_start                          0x08004e29   Thumb Code     8  my_tasks.o(i.test_task_start)
    uxListRemove                             0x08004e31   Thumb Code    36  list.o(i.uxListRemove)
    vListInitialise                          0x08004e55   Thumb Code    22  list.o(i.vListInitialise)
    vListInitialiseItem                      0x08004e6b   Thumb Code     6  list.o(i.vListInitialiseItem)
    vListInsert                              0x08004e71   Thumb Code    48  list.o(i.vListInsert)
    vListInsertEnd                           0x08004ea1   Thumb Code    24  list.o(i.vListInsertEnd)
    vPortEnterCritical                       0x08004eb9   Thumb Code    20  port.o(i.vPortEnterCritical)
    vPortExitCritical                        0x08004ed1   Thumb Code    22  port.o(i.vPortExitCritical)
    vPortFree                                0x08004eed   Thumb Code    10  heap_1.o(i.vPortFree)
    vPortYield                               0x08004ef9   Thumb Code    18  port.o(i.vPortYield)
    vTaskDelay                               0x08004f11   Thumb Code    54  tasks.o(i.vTaskDelay)
    vTaskStartScheduler                      0x08004f4d   Thumb Code    58  tasks.o(i.vTaskStartScheduler)
    vTaskSuspendAll                          0x08004f99   Thumb Code    10  tasks.o(i.vTaskSuspendAll)
    vTaskSwitchContext                       0x08004fa9   Thumb Code    78  tasks.o(i.vTaskSwitchContext)
    xPortStartScheduler                      0x08005001   Thumb Code    58  port.o(i.xPortStartScheduler)
    xPortSysTickHandler                      0x0800504d   Thumb Code    32  port.o(i.xPortSysTickHandler)
    xTaskGenericCreate                       0x08005071   Thumb Code   354  tasks.o(i.xTaskGenericCreate)
    xTaskGetSchedulerState                   0x080051dd   Thumb Code    26  tasks.o(i.xTaskGetSchedulerState)
    xTaskIncrementTick                       0x080051fd   Thumb Code   184  tasks.o(i.xTaskIncrementTick)
    xTaskResumeAll                           0x080052bd   Thumb Code   160  tasks.o(i.xTaskResumeAll)
    disable_gll                              0x080053a0   Data          11  gps_config.o(.constdata)
    disable_gsa                              0x080053ab   Data          11  gps_config.o(.constdata)
    disable_gsv                              0x080053b6   Data          11  gps_config.o(.constdata)
    disable_vtg                              0x080053c1   Data          11  gps_config.o(.constdata)
    AHBPrescTable                            0x080053cc   Data          16  system_stm32f0xx.o(.constdata)
    APBPrescTable                            0x080053dc   Data           8  system_stm32f0xx.o(.constdata)
    Region$$Table$$Base                      0x0800540c   Number         0  anon$$obj.o(Region$$Table)
    Region$$Table$$Limit                     0x0800542c   Number         0  anon$$obj.o(Region$$Table)
    defaultTaskHandle                        0x20000000   Data           4  main.o(.data)
    FS_Desc                                  0x20000004   Data          28  usbd_desc.o(.data)
    USBD_LangIDDesc                          0x20000020   Data           4  usbd_desc.o(.data)
    USBD_FS_DeviceDesc                       0x20000024   Data          18  usbd_desc.o(.data)
    USBD_Interface_fops_FS                   0x20000038   Data          16  usbd_cdc_if.o(.data)
    port_opened                              0x20000048   Data           4  my_usb.o(.data)
    brightness_modifier                      0x2000004c   Data           1  my_tasks.o(.data)
    gps_byte_buf                             0x2000004d   Data           1  my_tasks.o(.data)
    frame_counter                            0x20000050   Data           4  my_tasks.o(.data)
    us_timer                                 0x20000054   Data           4  delay_us.o(.data)
    SystemCoreClock                          0x20000058   Data           4  system_stm32f0xx.o(.data)
    uwTick                                   0x2000005c   Data           4  stm32f0xx_hal.o(.data)
    pxCurrentTCB                             0x20000060   Data           4  tasks.o(.data)
    USBD_CDC_CfgHSDesc                       0x200000b8   Data          67  usbd_cdc.o(.data)
    USBD_CDC_CfgFSDesc                       0x200000fc   Data          67  usbd_cdc.o(.data)
    USBD_CDC_OtherSpeedCfgDesc               0x20000140   Data          67  usbd_cdc.o(.data)
    USBD_CDC                                 0x20000184   Data          56  usbd_cdc.o(.data)
    __stdout                                 0x200001bc   Data           4  stdout.o(.data)
    __microlib_freelist                      0x200001c0   Data           4  mvars.o(.data)
    __microlib_freelist_initialised          0x200001c4   Data           4  mvars.o(.data)
    hadc                                     0x200001c8   Data          76  main.o(.bss)
    hi2c1                                    0x20000214   Data          76  main.o(.bss)
    hspi1                                    0x20000260   Data         100  main.o(.bss)
    htim2                                    0x200002c4   Data          64  main.o(.bss)
    huart1                                   0x20000304   Data         112  main.o(.bss)
    huart3                                   0x20000374   Data         112  main.o(.bss)
    hpcd_USB_FS                              0x20000604   Data         544  usbd_conf.o(.bss)
    htim7                                    0x20000824   Data          64  stm32f0xx_hal_timebase_tim.o(.bss)
    USBD_StrDesc                             0x20000864   Data         512  usbd_desc.o(.bss)
    hUsbDeviceFS                             0x20000a64   Data         548  usb_device.o(.bss)
    UserRxBufferFS                           0x20000c88   Data         128  usbd_cdc_if.o(.bss)
    UserTxBufferFS                           0x20000d08   Data         128  usbd_cdc_if.o(.bss)
    usb_recv_buf                             0x20000d88   Data          16  my_usb.o(.bss)
    usb_line_buf                             0x20000d98   Data         128  my_usb.o(.bss)
    spi_buf                                  0x20000e18   Data          16  my_tasks.o(.bss)
    test_anime                               0x20000e28   Data          12  my_tasks.o(.bss)
    exixe_pwm_status                         0x20000e34   Data          96  my_tasks.o(.bss)
    gps_lb                                   0x20000e94   Data          16  my_tasks.o(.bss)
    ds18b20_buf                              0x20000ea4   Data           9  ds18b20.o(.bss)
    __heap_base                              0x20001fa0   Data           0  startup_stm32f072xb.o(HEAP)
    __heap_limit                             0x200021a0   Data           0  startup_stm32f072xb.o(HEAP)
    __initial_sp                             0x200025a0   Data           0  startup_stm32f072xb.o(STACK)



==============================================================================

Memory Map of the image

  Image Entry point : 0x080000c1

  Load Region LR_IROM1 (Base: 0x08000000, Size: 0x000055f4, Max: 0x00010000, ABSOLUTE, COMPRESSED[0x000054f0])

    Execution Region ER_IROM1 (Base: 0x08000000, Size: 0x0000542c, Max: 0x00010000, ABSOLUTE)

    Base Addr    Size         Type   Attr      Idx    E Section Name        Object

    0x08000000   0x000000c0   Data   RO         1257    RESET               startup_stm32f072xb.o
    0x080000c0   0x00000000   Code   RO         5945  * .ARM.Collect$$$$00000000  mc_p.l(entry.o)
    0x080000c0   0x00000004   Code   RO         6257    .ARM.Collect$$$$00000001  mc_p.l(entry2.o)
    0x080000c4   0x00000004   Code   RO         6260    .ARM.Collect$$$$00000004  mc_p.l(entry5.o)
    0x080000c8   0x00000000   Code   RO         6262    .ARM.Collect$$$$00000008  mc_p.l(entry7b.o)
    0x080000c8   0x00000000   Code   RO         6264    .ARM.Collect$$$$0000000A  mc_p.l(entry8b.o)
    0x080000c8   0x00000008   Code   RO         6265    .ARM.Collect$$$$0000000B  mc_p.l(entry9a.o)
    0x080000d0   0x00000000   Code   RO         6267    .ARM.Collect$$$$0000000D  mc_p.l(entry10a.o)
    0x080000d0   0x00000000   Code   RO         6269    .ARM.Collect$$$$0000000F  mc_p.l(entry11a.o)
    0x080000d0   0x00000004   Code   RO         6258    .ARM.Collect$$$$00002712  mc_p.l(entry2.o)
    0x080000d4   0x00000070   Code   RO         5527    .emb_text           port.o
    0x08000144   0x0000001c   Code   RO         1258    .text               startup_stm32f072xb.o
    0x08000160   0x0000002c   Code   RO         5948    .text               mc_p.l(uidiv.o)
    0x0800018c   0x00000022   Code   RO         5950    .text               mc_p.l(llushr.o)
    0x080001ae   0x00000024   Code   RO         5952    .text               mc_p.l(memcpya.o)
    0x080001d2   0x00000024   Code   RO         5954    .text               mc_p.l(memseta.o)
    0x080001f6   0x00000002   PAD
    0x080001f8   0x00000164   Code   RO         6249    .text               mf_p.l(dadd.o)
    0x0800035c   0x000000d0   Code   RO         6251    .text               mf_p.l(dmul.o)
    0x0800042c   0x0000001c   Code   RO         6253    .text               mf_p.l(dfltui.o)
    0x08000448   0x0000003c   Code   RO         6255    .text               mf_p.l(dfixui.o)
    0x08000484   0x00000020   Code   RO         6274    .text               mc_p.l(llshl.o)
    0x080004a4   0x00000026   Code   RO         6276    .text               mc_p.l(llsshr.o)
    0x080004ca   0x00000000   Code   RO         6280    .text               mc_p.l(iusefp.o)
    0x080004ca   0x000000be   Code   RO         6281    .text               mf_p.l(depilogue.o)
    0x08000588   0x00000024   Code   RO         6291    .text               mc_p.l(init.o)
    0x080005ac   0x00000056   Code   RO         6301    .text               mc_p.l(__dczerorl2.o)
    0x08000602   0x00000002   PAD
    0x08000604   0x00000038   Code   RO          806    i.CDC_Control_FS    usbd_cdc_if.o
    0x0800063c   0x00000004   Code   RO          807    i.CDC_DeInit_FS     usbd_cdc_if.o
    0x08000640   0x00000024   Code   RO          808    i.CDC_Init_FS       usbd_cdc_if.o
    0x08000664   0x00000028   Code   RO          809    i.CDC_Receive_FS    usbd_cdc_if.o
    0x0800068c   0x00000002   Code   RO          218    i.Error_Handler     main.o
    0x0800068e   0x00000002   PAD
    0x08000690   0x0000012c   Code   RO         4501    i.HAL_ADC_ConfigChannel  stm32f0xx_hal_adc.o
    0x080007bc   0x00000174   Code   RO         4510    i.HAL_ADC_Init      stm32f0xx_hal_adc.o
    0x08000930   0x00000040   Code   RO          358    i.HAL_ADC_MspInit   stm32f0xx_hal_msp.o
    0x08000970   0x00000048   Code   RO         3507    i.HAL_DMA_Abort_IT  stm32f0xx_hal_dma.o
    0x080009b8   0x00000016   Code   RO         3236    i.HAL_Delay         stm32f0xx_hal.o
    0x080009ce   0x00000002   PAD
    0x080009d0   0x00000158   Code   RO         1361    i.HAL_GPIO_Init     stm32f0xx_hal_gpio.o
    0x08000b28   0x0000000a   Code   RO         1363    i.HAL_GPIO_ReadPin  stm32f0xx_hal_gpio.o
    0x08000b32   0x00000008   Code   RO         1364    i.HAL_GPIO_TogglePin  stm32f0xx_hal_gpio.o
    0x08000b3a   0x0000000c   Code   RO         1365    i.HAL_GPIO_WritePin  stm32f0xx_hal_gpio.o
    0x08000b46   0x00000002   PAD
    0x08000b48   0x0000000c   Code   RO         3240    i.HAL_GetTick       stm32f0xx_hal.o
    0x08000b54   0x0000004a   Code   RO         3600    i.HAL_I2CEx_ConfigAnalogFilter  stm32f0xx_hal_i2c_ex.o
    0x08000b9e   0x00000048   Code   RO         3601    i.HAL_I2CEx_ConfigDigitalFilter  stm32f0xx_hal_i2c_ex.o
    0x08000be6   0x00000002   PAD
    0x08000be8   0x000000b4   Code   RO         3661    i.HAL_I2C_Init      stm32f0xx_hal_i2c.o
    0x08000c9c   0x0000004c   Code   RO          360    i.HAL_I2C_MspInit   stm32f0xx_hal_msp.o
    0x08000ce8   0x00000010   Code   RO         3241    i.HAL_IncTick       stm32f0xx_hal.o
    0x08000cf8   0x00000020   Code   RO         3242    i.HAL_Init          stm32f0xx_hal.o
    0x08000d18   0x00000078   Code   RO          672    i.HAL_InitTick      stm32f0xx_hal_timebase_tim.o
    0x08000d90   0x00000038   Code   RO          361    i.HAL_MspInit       stm32f0xx_hal_msp.o
    0x08000dc8   0x00000014   Code   RO         1266    i.HAL_NVIC_EnableIRQ  stm32f0xx_hal_cortex.o
    0x08000ddc   0x00000008   Code   RO         1270    i.HAL_NVIC_SetPriority  stm32f0xx_hal_cortex.o
    0x08000de4   0x0000003a   Code   RO         2991    i.HAL_PCDEx_PMAConfig  stm32f0xx_hal_pcd_ex.o
    0x08000e1e   0x00000018   Code   RO          439    i.HAL_PCD_DataInStageCallback  usbd_conf.o
    0x08000e36   0x0000001c   Code   RO          440    i.HAL_PCD_DataOutStageCallback  usbd_conf.o
    0x08000e52   0x00000002   PAD
    0x08000e54   0x00000168   Code   RO         3020    i.HAL_PCD_EP_Close  stm32f0xx_hal_pcd.o
    0x08000fbc   0x000000b4   Code   RO         3021    i.HAL_PCD_EP_ClrStall  stm32f0xx_hal_pcd.o
    0x08001070   0x00000014   Code   RO         3023    i.HAL_PCD_EP_GetRxCount  stm32f0xx_hal_pcd.o
    0x08001084   0x000002a4   Code   RO         3024    i.HAL_PCD_EP_Open   stm32f0xx_hal_pcd.o
    0x08001328   0x00000138   Code   RO         3025    i.HAL_PCD_EP_Receive  stm32f0xx_hal_pcd.o
    0x08001460   0x00000094   Code   RO         3026    i.HAL_PCD_EP_SetStall  stm32f0xx_hal_pcd.o
    0x080014f4   0x00000194   Code   RO         3027    i.HAL_PCD_EP_Transmit  stm32f0xx_hal_pcd.o
    0x08001688   0x0000010c   Code   RO         3029    i.HAL_PCD_IRQHandler  stm32f0xx_hal_pcd.o
    0x08001794   0x0000009a   Code   RO         3032    i.HAL_PCD_Init      stm32f0xx_hal_pcd.o
    0x0800182e   0x00000002   PAD
    0x08001830   0x00000038   Code   RO          445    i.HAL_PCD_MspInit   usbd_conf.o
    0x08001868   0x00000018   Code   RO          446    i.HAL_PCD_ResetCallback  usbd_conf.o
    0x08001880   0x0000002c   Code   RO          447    i.HAL_PCD_ResumeCallback  usbd_conf.o
    0x080018ac   0x00000010   Code   RO          448    i.HAL_PCD_SOFCallback  usbd_conf.o
    0x080018bc   0x0000002c   Code   RO         3038    i.HAL_PCD_SetAddress  stm32f0xx_hal_pcd.o
    0x080018e8   0x00000016   Code   RO          449    i.HAL_PCD_SetupStageCallback  usbd_conf.o
    0x080018fe   0x00000012   Code   RO         3040    i.HAL_PCD_Start     stm32f0xx_hal_pcd.o
    0x08001910   0x00000028   Code   RO          450    i.HAL_PCD_SuspendCallback  usbd_conf.o
    0x08001938   0x00000120   Code   RO         3429    i.HAL_RCCEx_PeriphCLKConfig  stm32f0xx_hal_rcc_ex.o
    0x08001a58   0x00000154   Code   RO         1421    i.HAL_RCC_ClockConfig  stm32f0xx_hal_rcc.o
    0x08001bac   0x00000038   Code   RO         1425    i.HAL_RCC_GetClockConfig  stm32f0xx_hal_rcc.o
    0x08001be4   0x0000000c   Code   RO         1426    i.HAL_RCC_GetHCLKFreq  stm32f0xx_hal_rcc.o
    0x08001bf0   0x00000020   Code   RO         1428    i.HAL_RCC_GetPCLK1Freq  stm32f0xx_hal_rcc.o
    0x08001c10   0x00000088   Code   RO         1429    i.HAL_RCC_GetSysClockFreq  stm32f0xx_hal_rcc.o
    0x08001c98   0x000003d8   Code   RO         1432    i.HAL_RCC_OscConfig  stm32f0xx_hal_rcc.o
    0x08002070   0x000000b8   Code   RO         1523    i.HAL_SPI_Init      stm32f0xx_hal_spi.o
    0x08002128   0x00000048   Code   RO          363    i.HAL_SPI_MspInit   stm32f0xx_hal_msp.o
    0x08002170   0x00000170   Code   RO         1531    i.HAL_SPI_Transmit  stm32f0xx_hal_spi.o
    0x080022e0   0x00000018   Code   RO         1272    i.HAL_SYSTICK_CLKSourceConfig  stm32f0xx_hal_cortex.o
    0x080022f8   0x00000030   Code   RO         1274    i.HAL_SYSTICK_Config  stm32f0xx_hal_cortex.o
    0x08002328   0x00000002   Code   RO         1835    i.HAL_TIMEx_BreakCallback  stm32f0xx_hal_tim_ex.o
    0x0800232a   0x00000002   Code   RO         1836    i.HAL_TIMEx_CommutationCallback  stm32f0xx_hal_tim_ex.o
    0x0800232c   0x00000048   Code   RO         1852    i.HAL_TIMEx_MasterConfigSynchronization  stm32f0xx_hal_tim_ex.o
    0x08002374   0x00000034   Code   RO         2364    i.HAL_TIM_Base_Init  stm32f0xx_hal_tim.o
    0x080023a8   0x00000024   Code   RO          365    i.HAL_TIM_Base_MspInit  stm32f0xx_hal_msp.o
    0x080023cc   0x00000018   Code   RO         2367    i.HAL_TIM_Base_Start  stm32f0xx_hal_tim.o
    0x080023e4   0x00000016   Code   RO         2369    i.HAL_TIM_Base_Start_IT  stm32f0xx_hal_tim.o
    0x080023fa   0x000000ee   Code   RO         2373    i.HAL_TIM_ConfigClockSource  stm32f0xx_hal_tim.o
    0x080024e8   0x00000002   Code   RO         2393    i.HAL_TIM_IC_CaptureCallback  stm32f0xx_hal_tim.o
    0x080024ea   0x00000162   Code   RO         2406    i.HAL_TIM_IRQHandler  stm32f0xx_hal_tim.o
    0x0800264c   0x00000002   Code   RO         2409    i.HAL_TIM_OC_DelayElapsedCallback  stm32f0xx_hal_tim.o
    0x0800264e   0x00000002   Code   RO         2436    i.HAL_TIM_PWM_PulseFinishedCallback  stm32f0xx_hal_tim.o
    0x08002650   0x00000014   Code   RO          219    i.HAL_TIM_PeriodElapsedCallback  main.o
    0x08002664   0x00000002   Code   RO         2447    i.HAL_TIM_TriggerCallback  stm32f0xx_hal_tim.o
    0x08002666   0x00000002   Code   RO         4419    i.HAL_UARTEx_WakeupCallback  stm32f0xx_hal_uart_ex.o
    0x08002668   0x00000024   Code   RO          220    i.HAL_UART_ErrorCallback  main.o
    0x0800268c   0x00000134   Code   RO         4097    i.HAL_UART_IRQHandler  stm32f0xx_hal_uart.o
    0x080027c0   0x0000006c   Code   RO         4098    i.HAL_UART_Init     stm32f0xx_hal_uart.o
    0x0800282c   0x00000084   Code   RO          367    i.HAL_UART_MspInit  stm32f0xx_hal_msp.o
    0x080028b0   0x000000a0   Code   RO         4103    i.HAL_UART_Receive_IT  stm32f0xx_hal_uart.o
    0x08002950   0x00000040   Code   RO          221    i.HAL_UART_RxCpltCallback  main.o
    0x08002990   0x000000c8   Code   RO         4106    i.HAL_UART_Transmit  stm32f0xx_hal_uart.o
    0x08002a58   0x00000002   Code   RO         4109    i.HAL_UART_TxCpltCallback  stm32f0xx_hal_uart.o
    0x08002a5a   0x00000002   Code   RO            3    i.HardFault_Handler  stm32f0xx_it.o
    0x08002a5c   0x0000005c   Code   RO          222    i.MX_ADC_Init       main.o
    0x08002ab8   0x000000b8   Code   RO          223    i.MX_GPIO_Init      main.o
    0x08002b70   0x00000054   Code   RO          224    i.MX_I2C1_Init      main.o
    0x08002bc4   0x0000004c   Code   RO          225    i.MX_SPI1_Init      main.o
    0x08002c10   0x00000054   Code   RO          226    i.MX_TIM2_Init      main.o
    0x08002c64   0x0000003c   Code   RO          227    i.MX_USART1_UART_Init  main.o
    0x08002ca0   0x00000038   Code   RO          228    i.MX_USART3_UART_Init  main.o
    0x08002cd8   0x00000034   Code   RO          772    i.MX_USB_DEVICE_Init  usb_device.o
    0x08002d0c   0x00000002   Code   RO            4    i.NMI_Handler       stm32f0xx_it.o
    0x08002d0e   0x00000002   PAD
    0x08002d10   0x00000044   Code   RO         1276    i.NVIC_SetPriority  stm32f0xx_hal_cortex.o
    0x08002d54   0x00000338   Code   RO         3043    i.PCD_EP_ISR_Handler  stm32f0xx_hal_pcd.o
    0x0800308c   0x0000001e   Code   RO         3044    i.PCD_ReadPMA       stm32f0xx_hal_pcd.o
    0x080030aa   0x00000026   Code   RO         3045    i.PCD_WritePMA      stm32f0xx_hal_pcd.o
    0x080030d0   0x00000038   Code   RO         1561    i.SPI_EndRxTxTransaction  stm32f0xx_hal_spi.o
    0x08003108   0x0000009c   Code   RO         1566    i.SPI_WaitFifoStateUntilTimeout  stm32f0xx_hal_spi.o
    0x080031a4   0x00000094   Code   RO         1567    i.SPI_WaitFlagStateUntilTimeout  stm32f0xx_hal_spi.o
    0x08003238   0x00000002   Code   RO         5528    i.SVC_Handler       port.o
    0x0800323a   0x0000000c   Code   RO          229    i.StartDefaultTask  main.o
    0x08003246   0x00000008   Code   RO            5    i.SysTick_Handler   stm32f0xx_it.o
    0x0800324e   0x00000002   PAD
    0x08003250   0x00000080   Code   RO          230    i.SystemClock_Config  main.o
    0x080032d0   0x0000005c   Code   RO         1224    i.SystemInit        system_stm32f0xx.o
    0x0800332c   0x00000010   Code   RO            6    i.TIM7_IRQHandler   stm32f0xx_it.o
    0x0800333c   0x00000094   Code   RO         2448    i.TIM_Base_SetConfig  stm32f0xx_hal_tim.o
    0x080033d0   0x00000016   Code   RO         2455    i.TIM_ETR_SetConfig  stm32f0xx_hal_tim.o
    0x080033e6   0x00000010   Code   RO         2456    i.TIM_ITRx_SetConfig  stm32f0xx_hal_tim.o
    0x080033f6   0x00000022   Code   RO         2462    i.TIM_TI1_ConfigInputStage  stm32f0xx_hal_tim.o
    0x08003418   0x00000026   Code   RO         2464    i.TIM_TI2_ConfigInputStage  stm32f0xx_hal_tim.o
    0x0800343e   0x000000ca   Code   RO         4111    i.UART_AdvFeatureConfig  stm32f0xx_hal_uart.o
    0x08003508   0x00000074   Code   RO         4112    i.UART_CheckIdleState  stm32f0xx_hal_uart.o
    0x0800357c   0x00000014   Code   RO         4113    i.UART_DMAAbortOnError  stm32f0xx_hal_uart.o
    0x08003590   0x0000001e   Code   RO         4123    i.UART_EndRxTransfer  stm32f0xx_hal_uart.o
    0x080035ae   0x0000001a   Code   RO         4124    i.UART_EndTransmit_IT  stm32f0xx_hal_uart.o
    0x080035c8   0x0000007a   Code   RO         4126    i.UART_Receive_IT   stm32f0xx_hal_uart.o
    0x08003642   0x00000002   PAD
    0x08003644   0x0000015c   Code   RO         4127    i.UART_SetConfig    stm32f0xx_hal_uart.o
    0x080037a0   0x00000066   Code   RO         4128    i.UART_Transmit_IT  stm32f0xx_hal_uart.o
    0x08003806   0x00000062   Code   RO         4129    i.UART_WaitOnFlagUntilTimeout  stm32f0xx_hal_uart.o
    0x08003868   0x00000010   Code   RO            7    i.USART1_IRQHandler  stm32f0xx_it.o
    0x08003878   0x0000001e   Code   RO         5789    i.USBD_CDC_DataIn   usbd_cdc.o
    0x08003896   0x00000034   Code   RO         5790    i.USBD_CDC_DataOut  usbd_cdc.o
    0x080038ca   0x0000003c   Code   RO         5791    i.USBD_CDC_DeInit   usbd_cdc.o
    0x08003906   0x00000028   Code   RO         5792    i.USBD_CDC_EP0_RxReady  usbd_cdc.o
    0x0800392e   0x00000002   PAD
    0x08003930   0x0000000c   Code   RO         5793    i.USBD_CDC_GetDeviceQualifierDescriptor  usbd_cdc.o
    0x0800393c   0x0000000c   Code   RO         5794    i.USBD_CDC_GetFSCfgDesc  usbd_cdc.o
    0x08003948   0x0000000c   Code   RO         5795    i.USBD_CDC_GetHSCfgDesc  usbd_cdc.o
    0x08003954   0x0000000c   Code   RO         5796    i.USBD_CDC_GetOtherSpeedCfgDesc  usbd_cdc.o
    0x08003960   0x0000008a   Code   RO         5797    i.USBD_CDC_Init     usbd_cdc.o
    0x080039ea   0x00000038   Code   RO         5798    i.USBD_CDC_ReceivePacket  usbd_cdc.o
    0x08003a22   0x00000014   Code   RO         5799    i.USBD_CDC_RegisterInterface  usbd_cdc.o
    0x08003a36   0x00000014   Code   RO         5800    i.USBD_CDC_SetRxBuffer  usbd_cdc.o
    0x08003a4a   0x00000016   Code   RO         5801    i.USBD_CDC_SetTxBuffer  usbd_cdc.o
    0x08003a60   0x00000074   Code   RO         5802    i.USBD_CDC_Setup    usbd_cdc.o
    0x08003ad4   0x00000010   Code   RO         5594    i.USBD_ClrClassConfig  usbd_core.o
    0x08003ae4   0x00000010   Code   RO         5891    i.USBD_CtlContinueRx  usbd_ioreq.o
    0x08003af4   0x00000010   Code   RO         5892    i.USBD_CtlContinueSendData  usbd_ioreq.o
    0x08003b04   0x00000014   Code   RO         5728    i.USBD_CtlError     usbd_ctlreq.o
    0x08003b18   0x00000020   Code   RO         5893    i.USBD_CtlPrepareRx  usbd_ioreq.o
    0x08003b38   0x00000018   Code   RO         5894    i.USBD_CtlReceiveStatus  usbd_ioreq.o
    0x08003b50   0x0000001c   Code   RO         5895    i.USBD_CtlSendData  usbd_ioreq.o
    0x08003b6c   0x00000018   Code   RO         5896    i.USBD_CtlSendStatus  usbd_ioreq.o
    0x08003b84   0x00000020   Code   RO          708    i.USBD_FS_ConfigStrDescriptor  usbd_desc.o
    0x08003ba4   0x0000000c   Code   RO          709    i.USBD_FS_DeviceDescriptor  usbd_desc.o
    0x08003bb0   0x00000024   Code   RO          710    i.USBD_FS_InterfaceStrDescriptor  usbd_desc.o
    0x08003bd4   0x0000000c   Code   RO          711    i.USBD_FS_LangIDStrDescriptor  usbd_desc.o
    0x08003be0   0x00000028   Code   RO          712    i.USBD_FS_ManufacturerStrDescriptor  usbd_desc.o
    0x08003c08   0x0000002c   Code   RO          713    i.USBD_FS_ProductStrDescriptor  usbd_desc.o
    0x08003c34   0x00000024   Code   RO          714    i.USBD_FS_SerialStrDescriptor  usbd_desc.o
    0x08003c58   0x000000e0   Code   RO         5729    i.USBD_GetDescriptor  usbd_ctlreq.o
    0x08003d38   0x00000044   Code   RO         5730    i.USBD_GetString    usbd_ctlreq.o
    0x08003d7c   0x00000032   Code   RO         5596    i.USBD_Init         usbd_core.o
    0x08003dae   0x00000026   Code   RO          451    i.USBD_LL_ClearStallEP  usbd_conf.o
    0x08003dd4   0x00000026   Code   RO          452    i.USBD_LL_CloseEP   usbd_conf.o
    0x08003dfa   0x000000b6   Code   RO         5597    i.USBD_LL_DataInStage  usbd_core.o
    0x08003eb0   0x00000074   Code   RO         5598    i.USBD_LL_DataOutStage  usbd_core.o
    0x08003f24   0x00000010   Code   RO          456    i.USBD_LL_GetRxDataSize  usbd_conf.o
    0x08003f34   0x00000088   Code   RO          457    i.USBD_LL_Init      usbd_conf.o
    0x08003fbc   0x00000024   Code   RO          458    i.USBD_LL_IsStallEP  usbd_conf.o
    0x08003fe0   0x0000002c   Code   RO          459    i.USBD_LL_OpenEP    usbd_conf.o
    0x0800400c   0x00000026   Code   RO          460    i.USBD_LL_PrepareReceive  usbd_conf.o
    0x08004032   0x00000046   Code   RO         5603    i.USBD_LL_Reset     usbd_core.o
    0x08004078   0x0000000c   Code   RO         5604    i.USBD_LL_Resume    usbd_core.o
    0x08004084   0x0000001e   Code   RO         5605    i.USBD_LL_SOF       usbd_core.o
    0x080040a2   0x00000006   Code   RO         5606    i.USBD_LL_SetSpeed  usbd_core.o
    0x080040a8   0x00000026   Code   RO          461    i.USBD_LL_SetUSBAddress  usbd_conf.o
    0x080040ce   0x0000005e   Code   RO         5607    i.USBD_LL_SetupStage  usbd_core.o
    0x0800412c   0x00000026   Code   RO          462    i.USBD_LL_StallEP   usbd_conf.o
    0x08004152   0x00000026   Code   RO          463    i.USBD_LL_Start     usbd_conf.o
    0x08004178   0x00000010   Code   RO         5608    i.USBD_LL_Suspend   usbd_core.o
    0x08004188   0x00000026   Code   RO          465    i.USBD_LL_Transmit  usbd_conf.o
    0x080041ae   0x00000028   Code   RO         5731    i.USBD_ParseSetupRequest  usbd_ctlreq.o
    0x080041d6   0x00000016   Code   RO         5609    i.USBD_RegisterClass  usbd_core.o
    0x080041ec   0x0000001c   Code   RO         5611    i.USBD_SetClassConfig  usbd_core.o
    0x08004208   0x00000070   Code   RO         5732    i.USBD_SetConfig    usbd_ctlreq.o
    0x08004278   0x0000000a   Code   RO         5612    i.USBD_Start        usbd_core.o
    0x08004282   0x000000ee   Code   RO         5733    i.USBD_StdDevReq    usbd_ctlreq.o
    0x08004370   0x000000ea   Code   RO         5734    i.USBD_StdEPReq     usbd_ctlreq.o
    0x0800445a   0x0000003a   Code   RO         5735    i.USBD_StdItfReq    usbd_ctlreq.o
    0x08004494   0x00000002   Code   RO          466    i.USBD_static_free  usbd_conf.o
    0x08004496   0x00000002   PAD
    0x08004498   0x00000008   Code   RO          467    i.USBD_static_malloc  usbd_conf.o
    0x080044a0   0x00000010   Code   RO            8    i.USB_IRQHandler    stm32f0xx_it.o
    0x080044b0   0x00000020   Code   RO         6049    i.__0printf$3       mc_p.l(printf3.o)
    0x080044d0   0x0000002e   Code   RO         6283    i.__ARM_clz         mf_p.l(depilogue.o)
    0x080044fe   0x0000001a   Code   RO         2983    i.__ARM_common_switch8  stm32f0xx_hal_tim.o
    0x08004518   0x0000000e   Code   RO         6295    i.__scatterload_copy  mc_p.l(handlers.o)
    0x08004526   0x00000002   Code   RO         6296    i.__scatterload_null  mc_p.l(handlers.o)
    0x08004528   0x0000000e   Code   RO         6297    i.__scatterload_zeroinit  mc_p.l(handlers.o)
    0x08004536   0x00000002   PAD
    0x08004538   0x000001cc   Code   RO         6056    i._printf_core      mc_p.l(printf3.o)
    0x08004704   0x0000007c   Code   RO         1017    i.animation_handler  animations.o
    0x08004780   0x0000004c   Code   RO          954    i.animation_task_start  my_tasks.o
    0x080047cc   0x00000018   Code   RO         1043    i.delay_us          delay_us.o
    0x080047e4   0x00000010   Code   RO         1044    i.delay_us_init     delay_us.o
    0x080047f4   0x0000002c   Code   RO         1128    i.ds18b20_get_temp  ds18b20.o
    0x08004820   0x00000014   Code   RO         1129    i.ds18b20_start_conversion  ds18b20.o
    0x08004834   0x00000018   Code   RO          231    i.fputc             main.o
    0x0800484c   0x00000034   Code   RO         1189    i.gps_init          gps_config.o
    0x08004880   0x00000028   Code   RO         1190    i.gps_reset         gps_config.o
    0x080048a8   0x0000001c   Code   RO         1191    i.gps_say           gps_config.o
    0x080048c4   0x0000002a   Code   RO          855    i.linear_buf_add    helpers.o
    0x080048ee   0x0000001e   Code   RO          856    i.linear_buf_add_str  helpers.o
    0x0800490c   0x00000050   Code   RO          858    i.linear_buf_init   helpers.o
    0x0800495c   0x00000024   Code   RO          859    i.linear_buf_line_available  helpers.o
    0x08004980   0x00000010   Code   RO          860    i.linear_buf_reset  helpers.o
    0x08004990   0x00000088   Code   RO          232    i.main              main.o
    0x08004a18   0x0000000c   Code   RO         5193    i.makeFreeRtosPriority  cmsis_os.o
    0x08004a24   0x0000006c   Code   RO         6222    i.malloc            mc_p.l(malloc.o)
    0x08004a90   0x00000040   Code   RO         1078    i.my_1wire_read_bit  my_1wire.o
    0x08004ad0   0x0000001c   Code   RO         1079    i.my_1wire_read_byte  my_1wire.o
    0x08004aec   0x00000018   Code   RO         1080    i.my_1wire_read_bytes  my_1wire.o
    0x08004b04   0x0000004c   Code   RO         1081    i.my_1wire_reset    my_1wire.o
    0x08004b50   0x00000054   Code   RO         1082    i.my_1wire_write_bit  my_1wire.o
    0x08004ba4   0x0000001c   Code   RO         1083    i.my_1wire_write_byte  my_1wire.o
    0x08004bc0   0x0000001c   Code   RO          914    i.my_usb_init       my_usb.o
    0x08004bdc   0x00000010   Code   RO         5194    i.osDelay           cmsis_os.o
    0x08004bec   0x0000000a   Code   RO         5197    i.osKernelStart     cmsis_os.o
    0x08004bf6   0x00000010   Code   RO         5226    i.osSystickHandler  cmsis_os.o
    0x08004c06   0x00000038   Code   RO         5227    i.osThreadCreate    cmsis_os.o
    0x08004c3e   0x00000002   PAD
    0x08004c40   0x00000034   Code   RO         4827    i.prvAddCurrentTaskToDelayedList  tasks.o
    0x08004c74   0x00000058   Code   RO         4828    i.prvCheckTasksWaitingTermination  tasks.o
    0x08004ccc   0x00000018   Code   RO         4829    i.prvIdleTask       tasks.o
    0x08004ce4   0x00000020   Code   RO         4831    i.prvResetNextTaskUnblockTime  tasks.o
    0x08004d04   0x00000014   Code   RO         5529    i.prvTaskExitError  port.o
    0x08004d18   0x00000050   Code   RO         5120    i.pvPortMalloc      heap_1.o
    0x08004d68   0x00000020   Code   RO         5530    i.pxPortInitialiseStack  port.o
    0x08004d88   0x0000006c   Code   RO          955    i.setup_task        my_tasks.o
    0x08004df4   0x00000034   Code   RO          956    i.spi_send          my_tasks.o
    0x08004e28   0x00000008   Code   RO          957    i.test_task_start   my_tasks.o
    0x08004e30   0x00000024   Code   RO         5153    i.uxListRemove      list.o
    0x08004e54   0x00000016   Code   RO         5154    i.vListInitialise   list.o
    0x08004e6a   0x00000006   Code   RO         5155    i.vListInitialiseItem  list.o
    0x08004e70   0x00000030   Code   RO         5156    i.vListInsert       list.o
    0x08004ea0   0x00000018   Code   RO         5157    i.vListInsertEnd    list.o
    0x08004eb8   0x00000018   Code   RO         5532    i.vPortEnterCritical  port.o
    0x08004ed0   0x0000001c   Code   RO         5533    i.vPortExitCritical  port.o
    0x08004eec   0x0000000a   Code   RO         5121    i.vPortFree         heap_1.o
    0x08004ef6   0x00000002   PAD
    0x08004ef8   0x00000018   Code   RO         5534    i.vPortYield        port.o
    0x08004f10   0x0000003c   Code   RO         4839    i.vTaskDelay        tasks.o
    0x08004f4c   0x0000004c   Code   RO         4849    i.vTaskStartScheduler  tasks.o
    0x08004f98   0x00000010   Code   RO         4851    i.vTaskSuspendAll   tasks.o
    0x08004fa8   0x00000058   Code   RO         4852    i.vTaskSwitchContext  tasks.o
    0x08005000   0x0000004c   Code   RO         5535    i.xPortStartScheduler  port.o
    0x0800504c   0x00000024   Code   RO         5536    i.xPortSysTickHandler  port.o
    0x08005070   0x0000016c   Code   RO         4854    i.xTaskGenericCreate  tasks.o
    0x080051dc   0x00000020   Code   RO         4855    i.xTaskGetSchedulerState  tasks.o
    0x080051fc   0x000000c0   Code   RO         4858    i.xTaskIncrementTick  tasks.o
    0x080052bc   0x000000a8   Code   RO         4861    i.xTaskResumeAll    tasks.o
    0x08005364   0x0000003c   Data   RO          234    .constdata          main.o
    0x080053a0   0x0000002c   Data   RO         1192    .constdata          gps_config.o
    0x080053cc   0x00000010   Data   RO         1225    .constdata          system_stm32f0xx.o
    0x080053dc   0x00000008   Data   RO         1226    .constdata          system_stm32f0xx.o
    0x080053e4   0x00000026   Data   RO          235    .conststring        main.o
    0x0800540a   0x00000002   PAD
    0x0800540c   0x00000020   Data   RO         6293    Region$$Table       anon$$obj.o


    Execution Region RW_IRAM1 (Base: 0x20000000, Size: 0x000025a0, Max: 0x00004000, ABSOLUTE, COMPRESSED[0x000000c4])

    Base Addr    Size         Type   Attr      Idx    E Section Name        Object

    0x20000000   0x00000004   Data   RW          236    .data               main.o
    0x20000004   0x0000001c   Data   RW          716    .data               usbd_desc.o
    0x20000020   0x00000016   Data   RW          717    .data               usbd_desc.o
    0x20000036   0x00000002   PAD
    0x20000038   0x00000010   Data   RW          812    .data               usbd_cdc_if.o
    0x20000048   0x00000004   Data   RW          919    .data               my_usb.o
    0x2000004c   0x00000008   Data   RW          959    .data               my_tasks.o
    0x20000054   0x00000004   Data   RW         1046    .data               delay_us.o
    0x20000058   0x00000004   Data   RW         1227    .data               system_stm32f0xx.o
    0x2000005c   0x00000004   Data   RW         3248    .data               stm32f0xx_hal.o
    0x20000060   0x00000038   Data   RW         4864    .data               tasks.o
    0x20000098   0x00000008   Data   RW         5125    .data               heap_1.o
    0x200000a0   0x00000004   Data   RW         5537    .data               port.o
    0x200000a4   0x00000001   Data   RW         5736    .data               usbd_ctlreq.o
    0x200000a5   0x00000003   PAD
    0x200000a8   0x000000db   Data   RW         5804    .data               usbd_cdc.o
    0x20000183   0x00000001   PAD
    0x20000184   0x00000038   Data   RW         5805    .data               usbd_cdc.o
    0x200001bc   0x00000004   Data   RW         6271    .data               mc_p.l(stdout.o)
    0x200001c0   0x00000004   Data   RW         6278    .data               mc_p.l(mvars.o)
    0x200001c4   0x00000004   Data   RW         6279    .data               mc_p.l(mvars.o)
    0x200001c8   0x0000021c   Zero   RW          233    .bss                main.o
    0x200003e4   0x00000440   Zero   RW          468    .bss                usbd_conf.o
    0x20000824   0x00000040   Zero   RW          675    .bss                stm32f0xx_hal_timebase_tim.o
    0x20000864   0x00000200   Zero   RW          715    .bss                usbd_desc.o
    0x20000a64   0x00000224   Zero   RW          773    .bss                usb_device.o
    0x20000c88   0x00000100   Zero   RW          811    .bss                usbd_cdc_if.o
    0x20000d88   0x00000090   Zero   RW          917    .bss                my_usb.o
    0x20000e18   0x0000008c   Zero   RW          958    .bss                my_tasks.o
    0x20000ea4   0x00000009   Zero   RW         1130    .bss                ds18b20.o
    0x20000ead   0x00000003   PAD
    0x20000eb0   0x000000f0   Zero   RW         4863    .bss                tasks.o
    0x20000fa0   0x00001000   Zero   RW         5124    .bss                heap_1.o
    0x20001fa0   0x00000200   Zero   RW         1256    HEAP                startup_stm32f072xb.o
    0x200021a0   0x00000400   Zero   RW         1255    STACK               startup_stm32f072xb.o


==============================================================================

Image component sizes


      Code (inc. data)   RO Data    RW Data    ZI Data      Debug   Object Name

       124          8          0          0          0       1120   animations.o
       110          0          0          0          0       7748   cmsis_os.o
        40         10          0          4          0       1434   delay_us.o
        64          4          0          0          9       1576   ds18b20.o
       120         12         44          0          0       2117   gps_config.o
        90         12          0          8       4096       2159   heap_1.o
       204         16          0          0          0       3171   helpers.o
       136          0          0          0          0       3290   list.o
      1058        132         98          4        540      17051   main.o
       304         18          0          0          0       3627   my_1wire.o
       244         52          0          8        140       2993   my_tasks.o
        28         10          0          4        144       1147   my_usb.o
       354         58          0          4          0       6748   port.o
         0          0          0          0          0       1472   queue.o
        28          8        192          0       1536        584   startup_stm32f072xb.o
        82         18          0          4          0       2940   stm32f0xx_hal.o
       672         26          0          0          0       2559   stm32f0xx_hal_adc.o
       168         28          0          0          0       9415   stm32f0xx_hal_cortex.o
        72          0          0          0          0       1075   stm32f0xx_hal_dma.o
       374         30          0          0          0       3380   stm32f0xx_hal_gpio.o
       180          4          0          0          0       2899   stm32f0xx_hal_i2c.o
       146          0          0          0          0       1859   stm32f0xx_hal_i2c_ex.o
       436         68          0          0          0       3870   stm32f0xx_hal_msp.o
      3476        148          0          0          0      13511   stm32f0xx_hal_pcd.o
        58          0          0          0          0       1214   stm32f0xx_hal_pcd_ex.o
      1560        112          0          0          0       5714   stm32f0xx_hal_rcc.o
       288         14          0          0          0       1484   stm32f0xx_hal_rcc_ex.o
       912         10          0          0          0       5150   stm32f0xx_hal_spi.o
       982         24          0          0          0       9814   stm32f0xx_hal_tim.o
        76          0          0          0          0       2266   stm32f0xx_hal_tim_ex.o
       120         22          0          0         64       1408   stm32f0xx_hal_timebase_tim.o
      1842         56          0          0          0      11306   stm32f0xx_hal_uart.o
         2          0          0          0          0        956   stm32f0xx_hal_uart_ex.o
        60         18          0          0          0     540907   stm32f0xx_it.o
        92         16         24          4          0       1095   system_stm32f0xx.o
      1192         98          0         56        240      12550   tasks.o
        52         16          0          0        548        660   usb_device.o
       602         20          0        275          0      11696   usbd_cdc.o
       136         24          0         16        256       2638   usbd_cdc_if.o
       762         40          0          0       1088      14185   usbd_conf.o
       652          0          0          0          0       9036   usbd_core.o
       994         34          0          1          0       7676   usbd_ctlreq.o
       212        116          0         50        512       4771   usbd_desc.o
       140          0          0          0          0       4240   usbd_ioreq.o

    ----------------------------------------------------------------------
     19270       1282        392        444       9176     746511   Object Totals
         0          0         32          0          0          0   (incl. Generated)
        26          0          2          6          3          0   (incl. Padding)

    ----------------------------------------------------------------------

      Code (inc. data)   RO Data    RW Data    ZI Data      Debug   Library Member Name

        86          0          0          0          0          0   __dczerorl2.o
         0          0          0          0          0          0   entry.o
         0          0          0          0          0          0   entry10a.o
         0          0          0          0          0          0   entry11a.o
         8          4          0          0          0          0   entry2.o
         4          0          0          0          0          0   entry5.o
         0          0          0          0          0          0   entry7b.o
         0          0          0          0          0          0   entry8b.o
         8          4          0          0          0          0   entry9a.o
        30          0          0          0          0          0   handlers.o
        36          8          0          0          0         68   init.o
         0          0          0          0          0          0   iusefp.o
        32          0          0          0          0         68   llshl.o
        38          0          0          0          0         68   llsshr.o
        34          0          0          0          0         68   llushr.o
       108         16          0          0          0         76   malloc.o
        36          0          0          0          0         60   memcpya.o
        36          0          0          0          0        100   memseta.o
         0          0          0          8          0          0   mvars.o
       492         12          0          0          0        168   printf3.o
         0          0          0          4          0          0   stdout.o
        44          0          0          0          0         72   uidiv.o
       356          4          0          0          0        140   dadd.o
       236          0          0          0          0        216   depilogue.o
        60         10          0          0          0         68   dfixui.o
        28          4          0          0          0         68   dfltui.o
       208          6          0          0          0         88   dmul.o

    ----------------------------------------------------------------------
      1886         68          0         12          0       1328   Library Totals
         6          0          0          0          0          0   (incl. Padding)

    ----------------------------------------------------------------------

      Code (inc. data)   RO Data    RW Data    ZI Data      Debug   Library Name

       992         44          0         12          0        748   mc_p.l
       888         24          0          0          0        580   mf_p.l

    ----------------------------------------------------------------------
      1886         68          0         12          0       1328   Library Totals

    ----------------------------------------------------------------------

==============================================================================


      Code (inc. data)   RO Data    RW Data    ZI Data      Debug   

     21156       1350        392        456       9176     737099   Grand Totals
     21156       1350        392        196       9176     737099   ELF Image Totals (compressed)
     21156       1350        392        196          0          0   ROM Totals

==============================================================================

    Total RO  Size (Code + RO Data)                21548 (  21.04kB)
    Total RW  Size (RW Data + ZI Data)              9632 (   9.41kB)
    Total ROM Size (Code + RO Data + RW Data)      21744 (  21.23kB)

==============================================================================

