Component: ARM Compiler 5.06 update 4 (build 422) Tool: armlink [4d35d2]

==============================================================================

Section Cross References

    stm32f0xx_it.o(i.SysTick_Handler) refers to cmsis_os.o(i.osSystickHandler) for osSystickHandler
    stm32f0xx_it.o(i.TIM7_IRQHandler) refers to stm32f0xx_hal_tim.o(i.HAL_TIM_IRQHandler) for HAL_TIM_IRQHandler
    stm32f0xx_it.o(i.TIM7_IRQHandler) refers to stm32f0xx_hal_timebase_tim.o(.bss) for htim7
    stm32f0xx_it.o(i.USB_IRQHandler) refers to stm32f0xx_hal_pcd.o(i.HAL_PCD_IRQHandler) for HAL_PCD_IRQHandler
    stm32f0xx_it.o(i.USB_IRQHandler) refers to usbd_conf.o(.bss) for hpcd_USB_FS
    main.o(i.HAL_TIM_PeriodElapsedCallback) refers to stm32f0xx_hal.o(i.HAL_IncTick) for HAL_IncTick
    main.o(i.MX_ADC_Init) refers to stm32f0xx_hal_adc.o(i.HAL_ADC_Init) for HAL_ADC_Init
    main.o(i.MX_ADC_Init) refers to stm32f0xx_hal_adc.o(i.HAL_ADC_ConfigChannel) for HAL_ADC_ConfigChannel
    main.o(i.MX_ADC_Init) refers to main.o(.bss) for .bss
    main.o(i.MX_GPIO_Init) refers to stm32f0xx_hal_gpio.o(i.HAL_GPIO_WritePin) for HAL_GPIO_WritePin
    main.o(i.MX_GPIO_Init) refers to stm32f0xx_hal_gpio.o(i.HAL_GPIO_Init) for HAL_GPIO_Init
    main.o(i.MX_I2C1_Init) refers to stm32f0xx_hal_i2c.o(i.HAL_I2C_Init) for HAL_I2C_Init
    main.o(i.MX_I2C1_Init) refers to stm32f0xx_hal_i2c_ex.o(i.HAL_I2CEx_ConfigAnalogFilter) for HAL_I2CEx_ConfigAnalogFilter
    main.o(i.MX_I2C1_Init) refers to stm32f0xx_hal_i2c_ex.o(i.HAL_I2CEx_ConfigDigitalFilter) for HAL_I2CEx_ConfigDigitalFilter
    main.o(i.MX_I2C1_Init) refers to main.o(.bss) for .bss
    main.o(i.MX_SPI1_Init) refers to stm32f0xx_hal_spi.o(i.HAL_SPI_Init) for HAL_SPI_Init
    main.o(i.MX_SPI1_Init) refers to main.o(.bss) for .bss
    main.o(i.MX_TIM2_Init) refers to stm32f0xx_hal_tim.o(i.HAL_TIM_Base_Init) for HAL_TIM_Base_Init
    main.o(i.MX_TIM2_Init) refers to stm32f0xx_hal_tim.o(i.HAL_TIM_ConfigClockSource) for HAL_TIM_ConfigClockSource
    main.o(i.MX_TIM2_Init) refers to stm32f0xx_hal_tim_ex.o(i.HAL_TIMEx_MasterConfigSynchronization) for HAL_TIMEx_MasterConfigSynchronization
    main.o(i.MX_TIM2_Init) refers to main.o(.bss) for .bss
    main.o(i.MX_USART3_UART_Init) refers to stm32f0xx_hal_uart.o(i.HAL_UART_Init) for HAL_UART_Init
    main.o(i.MX_USART3_UART_Init) refers to main.o(.bss) for .bss
    main.o(i.StartDefaultTask) refers to cmsis_os.o(i.osDelay) for osDelay
    main.o(i.SystemClock_Config) refers to stm32f0xx_hal_rcc.o(i.HAL_RCC_OscConfig) for HAL_RCC_OscConfig
    main.o(i.SystemClock_Config) refers to stm32f0xx_hal_rcc.o(i.HAL_RCC_ClockConfig) for HAL_RCC_ClockConfig
    main.o(i.SystemClock_Config) refers to stm32f0xx_hal_rcc_ex.o(i.HAL_RCCEx_PeriphCLKConfig) for HAL_RCCEx_PeriphCLKConfig
    main.o(i.SystemClock_Config) refers to stm32f0xx_hal_rcc.o(i.HAL_RCC_GetHCLKFreq) for HAL_RCC_GetHCLKFreq
    main.o(i.SystemClock_Config) refers to uidiv.o(.text) for __aeabi_uidivmod
    main.o(i.SystemClock_Config) refers to stm32f0xx_hal_cortex.o(i.HAL_SYSTICK_Config) for HAL_SYSTICK_Config
    main.o(i.SystemClock_Config) refers to stm32f0xx_hal_cortex.o(i.HAL_SYSTICK_CLKSourceConfig) for HAL_SYSTICK_CLKSourceConfig
    main.o(i.SystemClock_Config) refers to stm32f0xx_hal_cortex.o(i.HAL_NVIC_SetPriority) for HAL_NVIC_SetPriority
    main.o(i.fputc) refers to stm32f0xx_hal_uart.o(i.HAL_UART_Transmit) for HAL_UART_Transmit
    main.o(i.fputc) refers to main.o(.bss) for .bss
    main.o(i.main) refers to stm32f0xx_hal.o(i.HAL_Init) for HAL_Init
    main.o(i.main) refers to main.o(i.SystemClock_Config) for SystemClock_Config
    main.o(i.main) refers to main.o(i.MX_GPIO_Init) for MX_GPIO_Init
    main.o(i.main) refers to main.o(i.MX_SPI1_Init) for MX_SPI1_Init
    main.o(i.main) refers to main.o(i.MX_USART3_UART_Init) for MX_USART3_UART_Init
    main.o(i.main) refers to main.o(i.MX_ADC_Init) for MX_ADC_Init
    main.o(i.main) refers to main.o(i.MX_TIM2_Init) for MX_TIM2_Init
    main.o(i.main) refers to main.o(i.MX_I2C1_Init) for MX_I2C1_Init
    main.o(i.main) refers to usb_device.o(i.MX_USB_DEVICE_Init) for MX_USB_DEVICE_Init
    main.o(i.main) refers to my_usb.o(i.my_usb_init) for my_usb_init
    main.o(i.main) refers to delay_us.o(i.delay_us_init) for delay_us_init
    main.o(i.main) refers to my_tasks.o(i.setup_task) for setup_task
    main.o(i.main) refers to memcpya.o(.text) for __aeabi_memcpy4
    main.o(i.main) refers to cmsis_os.o(i.osThreadCreate) for osThreadCreate
    main.o(i.main) refers to cmsis_os.o(i.osKernelStart) for osKernelStart
    main.o(i.main) refers to main.o(.bss) for .bss
    main.o(i.main) refers to main.o(.constdata) for .constdata
    main.o(i.main) refers to main.o(.data) for .data
    main.o(.constdata) refers to main.o(.conststring) for .conststring
    main.o(.constdata) refers to main.o(i.StartDefaultTask) for StartDefaultTask
[...]
    i.USBD_FS_InterfaceStrDescriptor         0x08003b88   Section        0  usbd_desc.o(i.USBD_FS_InterfaceStrDescriptor)
    i.USBD_FS_LangIDStrDescriptor            0x08003bac   Section        0  usbd_desc.o(i.USBD_FS_LangIDStrDescriptor)
    i.USBD_FS_ManufacturerStrDescriptor      0x08003bb8   Section        0  usbd_desc.o(i.USBD_FS_ManufacturerStrDescriptor)
    i.USBD_FS_ProductStrDescriptor           0x08003be0   Section        0  usbd_desc.o(i.USBD_FS_ProductStrDescriptor)
    i.USBD_FS_SerialStrDescriptor            0x08003c0c   Section        0  usbd_desc.o(i.USBD_FS_SerialStrDescriptor)
    i.USBD_GetDescriptor                     0x08003c30   Section        0  usbd_ctlreq.o(i.USBD_GetDescriptor)
    USBD_GetDescriptor                       0x08003c31   Thumb Code   224  usbd_ctlreq.o(i.USBD_GetDescriptor)
    i.USBD_GetString                         0x08003d10   Section        0  usbd_ctlreq.o(i.USBD_GetString)
    i.USBD_Init                              0x08003d54   Section        0  usbd_core.o(i.USBD_Init)
    i.USBD_LL_ClearStallEP                   0x08003d86   Section        0  usbd_conf.o(i.USBD_LL_ClearStallEP)
    i.USBD_LL_CloseEP                        0x08003dac   Section        0  usbd_conf.o(i.USBD_LL_CloseEP)
    i.USBD_LL_DataInStage                    0x08003dd2   Section        0  usbd_core.o(i.USBD_LL_DataInStage)
    i.USBD_LL_DataOutStage                   0x08003e88   Section        0  usbd_core.o(i.USBD_LL_DataOutStage)
    i.USBD_LL_GetRxDataSize                  0x08003efc   Section        0  usbd_conf.o(i.USBD_LL_GetRxDataSize)
    i.USBD_LL_Init                           0x08003f0c   Section        0  usbd_conf.o(i.USBD_LL_Init)
    i.USBD_LL_IsStallEP                      0x08003f94   Section        0  usbd_conf.o(i.USBD_LL_IsStallEP)
    i.USBD_LL_OpenEP                         0x08003fb8   Section        0  usbd_conf.o(i.USBD_LL_OpenEP)
    i.USBD_LL_PrepareReceive                 0x08003fe4   Section        0  usbd_conf.o(i.USBD_LL_PrepareReceive)
    i.USBD_LL_Reset                          0x0800400a   Section        0  usbd_core.o(i.USBD_LL_Reset)
    i.USBD_LL_Resume                         0x08004050   Section        0  usbd_core.o(i.USBD_LL_Resume)
    i.USBD_LL_SOF                            0x0800405c   Section        0  usbd_core.o(i.USBD_LL_SOF)
    i.USBD_LL_SetSpeed                       0x0800407a   Section        0  usbd_core.o(i.USBD_LL_SetSpeed)
    i.USBD_LL_SetUSBAddress                  0x08004080   Section        0  usbd_conf.o(i.USBD_LL_SetUSBAddress)
    i.USBD_LL_SetupStage                     0x080040a6   Section        0  usbd_core.o(i.USBD_LL_SetupStage)
    i.USBD_LL_StallEP                        0x08004104   Section        0  usbd_conf.o(i.USBD_LL_StallEP)
    i.USBD_LL_Start                          0x0800412a   Section        0  usbd_conf.o(i.USBD_LL_Start)
    i.USBD_LL_Suspend                        0x08004150   Section        0  usbd_core.o(i.USBD_LL_Suspend)
    i.USBD_LL_Transmit                       0x08004160   Section        0  usbd_conf.o(i.USBD_LL_Transmit)
    i.USBD_ParseSetupRequest                 0x08004186   Section        0  usbd_ctlreq.o(i.USBD_ParseSetupRequest)
    i.USBD_RegisterClass                     0x080041ae   Section        0  usbd_core.o(i.USBD_RegisterClass)
    i.USBD_SetClassConfig                    0x080041c4   Section        0  usbd_core.o(i.USBD_SetClassConfig)
    i.USBD_SetConfig                         0x080041e0   Section        0  usbd_ctlreq.o(i.USBD_SetConfig)
    USBD_SetConfig                           0x080041e1   Thumb Code   108  usbd_ctlreq.o(i.USBD_SetConfig)
    i.USBD_Start                             0x08004250   Section        0  usbd_core.o(i.USBD_Start)
    i.USBD_StdDevReq                         0x0800425a   Section        0  usbd_ctlreq.o(i.USBD_StdDevReq)
    i.USBD_StdEPReq                          0x08004348   Section        0  usbd_ctlreq.o(i.USBD_StdEPReq)
    i.USBD_StdItfReq                         0x08004432   Section        0  usbd_ctlreq.o(i.USBD_StdItfReq)
    i.USBD_static_free                       0x0800446c   Section        0  usbd_conf.o(i.USBD_static_free)
    i.USBD_static_malloc                     0x08004470   Section        0  usbd_conf.o(i.USBD_static_malloc)
    i.USB_IRQHandler                         0x08004478   Section        0  stm32f0xx_it.o(i.USB_IRQHandler)
    i.__0printf$bare                         0x08004488   Section        0  printfb.o(i.__0printf$bare)
    i.__ARM_clz                              0x0800449c   Section        0  depilogue.o(i.__ARM_clz)
    i.__ARM_common_switch8                   0x080044ca   Section        0  my_tasks.o(i.__ARM_common_switch8)
    i.__scatterload_copy                     0x080044e4   Section       14  handlers.o(i.__scatterload_copy)
    i.__scatterload_null                     0x080044f2   Section        2  handlers.o(i.__scatterload_null)
    i.__scatterload_zeroinit                 0x080044f4   Section       14  handlers.o(i.__scatterload_zeroinit)
    i._printf_core                           0x08004502   Section        0  printfb.o(i._printf_core)
    _printf_core                             0x08004503   Thumb Code    30  printfb.o(i._printf_core)
    i.animation_handler                      0x08004520   Section        0  animations.o(i.animation_handler)
    i.animation_init                         0x0800458c   Section        0  animations.o(i.animation_init)
    i.animation_task_start                   0x080045a8   Section        0  my_tasks.o(i.animation_task_start)
    i.delay_us                               0x08004698   Section        0  delay_us.o(i.delay_us)
    i.delay_us_init                          0x080046b0   Section        0  delay_us.o(i.delay_us_init)
    i.ds18b20_get_temp                       0x080046c0   Section        0  ds18b20.o(i.ds18b20_get_temp)
    i.ds18b20_start_conversion               0x080046f4   Section        0  ds18b20.o(i.ds18b20_start_conversion)
    i.fputc                                  0x08004710   Section        0  main.o(i.fputc)
    i.get_ls_reading                         0x08004728   Section        0  helpers.o(i.get_ls_reading)
    i.get_modifier                           0x08004758   Section        0  helpers.o(i.get_modifier)
    i.gps_init                               0x08004794   Section        0  gps_config.o(i.gps_init)
    i.gps_reset                              0x080047b4   Section        0  gps_config.o(i.gps_reset)
    i.gps_temp_parse_task_start              0x080047dc   Section        0  my_tasks.o(i.gps_temp_parse_task_start)
    i.led_animation_handler                  0x08004824   Section        0  animations.o(i.led_animation_handler)
    i.led_animation_init                     0x0800488c   Section        0  animations.o(i.led_animation_init)
    i.led_start_animation                    0x080048ac   Section        0  animations.o(i.led_start_animation)
    i.linear_buf_add                         0x080048ec   Section        0  helpers.o(i.linear_buf_add)
    i.linear_buf_add_str                     0x08004916   Section        0  helpers.o(i.linear_buf_add_str)
    i.linear_buf_init                        0x08004934   Section        0  helpers.o(i.linear_buf_init)
    i.linear_buf_line_available              0x08004984   Section        0  helpers.o(i.linear_buf_line_available)
    i.linear_buf_reset                       0x080049a8   Section        0  helpers.o(i.linear_buf_reset)
    i.main                                   0x080049b8   Section        0  main.o(i.main)
    i.makeFreeRtosPriority                   0x08004a50   Section        0  cmsis_os.o(i.makeFreeRtosPriority)
    makeFreeRtosPriority                     0x08004a51   Thumb Code    12  cmsis_os.o(i.makeFreeRtosPriority)
    i.malloc                                 0x08004a5c   Section        0  malloc.o(i.malloc)
    i.my_1wire_read_bit                      0x08004ac8   Section        0  my_1wire.o(i.my_1wire_read_bit)
    i.my_1wire_read_byte                     0x08004b08   Section        0  my_1wire.o(i.my_1wire_read_byte)
    i.my_1wire_read_bytes                    0x08004b24   Section        0  my_1wire.o(i.my_1wire_read_bytes)
    i.my_1wire_reset                         0x08004b3c   Section        0  my_1wire.o(i.my_1wire_reset)
    i.my_1wire_write_bit                     0x08004b88   Section        0  my_1wire.o(i.my_1wire_write_bit)
    i.my_1wire_write_byte                    0x08004bdc   Section        0  my_1wire.o(i.my_1wire_write_byte)
    i.my_usb_init                            0x08004bf8   Section        0  my_usb.o(i.my_usb_init)
    i.osDelay                                0x08004c14   Section        0  cmsis_os.o(i.osDelay)
    i.osKernelStart                          0x08004c24   Section        0  cmsis_os.o(i.osKernelStart)
    i.osSystickHandler                       0x08004c2e   Section        0  cmsis_os.o(i.osSystickHandler)
    i.osThreadCreate                         0x08004c3e   Section        0  cmsis_os.o(i.osThreadCreate)
    i.prvAddCurrentTaskToDelayedList         0x08004c78   Section        0  tasks.o(i.prvAddCurrentTaskToDelayedList)
    prvAddCurrentTaskToDelayedList           0x08004c79   Thumb Code    46  tasks.o(i.prvAddCurrentTaskToDelayedList)
    i.prvCheckTasksWaitingTermination        0x08004cac   Section        0  tasks.o(i.prvCheckTasksWaitingTermination)
    prvCheckTasksWaitingTermination          0x08004cad   Thumb Code    78  tasks.o(i.prvCheckTasksWaitingTermination)
    i.prvIdleTask                            0x08004d04   Section        0  tasks.o(i.prvIdleTask)
    prvIdleTask                              0x08004d05   Thumb Code    18  tasks.o(i.prvIdleTask)
    i.prvResetNextTaskUnblockTime            0x08004d1c   Section        0  tasks.o(i.prvResetNextTaskUnblockTime)
    prvResetNextTaskUnblockTime              0x08004d1d   Thumb Code    28  tasks.o(i.prvResetNextTaskUnblockTime)
    i.prvTaskExitError                       0x08004d3c   Section        0  port.o(i.prvTaskExitError)
    prvTaskExitError                         0x08004d3d   Thumb Code    14  port.o(i.prvTaskExitError)
    i.pvPortMalloc                           0x08004d50   Section        0  heap_1.o(i.pvPortMalloc)
    i.pxPortInitialiseStack                  0x08004da0   Section        0  port.o(i.pxPortInitialiseStack)
    i.setup_task                             0x08004dc0   Section        0  my_tasks.o(i.setup_task)
    i.spi_send                               0x08004e40   Section        0  my_tasks.o(i.spi_send)
    i.start_animation                        0x08004e9c   Section        0  animations.o(i.start_animation)
    i.test_task_start                        0x08004ec8   Section        0  my_tasks.o(i.test_task_start)
    i.tube_print2_uint8_t                    0x08004f0c   Section        0  animations.o(i.tube_print2_uint8_t)
    i.uxListRemove                           0x08004f34   Section        0  list.o(i.uxListRemove)
    i.vListInitialise                        0x08004f58   Section        0  list.o(i.vListInitialise)
    i.vListInitialiseItem                    0x08004f6e   Section        0  list.o(i.vListInitialiseItem)
    i.vListInsert                            0x08004f74   Section        0  list.o(i.vListInsert)
    i.vListInsertEnd                         0x08004fa4   Section        0  list.o(i.vListInsertEnd)
    i.vPortEnterCritical                     0x08004fbc   Section        0  port.o(i.vPortEnterCritical)
    i.vPortExitCritical                      0x08004fd4   Section        0  port.o(i.vPortExitCritical)
    i.vPortFree                              0x08004ff0   Section        0  heap_1.o(i.vPortFree)
    i.vPortYield                             0x08004ffc   Section        0  port.o(i.vPortYield)
    i.vTaskDelay                             0x08005014   Section        0  tasks.o(i.vTaskDelay)
    i.vTaskStartScheduler                    0x08005050   Section        0  tasks.o(i.vTaskStartScheduler)
    i.vTaskSuspendAll                        0x0800509c   Section        0  tasks.o(i.vTaskSuspendAll)
    i.vTaskSwitchContext                     0x080050ac   Section        0  tasks.o(i.vTaskSwitchContext)
    i.xPortStartScheduler                    0x08005104   Section        0  port.o(i.xPortStartScheduler)
    i.xPortSysTickHandler                    0x08005150   Section        0  port.o(i.xPortSysTickHandler)
    i.xTaskGenericCreate                     0x08005174   Section        0  tasks.o(i.xTaskGenericCreate)
    i.xTaskGetSchedulerState                 0x080052e0   Section        0  tasks.o(i.xTaskGetSchedulerState)
    i.xTaskIncrementTick                     0x08005300   Section        0  tasks.o(i.xTaskIncrementTick)
    i.xTaskResumeAll                         0x080053c0   Section        0  tasks.o(i.xTaskResumeAll)
    .constdata                               0x08005468   Section       80  main.o(.constdata)
    .constdata                               0x080054b8   Section       16  system_stm32f0xx.o(.constdata)
    .constdata                               0x080054c8   Section        8  system_stm32f0xx.o(.constdata)
    .conststring                             0x080054d0   Section       58  main.o(.conststring)
    .data                                    0x20000000   Section        4  main.o(.data)
    .data                                    0x20000004   Section       28  usbd_desc.o(.data)
    .data                                    0x20000020   Section       22  usbd_desc.o(.data)
    .data                                    0x20000038   Section       16  usbd_cdc_if.o(.data)
    .data                                    0x20000048   Section        4  my_usb.o(.data)
    .data                                    0x20000050   Section       16  my_tasks.o(.data)
    .data                                    0x20000060   Section        4  delay_us.o(.data)
    .data                                    0x20000064   Section        4  system_stm32f0xx.o(.data)
    .data                                    0x20000068   Section        4  stm32f0xx_hal.o(.data)
    .data                                    0x2000006c   Section       56  tasks.o(.data)
    uxTasksDeleted                           0x20000070   Data           4  tasks.o(.data)
    uxCurrentNumberOfTasks                   0x20000074   Data           4  tasks.o(.data)
    xTickCount                               0x20000078   Data           4  tasks.o(.data)
    uxTopReadyPriority                       0x2000007c   Data           4  tasks.o(.data)
    xSchedulerRunning                        0x20000080   Data           4  tasks.o(.data)
    uxPendedTicks                            0x20000084   Data           4  tasks.o(.data)
    xYieldPending                            0x20000088   Data           4  tasks.o(.data)
    xNumOfOverflows                          0x2000008c   Data           4  tasks.o(.data)
    uxTaskNumber                             0x20000090   Data           4  tasks.o(.data)
    xNextTaskUnblockTime                     0x20000094   Data           4  tasks.o(.data)
    uxSchedulerSuspended                     0x20000098   Data           4  tasks.o(.data)
    pxDelayedTaskList                        0x2000009c   Data           4  tasks.o(.data)
    pxOverflowDelayedTaskList                0x200000a0   Data           4  tasks.o(.data)
    .data                                    0x200000a4   Section        8  heap_1.o(.data)
    xNextFreeByte                            0x200000a4   Data           4  heap_1.o(.data)
    pucAlignedHeap                           0x200000a8   Data           4  heap_1.o(.data)
    .data                                    0x200000ac   Section        4  port.o(.data)
    uxCriticalNesting                        0x200000ac   Data           4  port.o(.data)
    .data                                    0x200000b0   Section        1  usbd_ctlreq.o(.data)
    cfgidx                                   0x200000b0   Data           1  usbd_ctlreq.o(.data)
    .data                                    0x200000b4   Section      219  usbd_cdc.o(.data)
    ifalt                                    0x200000b4   Data           1  usbd_cdc.o(.data)
    USBD_CDC_DeviceQualifierDesc             0x200000b8   Data          10  usbd_cdc.o(.data)
    .data                                    0x20000190   Section       56  usbd_cdc.o(.data)
    .data                                    0x200001c8   Section        4  stdout.o(.data)
    .data                                    0x200001cc   Section        4  mvars.o(.data)
    .data                                    0x200001d0   Section        4  mvars.o(.data)
    .bss                                     0x200001d4   Section      428  main.o(.bss)
    .bss                                     0x20000380   Section     1088  usbd_conf.o(.bss)
    mem                                      0x20000380   Data         544  usbd_conf.o(.bss)
    .bss                                     0x200007c0   Section       64  stm32f0xx_hal_timebase_tim.o(.bss)
    .bss                                     0x20000800   Section      512  usbd_desc.o(.bss)
    .bss                                     0x20000a00   Section      548  usb_device.o(.bss)
    .bss                                     0x20000c24   Section      256  usbd_cdc_if.o(.bss)
    .bss                                     0x20000d24   Section      144  my_usb.o(.bss)
    .bss                                     0x20000db8   Section      536  my_tasks.o(.bss)
    .bss                                     0x20000fd0   Section        9  ds18b20.o(.bss)
    .bss                                     0x20000fdc   Section      240  tasks.o(.bss)
    pxReadyTasksLists                        0x20000fdc   Data         140  tasks.o(.bss)
    xDelayedTaskList1                        0x20001068   Data          20  tasks.o(.bss)
    xDelayedTaskList2                        0x2000107c   Data          20  tasks.o(.bss)
    xPendingReadyList                        0x20001090   Data          20  tasks.o(.bss)
    xTasksWaitingTermination                 0x200010a4   Data          20  tasks.o(.bss)
    xSuspendedTaskList                       0x200010b8   Data          20  tasks.o(.bss)
    .bss                                     0x200010cc   Section     4096  heap_1.o(.bss)
    ucHeap                                   0x200010cc   Data        4096  heap_1.o(.bss)
    HEAP                                     0x200020d0   Section      512  startup_stm32f072xb.o(HEAP)
    STACK                                    0x200022d0   Section     1024  startup_stm32f072xb.o(STACK)

    Global Symbols

    Symbol Name                              Value     Ov Type        Size  Object(Section)

    BuildAttributes$$THM_ISAv3M$S$PE$A:L22$X:L11$S22$IEEE1$IW$USESV6$~STKCKD$USESV7$~SHL$OSPACE$ROPI$EBA8$MICROLIB$REQ8$PRES8$EABIv2 0x00000000   Number         0  anon$$obj.o ABSOLUTE
    __ARM_use_no_argv                        0x00000000   Number         0  main.o ABSOLUTE
    __cpp_initialize__aeabi_                  - Undefined Weak Reference
    __cxa_finalize                            - Undefined Weak Reference
    _clock_init                               - Undefined Weak Reference
    _microlib_exit                            - Undefined Weak Reference
    __Vectors_Size                           0x000000c0   Number         0  startup_stm32f072xb.o ABSOLUTE
    __Vectors                                0x08000000   Data           4  startup_stm32f072xb.o(RESET)
    __Vectors_End                            0x080000c0   Data           0  startup_stm32f072xb.o(RESET)
    __main                                   0x080000c1   Thumb Code     0  entry.o(.ARM.Collect$$$$00000000)
    _main_stk                                0x080000c1   Thumb Code     0  entry2.o(.ARM.Collect$$$$00000001)
    _main_scatterload                        0x080000c5   Thumb Code     0  entry5.o(.ARM.Collect$$$$00000004)
    __main_after_scatterload                 0x080000c9   Thumb Code     0  entry5.o(.ARM.Collect$$$$00000004)
    _main_clock                              0x080000c9   Thumb Code     0  entry7b.o(.ARM.Collect$$$$00000008)
    _main_cpp_init                           0x080000c9   Thumb Code     0  entry8b.o(.ARM.Collect$$$$0000000A)
    _main_init                               0x080000c9   Thumb Code     0  entry9a.o(.ARM.Collect$$$$0000000B)
    __rt_final_cpp                           0x080000d1   Thumb Code     0  entry10a.o(.ARM.Collect$$$$0000000D)
    __rt_final_exit                          0x080000d1   Thumb Code     0  entry11a.o(.ARM.Collect$$$$0000000F)
    __asm___6_port_c_39a90d8d__prvPortStartFirstTask 0x080000d5   Thumb Code    28  port.o(.emb_text)
    ulSetInterruptMaskFromISR                0x080000f5   Thumb Code     8  port.o(.emb_text)
    vClearInterruptMaskFromISR               0x080000fd   Thumb Code     6  port.o(.emb_text)
    PendSV_Handler                           0x08000103   Thumb Code    62  port.o(.emb_text)
    Reset_Handler                            0x08000145   Thumb Code     8  startup_stm32f072xb.o(.text)
    ADC1_COMP_IRQHandler                     0x08000157   Thumb Code     0  startup_stm32f072xb.o(.text)
    CEC_CAN_IRQHandler                       0x08000157   Thumb Code     0  startup_stm32f072xb.o(.text)
    DMA1_Channel1_IRQHandler                 0x08000157   Thumb Code     0  startup_stm32f072xb.o(.text)
    DMA1_Channel2_3_IRQHandler               0x08000157   Thumb Code     0  startup_stm32f072xb.o(.text)
    DMA1_Channel4_5_6_7_IRQHandler           0x08000157   Thumb Code     0  startup_stm32f072xb.o(.text)
    EXTI0_1_IRQHandler                       0x08000157   Thumb Code     0  startup_stm32f072xb.o(.text)
    EXTI2_3_IRQHandler                       0x08000157   Thumb Code     0  startup_stm32f072xb.o(.text)
    EXTI4_15_IRQHandler                      0x08000157   Thumb Code     0  startup_stm32f072xb.o(.text)
    FLASH_IRQHandler                         0x08000157   Thumb Code     0  startup_stm32f072xb.o(.text)
    I2C1_IRQHandler                          0x08000157   Thumb Code     0  startup_stm32f072xb.o(.text)
    I2C2_IRQHandler                          0x08000157   Thumb Code     0  startup_stm32f072xb.o(.text)
    PVD_VDDIO2_IRQHandler                    0x08000157   Thumb Code     0  startup_stm32f072xb.o(.text)
    RCC_CRS_IRQHandler                       0x08000157   Thumb Code     0  startup_stm32f072xb.o(.text)
    RTC_IRQHandler                           0x08000157   Thumb Code     0  startup_stm32f072xb.o(.text)
    SPI1_IRQHandler                          0x08000157   Thumb Code     0  startup_stm32f072xb.o(.text)
    SPI2_IRQHandler                          0x08000157   Thumb Code     0  startup_stm32f072xb.o(.text)
    TIM14_IRQHandler                         0x08000157   Thumb Code     0  startup_stm32f072xb.o(.text)
    TIM15_IRQHandler                         0x08000157   Thumb Code     0  startup_stm32f072xb.o(.text)
    TIM16_IRQHandler                         0x08000157   Thumb Code     0  startup_stm32f072xb.o(.text)
    TIM17_IRQHandler                         0x08000157   Thumb Code     0  startup_stm32f072xb.o(.text)
    TIM1_BRK_UP_TRG_COM_IRQHandler           0x08000157   Thumb Code     0  startup_stm32f072xb.o(.text)
    TIM1_CC_IRQHandler                       0x08000157   Thumb Code     0  startup_stm32f072xb.o(.text)
    TIM2_IRQHandler                          0x08000157   Thumb Code     0  startup_stm32f072xb.o(.text)
    TIM3_IRQHandler                          0x08000157   Thumb Code     0  startup_stm32f072xb.o(.text)
    TIM6_DAC_IRQHandler                      0x08000157   Thumb Code     0  startup_stm32f072xb.o(.text)
    TSC_IRQHandler                           0x08000157   Thumb Code     0  startup_stm32f072xb.o(.text)
    USART1_IRQHandler                        0x08000157   Thumb Code     0  startup_stm32f072xb.o(.text)
    USART2_IRQHandler                        0x08000157   Thumb Code     0  startup_stm32f072xb.o(.text)
    USART3_4_IRQHandler                      0x08000157   Thumb Code     0  startup_stm32f072xb.o(.text)
    WWDG_IRQHandler                          0x08000157   Thumb Code     0  startup_stm32f072xb.o(.text)
    __aeabi_uidiv                            0x08000161   Thumb Code     0  uidiv.o(.text)
    __aeabi_uidivmod                         0x08000161   Thumb Code    44  uidiv.o(.text)
    __aeabi_llsr                             0x0800018d   Thumb Code    34  llushr.o(.text)
    _ll_ushift_r                             0x0800018d   Thumb Code     0  llushr.o(.text)
    __aeabi_memcpy                           0x080001af   Thumb Code    36  memcpya.o(.text)
    __aeabi_memcpy4                          0x080001af   Thumb Code     0  memcpya.o(.text)
    __aeabi_memcpy8                          0x080001af   Thumb Code     0  memcpya.o(.text)
    __aeabi_memset                           0x080001d3   Thumb Code    14  memseta.o(.text)
    __aeabi_memset4                          0x080001d3   Thumb Code     0  memseta.o(.text)
    __aeabi_memset8                          0x080001d3   Thumb Code     0  memseta.o(.text)
    __aeabi_memclr                           0x080001e1   Thumb Code     4  memseta.o(.text)
    __aeabi_memclr4                          0x080001e1   Thumb Code     0  memseta.o(.text)
    __aeabi_memclr8                          0x080001e1   Thumb Code     0  memseta.o(.text)
    _memset$wrapper                          0x080001e5   Thumb Code    18  memseta.o(.text)
    __aeabi_dadd                             0x080001f9   Thumb Code   328  dadd.o(.text)
    __aeabi_dsub                             0x08000341   Thumb Code    12  dadd.o(.text)
    __aeabi_drsub                            0x0800034d   Thumb Code    12  dadd.o(.text)
    __aeabi_dmul                             0x0800035d   Thumb Code   202  dmul.o(.text)
    __aeabi_ddiv                             0x0800042d   Thumb Code   234  ddiv.o(.text)
    __aeabi_i2d                              0x0800051d   Thumb Code    34  dflti.o(.text)
    __aeabi_ui2d                             0x08000545   Thumb Code    24  dfltui.o(.text)
    __aeabi_d2uiz                            0x08000561   Thumb Code    50  dfixui.o(.text)
    __aeabi_cdcmpeq                          0x0800059d   Thumb Code     0  cdcmple.o(.text)
    __aeabi_cdcmple                          0x0800059d   Thumb Code    38  cdcmple.o(.text)
    __aeabi_cdrcmple                         0x080005c5   Thumb Code    38  cdrcmple.o(.text)
    __aeabi_llsl                             0x080005ed   Thumb Code    32  llshl.o(.text)
    _ll_shift_l                              0x080005ed   Thumb Code     0  llshl.o(.text)
    __aeabi_lasr                             0x0800060d   Thumb Code    38  llsshr.o(.text)
    _ll_sshift_r                             0x0800060d   Thumb Code     0  llsshr.o(.text)
    __I$use$fp                               0x08000633   Thumb Code     0  iusefp.o(.text)
    _double_round                            0x08000633   Thumb Code    26  depilogue.o(.text)
    _double_epilogue                         0x0800064d   Thumb Code   164  depilogue.o(.text)
    __scatterload                            0x080006f1   Thumb Code    28  init.o(.text)
    __scatterload_rt2                        0x080006f1   Thumb Code     0  init.o(.text)
    __decompress                             0x08000715   Thumb Code     0  __dczerorl2.o(.text)
    __decompress1                            0x08000715   Thumb Code    86  __dczerorl2.o(.text)
    Error_Handler                            0x08000931   Thumb Code     2  main.o(i.Error_Handler)
    HAL_ADC_ConfigChannel                    0x08000935   Thumb Code   284  stm32f0xx_hal_adc.o(i.HAL_ADC_ConfigChannel)
    HAL_ADC_GetValue                         0x08000a61   Thumb Code     6  stm32f0xx_hal_adc.o(i.HAL_ADC_GetValue)
    HAL_ADC_Init                             0x08000a69   Thumb Code   364  stm32f0xx_hal_adc.o(i.HAL_ADC_Init)
    HAL_ADC_MspInit                          0x08000bdd   Thumb Code    54  stm32f0xx_hal_msp.o(i.HAL_ADC_MspInit)
    HAL_ADC_PollForConversion                0x08000c1d   Thumb Code   190  stm32f0xx_hal_adc.o(i.HAL_ADC_PollForConversion)
    HAL_ADC_Start                            0x08000cdd   Thumb Code    86  stm32f0xx_hal_adc.o(i.HAL_ADC_Start)
    HAL_ADC_Stop                             0x08000d39   Thumb Code    62  stm32f0xx_hal_adc.o(i.HAL_ADC_Stop)
    HAL_Delay                                0x08000d77   Thumb Code    22  stm32f0xx_hal.o(i.HAL_Delay)
    HAL_GPIO_Init                            0x08000d8d   Thumb Code   314  stm32f0xx_hal_gpio.o(i.HAL_GPIO_Init)
    HAL_GPIO_ReadPin                         0x08000ee5   Thumb Code    10  stm32f0xx_hal_gpio.o(i.HAL_GPIO_ReadPin)
    HAL_GPIO_TogglePin                       0x08000eef   Thumb Code     8  stm32f0xx_hal_gpio.o(i.HAL_GPIO_TogglePin)
    HAL_GPIO_WritePin                        0x08000ef7   Thumb Code    12  stm32f0xx_hal_gpio.o(i.HAL_GPIO_WritePin)
    HAL_GetTick                              0x08000f05   Thumb Code     6  stm32f0xx_hal.o(i.HAL_GetTick)
    HAL_I2CEx_ConfigAnalogFilter             0x08000f11   Thumb Code    74  stm32f0xx_hal_i2c_ex.o(i.HAL_I2CEx_ConfigAnalogFilter)
    HAL_I2CEx_ConfigDigitalFilter            0x08000f5b   Thumb Code    72  stm32f0xx_hal_i2c_ex.o(i.HAL_I2CEx_ConfigDigitalFilter)
    HAL_I2C_Init                             0x08000fa5   Thumb Code   176  stm32f0xx_hal_i2c.o(i.HAL_I2C_Init)
    HAL_I2C_MspInit                          0x08001059   Thumb Code    62  stm32f0xx_hal_msp.o(i.HAL_I2C_MspInit)
    HAL_IncTick                              0x080010a5   Thumb Code    10  stm32f0xx_hal.o(i.HAL_IncTick)
    HAL_Init                                 0x080010b5   Thumb Code    26  stm32f0xx_hal.o(i.HAL_Init)
    HAL_InitTick                             0x080010d5   Thumb Code    98  stm32f0xx_hal_timebase_tim.o(i.HAL_InitTick)
    HAL_MspInit                              0x0800114d   Thumb Code    50  stm32f0xx_hal_msp.o(i.HAL_MspInit)
    HAL_NVIC_EnableIRQ                       0x08001185   Thumb Code    14  stm32f0xx_hal_cortex.o(i.HAL_NVIC_EnableIRQ)
    HAL_NVIC_SetPriority                     0x08001199   Thumb Code     8  stm32f0xx_hal_cortex.o(i.HAL_NVIC_SetPriority)
    HAL_PCDEx_PMAConfig                      0x080011a1   Thumb Code    58  stm32f0xx_hal_pcd_ex.o(i.HAL_PCDEx_PMAConfig)
    HAL_PCD_DataInStageCallback              0x080011db   Thumb Code    24  usbd_conf.o(i.HAL_PCD_DataInStageCallback)
    HAL_PCD_DataOutStageCallback             0x080011f3   Thumb Code    28  usbd_conf.o(i.HAL_PCD_DataOutStageCallback)
    HAL_PCD_EP_Close                         0x08001211   Thumb Code   346  stm32f0xx_hal_pcd.o(i.HAL_PCD_EP_Close)
    HAL_PCD_EP_ClrStall                      0x08001379   Thumb Code   166  stm32f0xx_hal_pcd.o(i.HAL_PCD_EP_ClrStall)
    HAL_PCD_EP_GetRxCount                    0x0800142d   Thumb Code    20  stm32f0xx_hal_pcd.o(i.HAL_PCD_EP_GetRxCount)
    HAL_PCD_EP_Open                          0x08001441   Thumb Code   652  stm32f0xx_hal_pcd.o(i.HAL_PCD_EP_Open)
    HAL_PCD_EP_Receive                       0x080016e5   Thumb Code   298  stm32f0xx_hal_pcd.o(i.HAL_PCD_EP_Receive)
    HAL_PCD_EP_SetStall                      0x0800181d   Thumb Code   136  stm32f0xx_hal_pcd.o(i.HAL_PCD_EP_SetStall)
    HAL_PCD_EP_Transmit                      0x080018b1   Thumb Code   386  stm32f0xx_hal_pcd.o(i.HAL_PCD_EP_Transmit)
    HAL_PCD_IRQHandler                       0x08001a45   Thumb Code   238  stm32f0xx_hal_pcd.o(i.HAL_PCD_IRQHandler)
    HAL_PCD_Init                             0x08001b51   Thumb Code   154  stm32f0xx_hal_pcd.o(i.HAL_PCD_Init)
    HAL_PCD_MspInit                          0x08001bed   Thumb Code    46  usbd_conf.o(i.HAL_PCD_MspInit)
    HAL_PCD_ResetCallback                    0x08001c25   Thumb Code    24  usbd_conf.o(i.HAL_PCD_ResetCallback)
    HAL_PCD_ResumeCallback                   0x08001c3d   Thumb Code    38  usbd_conf.o(i.HAL_PCD_ResumeCallback)
    HAL_PCD_SOFCallback                      0x08001c69   Thumb Code    16  usbd_conf.o(i.HAL_PCD_SOFCallback)
    HAL_PCD_SetAddress                       0x08001c79   Thumb Code    44  stm32f0xx_hal_pcd.o(i.HAL_PCD_SetAddress)
    HAL_PCD_SetupStageCallback               0x08001ca5   Thumb Code    22  usbd_conf.o(i.HAL_PCD_SetupStageCallback)
    HAL_PCD_Start                            0x08001cbb   Thumb Code    18  stm32f0xx_hal_pcd.o(i.HAL_PCD_Start)
    HAL_PCD_SuspendCallback                  0x08001ccd   Thumb Code    34  usbd_conf.o(i.HAL_PCD_SuspendCallback)
    HAL_RCCEx_PeriphCLKConfig                0x08001cf5   Thumb Code   274  stm32f0xx_hal_rcc_ex.o(i.HAL_RCCEx_PeriphCLKConfig)
    HAL_RCC_ClockConfig                      0x08001e15   Thumb Code   320  stm32f0xx_hal_rcc.o(i.HAL_RCC_ClockConfig)
    HAL_RCC_GetClockConfig                   0x08001f69   Thumb Code    46  stm32f0xx_hal_rcc.o(i.HAL_RCC_GetClockConfig)
    HAL_RCC_GetHCLKFreq                      0x08001fa1   Thumb Code     6  stm32f0xx_hal_rcc.o(i.HAL_RCC_GetHCLKFreq)
    HAL_RCC_GetPCLK1Freq                     0x08001fad   Thumb Code    20  stm32f0xx_hal_rcc.o(i.HAL_RCC_GetPCLK1Freq)
    HAL_RCC_GetSysClockFreq                  0x08001fcd   Thumb Code    90  stm32f0xx_hal_rcc.o(i.HAL_RCC_GetSysClockFreq)
    HAL_RCC_OscConfig                        0x08002055   Thumb Code   966  stm32f0xx_hal_rcc.o(i.HAL_RCC_OscConfig)
    HAL_SPI_Init                             0x0800242d   Thumb Code   184  stm32f0xx_hal_spi.o(i.HAL_SPI_Init)
    HAL_SPI_MspInit                          0x080024e5   Thumb Code    58  stm32f0xx_hal_msp.o(i.HAL_SPI_MspInit)
    HAL_SPI_Transmit                         0x0800252d   Thumb Code   368  stm32f0xx_hal_spi.o(i.HAL_SPI_Transmit)
    HAL_SYSTICK_CLKSourceConfig              0x0800269d   Thumb Code    20  stm32f0xx_hal_cortex.o(i.HAL_SYSTICK_CLKSourceConfig)
    HAL_SYSTICK_Config                       0x080026b5   Thumb Code    38  stm32f0xx_hal_cortex.o(i.HAL_SYSTICK_Config)
    HAL_TIMEx_BreakCallback                  0x080026e5   Thumb Code     2  stm32f0xx_hal_tim_ex.o(i.HAL_TIMEx_BreakCallback)
    HAL_TIMEx_CommutationCallback            0x080026e7   Thumb Code     2  stm32f0xx_hal_tim_ex.o(i.HAL_TIMEx_CommutationCallback)
    HAL_TIMEx_MasterConfigSynchronization    0x080026e9   Thumb Code    72  stm32f0xx_hal_tim_ex.o(i.HAL_TIMEx_MasterConfigSynchronization)
    HAL_TIM_Base_Init                        0x08002731   Thumb Code    52  stm32f0xx_hal_tim.o(i.HAL_TIM_Base_Init)
    HAL_TIM_Base_MspInit                     0x08002765   Thumb Code    30  stm32f0xx_hal_msp.o(i.HAL_TIM_Base_MspInit)
    HAL_TIM_Base_Start                       0x08002789   Thumb Code    24  stm32f0xx_hal_tim.o(i.HAL_TIM_Base_Start)
    HAL_TIM_Base_Start_IT                    0x080027a1   Thumb Code    22  stm32f0xx_hal_tim.o(i.HAL_TIM_Base_Start_IT)
    HAL_TIM_ConfigClockSource                0x080027b7   Thumb Code   238  stm32f0xx_hal_tim.o(i.HAL_TIM_ConfigClockSource)
    HAL_TIM_IC_CaptureCallback               0x080028a5   Thumb Code     2  stm32f0xx_hal_tim.o(i.HAL_TIM_IC_CaptureCallback)
    HAL_TIM_IRQHandler                       0x080028a7   Thumb Code   354  stm32f0xx_hal_tim.o(i.HAL_TIM_IRQHandler)
    HAL_TIM_OC_DelayElapsedCallback          0x08002a09   Thumb Code     2  stm32f0xx_hal_tim.o(i.HAL_TIM_OC_DelayElapsedCallback)
    HAL_TIM_PWM_PulseFinishedCallback        0x08002a0b   Thumb Code     2  stm32f0xx_hal_tim.o(i.HAL_TIM_PWM_PulseFinishedCallback)
    HAL_TIM_PeriodElapsedCallback            0x08002a0d   Thumb Code    16  main.o(i.HAL_TIM_PeriodElapsedCallback)
    HAL_TIM_TriggerCallback                  0x08002a21   Thumb Code     2  stm32f0xx_hal_tim.o(i.HAL_TIM_TriggerCallback)
    HAL_UART_Init                            0x08002a23   Thumb Code   108  stm32f0xx_hal_uart.o(i.HAL_UART_Init)
    HAL_UART_MspInit                         0x08002a91   Thumb Code    64  stm32f0xx_hal_msp.o(i.HAL_UART_MspInit)
    HAL_UART_Transmit                        0x08002add   Thumb Code   200  stm32f0xx_hal_uart.o(i.HAL_UART_Transmit)
    HardFault_Handler                        0x08002ba5   Thumb Code     2  stm32f0xx_it.o(i.HardFault_Handler)
    MX_USB_DEVICE_Init                       0x08002df5   Thumb Code    36  usb_device.o(i.MX_USB_DEVICE_Init)
    NMI_Handler                              0x08002e29   Thumb Code     2  stm32f0xx_it.o(i.NMI_Handler)
    PCD_ReadPMA                              0x080031a9   Thumb Code    30  stm32f0xx_hal_pcd.o(i.PCD_ReadPMA)
    PCD_WritePMA                             0x080031c7   Thumb Code    38  stm32f0xx_hal_pcd.o(i.PCD_WritePMA)
    SVC_Handler                              0x08003355   Thumb Code     2  port.o(i.SVC_Handler)
    StartDefaultTask                         0x08003357   Thumb Code    12  main.o(i.StartDefaultTask)
    SysTick_Handler                          0x08003363   Thumb Code     8  stm32f0xx_it.o(i.SysTick_Handler)
    SystemClock_Config                       0x0800336d   Thumb Code   120  main.o(i.SystemClock_Config)
    SystemInit                               0x080033e9   Thumb Code    76  system_stm32f0xx.o(i.SystemInit)
    TIM7_IRQHandler                          0x08003445   Thumb Code    10  stm32f0xx_it.o(i.TIM7_IRQHandler)
    TIM_Base_SetConfig                       0x08003455   Thumb Code   124  stm32f0xx_hal_tim.o(i.TIM_Base_SetConfig)
    TIM_ETR_SetConfig                        0x080034e9   Thumb Code    22  stm32f0xx_hal_tim.o(i.TIM_ETR_SetConfig)
    UART_AdvFeatureConfig                    0x08003557   Thumb Code   202  stm32f0xx_hal_uart.o(i.UART_AdvFeatureConfig)
    UART_CheckIdleState                      0x08003621   Thumb Code   102  stm32f0xx_hal_uart.o(i.UART_CheckIdleState)
    UART_SetConfig                           0x08003695   Thumb Code   316  stm32f0xx_hal_uart.o(i.UART_SetConfig)
    UART_WaitOnFlagUntilTimeout              0x080037f1   Thumb Code    98  stm32f0xx_hal_uart.o(i.UART_WaitOnFlagUntilTimeout)
    USBD_CDC_GetDeviceQualifierDescriptor    0x08003909   Thumb Code     8  usbd_cdc.o(i.USBD_CDC_GetDeviceQualifierDescriptor)
    USBD_CDC_ReceivePacket                   0x080039c3   Thumb Code    56  usbd_cdc.o(i.USBD_CDC_ReceivePacket)
    USBD_CDC_RegisterInterface               0x080039fb   Thumb Code    20  usbd_cdc.o(i.USBD_CDC_RegisterInterface)
    USBD_CDC_SetRxBuffer                     0x08003a0f   Thumb Code    20  usbd_cdc.o(i.USBD_CDC_SetRxBuffer)
    USBD_CDC_SetTxBuffer                     0x08003a23   Thumb Code    22  usbd_cdc.o(i.USBD_CDC_SetTxBuffer)
    USBD_ClrClassConfig                      0x08003aad   Thumb Code    16  usbd_core.o(i.USBD_ClrClassConfig)
    USBD_CtlContinueRx                       0x08003abd   Thumb Code    16  usbd_ioreq.o(i.USBD_CtlContinueRx)
    USBD_CtlContinueSendData                 0x08003acd   Thumb Code    16  usbd_ioreq.o(i.USBD_CtlContinueSendData)
    USBD_CtlError                            0x08003add   Thumb Code    20  usbd_ctlreq.o(i.USBD_CtlError)
    USBD_CtlPrepareRx                        0x08003af1   Thumb Code    32  usbd_ioreq.o(i.USBD_CtlPrepareRx)
    USBD_CtlReceiveStatus                    0x08003b11   Thumb Code    24  usbd_ioreq.o(i.USBD_CtlReceiveStatus)
    USBD_CtlSendData                         0x08003b29   Thumb Code    28  usbd_ioreq.o(i.USBD_CtlSendData)
    USBD_CtlSendStatus                       0x08003b45   Thumb Code    24  usbd_ioreq.o(i.USBD_CtlSendStatus)
    USBD_FS_ConfigStrDescriptor              0x08003b5d   Thumb Code    16  usbd_desc.o(i.USBD_FS_ConfigStrDescriptor)
    USBD_FS_DeviceDescriptor                 0x08003b7d   Thumb Code     8  usbd_desc.o(i.USBD_FS_DeviceDescriptor)
    USBD_FS_InterfaceStrDescriptor           0x08003b89   Thumb Code    16  usbd_desc.o(i.USBD_FS_InterfaceStrDescriptor)
    USBD_FS_LangIDStrDescriptor              0x08003bad   Thumb Code     8  usbd_desc.o(i.USBD_FS_LangIDStrDescriptor)
    USBD_FS_ManufacturerStrDescriptor        0x08003bb9   Thumb Code    16  usbd_desc.o(i.USBD_FS_ManufacturerStrDescriptor)
    USBD_FS_ProductStrDescriptor             0x08003be1   Thumb Code    16  usbd_desc.o(i.USBD_FS_ProductStrDescriptor)
    USBD_FS_SerialStrDescriptor              0x08003c0d   Thumb Code    16  usbd_desc.o(i.USBD_FS_SerialStrDescriptor)
    USBD_GetString                           0x08003d11   Thumb Code    68  usbd_ctlreq.o(i.USBD_GetString)
    USBD_Init                                0x08003d55   Thumb Code    50  usbd_core.o(i.USBD_Init)
    USBD_LL_ClearStallEP                     0x08003d87   Thumb Code    38  usbd_conf.o(i.USBD_LL_ClearStallEP)
    USBD_LL_CloseEP                          0x08003dad   Thumb Code    38  usbd_conf.o(i.USBD_LL_CloseEP)
    USBD_LL_DataInStage                      0x08003dd3   Thumb Code   182  usbd_core.o(i.USBD_LL_DataInStage)
    USBD_LL_DataOutStage                     0x08003e89   Thumb Code   116  usbd_core.o(i.USBD_LL_DataOutStage)
    USBD_LL_GetRxDataSize                    0x08003efd   Thumb Code    16  usbd_conf.o(i.USBD_LL_GetRxDataSize)
    USBD_LL_Init                             0x08003f0d   Thumb Code   122  usbd_conf.o(i.USBD_LL_Init)
    USBD_LL_IsStallEP                        0x08003f95   Thumb Code    36  usbd_conf.o(i.USBD_LL_IsStallEP)
    USBD_LL_OpenEP                           0x08003fb9   Thumb Code    44  usbd_conf.o(i.USBD_LL_OpenEP)
    USBD_LL_PrepareReceive                   0x08003fe5   Thumb Code    38  usbd_conf.o(i.USBD_LL_PrepareReceive)
    USBD_LL_Reset                            0x0800400b   Thumb Code    70  usbd_core.o(i.USBD_LL_Reset)
    USBD_LL_Resume                           0x08004051   Thumb Code    12  usbd_core.o(i.USBD_LL_Resume)
    USBD_LL_SOF                              0x0800405d   Thumb Code    30  usbd_core.o(i.USBD_LL_SOF)
    USBD_LL_SetSpeed                         0x0800407b   Thumb Code     6  usbd_core.o(i.USBD_LL_SetSpeed)
    USBD_LL_SetUSBAddress                    0x08004081   Thumb Code    38  usbd_conf.o(i.USBD_LL_SetUSBAddress)
    USBD_LL_SetupStage                       0x080040a7   Thumb Code    94  usbd_core.o(i.USBD_LL_SetupStage)
    USBD_LL_StallEP                          0x08004105   Thumb Code    38  usbd_conf.o(i.USBD_LL_StallEP)
    USBD_LL_Start                            0x0800412b   Thumb Code    38  usbd_conf.o(i.USBD_LL_Start)
    USBD_LL_Suspend                          0x08004151   Thumb Code    16  usbd_core.o(i.USBD_LL_Suspend)
    USBD_LL_Transmit                         0x08004161   Thumb Code    38  usbd_conf.o(i.USBD_LL_Transmit)
    USBD_ParseSetupRequest                   0x08004187   Thumb Code    40  usbd_ctlreq.o(i.USBD_ParseSetupRequest)
    USBD_RegisterClass                       0x080041af   Thumb Code    22  usbd_core.o(i.USBD_RegisterClass)
    USBD_SetClassConfig                      0x080041c5   Thumb Code    28  usbd_core.o(i.USBD_SetClassConfig)
    USBD_Start                               0x08004251   Thumb Code    10  usbd_core.o(i.USBD_Start)
    USBD_StdDevReq                           0x0800425b   Thumb Code   238  usbd_ctlreq.o(i.USBD_StdDevReq)
    USBD_StdEPReq                            0x08004349   Thumb Code   234  usbd_ctlreq.o(i.USBD_StdEPReq)
    USBD_StdItfReq                           0x08004433   Thumb Code    58  usbd_ctlreq.o(i.USBD_StdItfReq)
    USBD_static_free                         0x0800446d   Thumb Code     2  usbd_conf.o(i.USBD_static_free)
    USBD_static_malloc                       0x08004471   Thumb Code     4  usbd_conf.o(i.USBD_static_malloc)
    USB_IRQHandler                           0x08004479   Thumb Code    10  stm32f0xx_it.o(i.USB_IRQHandler)
    __0printf$bare                           0x08004489   Thumb Code    12  printfb.o(i.__0printf$bare)
    __1printf$bare                           0x08004489   Thumb Code     0  printfb.o(i.__0printf$bare)
    __2printf                                0x08004489   Thumb Code     0  printfb.o(i.__0printf$bare)
    __ARM_clz                                0x0800449d   Thumb Code    46  depilogue.o(i.__ARM_clz)
    __ARM_common_switch8                     0x080044cb   Thumb Code    26  my_tasks.o(i.__ARM_common_switch8)
    __scatterload_copy                       0x080044e5   Thumb Code    14  handlers.o(i.__scatterload_copy)
    __scatterload_null                       0x080044f3   Thumb Code     2  handlers.o(i.__scatterload_null)
    __scatterload_zeroinit                   0x080044f5   Thumb Code    14  handlers.o(i.__scatterload_zeroinit)
    animation_handler                        0x08004521   Thumb Code    96  animations.o(i.animation_handler)
    animation_init                           0x0800458d   Thumb Code    28  animations.o(i.animation_init)
    animation_task_start                     0x080045a9   Thumb Code   230  my_tasks.o(i.animation_task_start)
    delay_us                                 0x08004699   Thumb Code    18  delay_us.o(i.delay_us)
    delay_us_init                            0x080046b1   Thumb Code    12  delay_us.o(i.delay_us_init)
    ds18b20_get_temp                         0x080046c1   Thumb Code    48  ds18b20.o(i.ds18b20_get_temp)
    ds18b20_start_conversion                 0x080046f5   Thumb Code    28  ds18b20.o(i.ds18b20_start_conversion)
    fputc                                    0x08004711   Thumb Code    18  main.o(i.fputc)
    get_ls_reading                           0x08004729   Thumb Code    42  helpers.o(i.get_ls_reading)
    get_modifier                             0x08004759   Thumb Code    40  helpers.o(i.get_modifier)
    gps_init                                 0x08004795   Thumb Code    32  gps_config.o(i.gps_init)
    gps_reset                                0x080047b5   Thumb Code    40  gps_config.o(i.gps_reset)
    gps_temp_parse_task_start                0x080047dd   Thumb Code    54  my_tasks.o(i.gps_temp_parse_task_start)
    led_animation_handler                    0x08004825   Thumb Code    96  animations.o(i.led_animation_handler)
    led_animation_init                       0x0800488d   Thumb Code    32  animations.o(i.led_animation_init)
    led_start_animation                      0x080048ad   Thumb Code    56  animations.o(i.led_start_animation)
    linear_buf_add                           0x080048ed   Thumb Code    42  helpers.o(i.linear_buf_add)
    linear_buf_add_str                       0x08004917   Thumb Code    30  helpers.o(i.linear_buf_add_str)
    linear_buf_init                          0x08004935   Thumb Code    64  helpers.o(i.linear_buf_init)
    linear_buf_line_available                0x08004985   Thumb Code    36  helpers.o(i.linear_buf_line_available)
    linear_buf_reset                         0x080049a9   Thumb Code    16  helpers.o(i.linear_buf_reset)
    main                                     0x080049b9   Thumb Code   140  main.o(i.main)
    malloc                                   0x08004a5d   Thumb Code    92  malloc.o(i.malloc)
    my_1wire_read_bit                        0x08004ac9   Thumb Code    60  my_1wire.o(i.my_1wire_read_bit)
    my_1wire_read_byte                       0x08004b09   Thumb Code    28  my_1wire.o(i.my_1wire_read_byte)
    my_1wire_read_bytes                      0x08004b25   Thumb Code    24  my_1wire.o(i.my_1wire_read_bytes)
    my_1wire_reset                           0x08004b3d   Thumb Code    72  my_1wire.o(i.my_1wire_reset)
    my_1wire_write_bit                       0x08004b89   Thumb Code    74  my_1wire.o(i.my_1wire_write_bit)
    my_1wire_write_byte                      0x08004bdd   Thumb Code    28  my_1wire.o(i.my_1wire_write_byte)
    my_usb_init                              0x08004bf9   Thumb Code    18  my_usb.o(i.my_usb_init)
    osDelay                                  0x08004c15   Thumb Code    16  cmsis_os.o(i.osDelay)
    osKernelStart                            0x08004c25   Thumb Code    10  cmsis_os.o(i.osKernelStart)
    osSystickHandler                         0x08004c2f   Thumb Code    16  cmsis_os.o(i.osSystickHandler)
    osThreadCreate                           0x08004c3f   Thumb Code    56  cmsis_os.o(i.osThreadCreate)
    pvPortMalloc                             0x08004d51   Thumb Code    68  heap_1.o(i.pvPortMalloc)
    pxPortInitialiseStack                    0x08004da1   Thumb Code    28  port.o(i.pxPortInitialiseStack)
    setup_task                               0x08004dc1   Thumb Code   116  my_tasks.o(i.setup_task)
    spi_send                                 0x08004e41   Thumb Code    84  my_tasks.o(i.spi_send)
    start_animation                          0x08004e9d   Thumb Code    38  animations.o(i.start_animation)
    test_task_start                          0x08004ec9   Thumb Code    64  my_tasks.o(i.test_task_start)
    tube_print2_uint8_t                      0x08004f0d   Thumb Code    40  animations.o(i.tube_print2_uint8_t)
    uxListRemove                             0x08004f35   Thumb Code    36  list.o(i.uxListRemove)
    vListInitialise                          0x08004f59   Thumb Code    22  list.o(i.vListInitialise)
    vListInitialiseItem                      0x08004f6f   Thumb Code     6  list.o(i.vListInitialiseItem)
    vListInsert                              0x08004f75   Thumb Code    48  list.o(i.vListInsert)
    vListInsertEnd                           0x08004fa5   Thumb Code    24  list.o(i.vListInsertEnd)
    vPortEnterCritical                       0x08004fbd   Thumb Code    20  port.o(i.vPortEnterCritical)
    vPortExitCritical                        0x08004fd5   Thumb Code    22  port.o(i.vPortExitCritical)
    vPortFree                                0x08004ff1   Thumb Code    10  heap_1.o(i.vPortFree)
    vPortYield                               0x08004ffd   Thumb Code    18  port.o(i.vPortYield)
    vTaskDelay                               0x08005015   Thumb Code    54  tasks.o(i.vTaskDelay)
    vTaskStartScheduler                      0x08005051   Thumb Code    58  tasks.o(i.vTaskStartScheduler)
    vTaskSuspendAll                          0x0800509d   Thumb Code    10  tasks.o(i.vTaskSuspendAll)
    vTaskSwitchContext                       0x080050ad   Thumb Code    78  tasks.o(i.vTaskSwitchContext)
    xPortStartScheduler                      0x08005105   Thumb Code    58  port.o(i.xPortStartScheduler)
    xPortSysTickHandler                      0x08005151   Thumb Code    32  port.o(i.xPortSysTickHandler)
    xTaskGenericCreate                       0x08005175   Thumb Code   354  tasks.o(i.xTaskGenericCreate)
    xTaskGetSchedulerState                   0x080052e1   Thumb Code    26  tasks.o(i.xTaskGetSchedulerState)
    xTaskIncrementTick                       0x08005301   Thumb Code   184  tasks.o(i.xTaskIncrementTick)
    xTaskResumeAll                           0x080053c1   Thumb Code   160  tasks.o(i.xTaskResumeAll)
    AHBPrescTable                            0x080054b8   Data          16  system_stm32f0xx.o(.constdata)
    APBPrescTable                            0x080054c8   Data           8  system_stm32f0xx.o(.constdata)
    Region$$Table$$Base                      0x0800550c   Number         0  anon$$obj.o(Region$$Table)
    Region$$Table$$Limit                     0x0800552c   Number         0  anon$$obj.o(Region$$Table)
    defaultTaskHandle                        0x20000000   Data           4  main.o(.data)
    FS_Desc                                  0x20000004   Data          28  usbd_desc.o(.data)
    USBD_LangIDDesc                          0x20000020   Data           4  usbd_desc.o(.data)
    USBD_FS_DeviceDesc                       0x20000024   Data          18  usbd_desc.o(.data)
    USBD_Interface_fops_FS                   0x20000038   Data          16  usbd_cdc_if.o(.data)
    port_opened                              0x20000048   Data           4  my_usb.o(.data)
    raw_temp                                 0x20000050   Data           2  my_tasks.o(.data)
    frame_counter                            0x20000054   Data           4  my_tasks.o(.data)
    brightness_modifier                      0x20000058   Data           8  my_tasks.o(.data)
    us_timer                                 0x20000060   Data           4  delay_us.o(.data)
    SystemCoreClock                          0x20000064   Data           4  system_stm32f0xx.o(.data)
    uwTick                                   0x20000068   Data           4  stm32f0xx_hal.o(.data)
    pxCurrentTCB                             0x2000006c   Data           4  tasks.o(.data)
    USBD_CDC_CfgHSDesc                       0x200000c4   Data          67  usbd_cdc.o(.data)
    USBD_CDC_CfgFSDesc                       0x20000108   Data          67  usbd_cdc.o(.data)
    USBD_CDC_OtherSpeedCfgDesc               0x2000014c   Data          67  usbd_cdc.o(.data)
    USBD_CDC                                 0x20000190   Data          56  usbd_cdc.o(.data)
    __stdout                                 0x200001c8   Data           4  stdout.o(.data)
    __microlib_freelist                      0x200001cc   Data           4  mvars.o(.data)
    __microlib_freelist_initialised          0x200001d0   Data           4  mvars.o(.data)
    hadc                                     0x200001d4   Data          76  main.o(.bss)
    hi2c1                                    0x20000220   Data          76  main.o(.bss)
    hspi1                                    0x2000026c   Data         100  main.o(.bss)
    htim2                                    0x200002d0   Data          64  main.o(.bss)
    huart3                                   0x20000310   Data         112  main.o(.bss)
    hpcd_USB_FS                              0x200005a0   Data         544  usbd_conf.o(.bss)
    htim7                                    0x200007c0   Data          64  stm32f0xx_hal_timebase_tim.o(.bss)
    USBD_StrDesc                             0x20000800   Data         512  usbd_desc.o(.bss)
    hUsbDeviceFS                             0x20000a00   Data         548  usb_device.o(.bss)
    UserRxBufferFS                           0x20000c24   Data         128  usbd_cdc_if.o(.bss)
    UserTxBufferFS                           0x20000ca4   Data         128  usbd_cdc_if.o(.bss)
    usb_recv_buf                             0x20000d24   Data          16  my_usb.o(.bss)
    usb_line_buf                             0x20000d34   Data         128  my_usb.o(.bss)
    spi_buf                                  0x20000db8   Data          16  my_tasks.o(.bss)
    tube_animation                           0x20000dc8   Data         168  my_tasks.o(.bss)
    rgb_animation                            0x20000e70   Data         336  my_tasks.o(.bss)
    gps_lb                                   0x20000fc0   Data          16  my_tasks.o(.bss)
    ds18b20_buf                              0x20000fd0   Data           9  ds18b20.o(.bss)
    __heap_base                              0x200020d0   Data           0  startup_stm32f072xb.o(HEAP)
    __heap_limit                             0x200022d0   Data           0  startup_stm32f072xb.o(HEAP)
    __initial_sp                             0x200026d0   Data           0  startup_stm32f072xb.o(STACK)



==============================================================================

Memory Map of the image

  Image Entry point : 0x080000c1

  Load Region LR_IROM1 (Base: 0x08000000, Size: 0x00005700, Max: 0x00010000, ABSOLUTE, COMPRESSED[0x000055f4])

    Execution Region ER_IROM1 (Base: 0x08000000, Size: 0x0000552c, Max: 0x00010000, ABSOLUTE)

    Base Addr    Size         Type   Attr      Idx    E Section Name        Object

    0x08000000   0x000000c0   Data   RO         1279    RESET               startup_stm32f072xb.o
    0x080000c0   0x00000000   Code   RO         5965  * .ARM.Collect$$$$00000000  mc_p.l(entry.o)
    0x080000c0   0x00000004   Code   RO         6284    .ARM.Collect$$$$00000001  mc_p.l(entry2.o)
    0x080000c4   0x00000004   Code   RO         6287    .ARM.Collect$$$$00000004  mc_p.l(entry5.o)
    0x080000c8   0x00000000   Code   RO         6289    .ARM.Collect$$$$00000008  mc_p.l(entry7b.o)
    0x080000c8   0x00000000   Code   RO         6291    .ARM.Collect$$$$0000000A  mc_p.l(entry8b.o)
    0x080000c8   0x00000008   Code   RO         6292    .ARM.Collect$$$$0000000B  mc_p.l(entry9a.o)
    0x080000d0   0x00000000   Code   RO         6294    .ARM.Collect$$$$0000000D  mc_p.l(entry10a.o)
    0x080000d0   0x00000000   Code   RO         6296    .ARM.Collect$$$$0000000F  mc_p.l(entry11a.o)
    0x080000d0   0x00000004   Code   RO         6285    .ARM.Collect$$$$00002712  mc_p.l(entry2.o)
    0x080000d4   0x00000070   Code   RO         5547    .emb_text           port.o
    0x08000144   0x0000001c   Code   RO         1280    .text               startup_stm32f072xb.o
    0x08000160   0x0000002c   Code   RO         5968    .text               mc_p.l(uidiv.o)
    0x0800018c   0x00000022   Code   RO         5970    .text               mc_p.l(llushr.o)
    0x080001ae   0x00000024   Code   RO         5972    .text               mc_p.l(memcpya.o)
    0x080001d2   0x00000024   Code   RO         5974    .text               mc_p.l(memseta.o)
    0x080001f6   0x00000002   PAD
    0x080001f8   0x00000164   Code   RO         6268    .text               mf_p.l(dadd.o)
    0x0800035c   0x000000d0   Code   RO         6270    .text               mf_p.l(dmul.o)
    0x0800042c   0x000000f0   Code   RO         6272    .text               mf_p.l(ddiv.o)
    0x0800051c   0x00000028   Code   RO         6274    .text               mf_p.l(dflti.o)
    0x08000544   0x0000001c   Code   RO         6276    .text               mf_p.l(dfltui.o)
    0x08000560   0x0000003c   Code   RO         6278    .text               mf_p.l(dfixui.o)
    0x0800059c   0x00000028   Code   RO         6280    .text               mf_p.l(cdcmple.o)
    0x080005c4   0x00000028   Code   RO         6282    .text               mf_p.l(cdrcmple.o)
    0x080005ec   0x00000020   Code   RO         6301    .text               mc_p.l(llshl.o)
    0x0800060c   0x00000026   Code   RO         6303    .text               mc_p.l(llsshr.o)
    0x08000632   0x00000000   Code   RO         6307    .text               mc_p.l(iusefp.o)
    0x08000632   0x000000be   Code   RO         6308    .text               mf_p.l(depilogue.o)
    0x080006f0   0x00000024   Code   RO         6314    .text               mc_p.l(init.o)
    0x08000714   0x00000056   Code   RO         6324    .text               mc_p.l(__dczerorl2.o)
    0x0800076a   0x00000052   Code   RO         4514    i.ADC_ConversionStop  stm32f0xx_hal_adc.o
    0x080007bc   0x00000066   Code   RO         4518    i.ADC_Disable       stm32f0xx_hal_adc.o
    0x08000822   0x00000002   PAD
    0x08000824   0x00000084   Code   RO         4519    i.ADC_Enable        stm32f0xx_hal_adc.o
    0x080008a8   0x00000038   Code   RO          783    i.CDC_Control_FS    usbd_cdc_if.o
    0x080008e0   0x00000004   Code   RO          784    i.CDC_DeInit_FS     usbd_cdc_if.o
    0x080008e4   0x00000024   Code   RO          785    i.CDC_Init_FS       usbd_cdc_if.o
    0x08000908   0x00000028   Code   RO          786    i.CDC_Receive_FS    usbd_cdc_if.o
    0x08000930   0x00000002   Code   RO          212    i.Error_Handler     main.o
    0x08000932   0x00000002   PAD
    0x08000934   0x0000012c   Code   RO         4521    i.HAL_ADC_ConfigChannel  stm32f0xx_hal_adc.o
    0x08000a60   0x00000006   Code   RO         4528    i.HAL_ADC_GetValue  stm32f0xx_hal_adc.o
    0x08000a66   0x00000002   PAD
    0x08000a68   0x00000174   Code   RO         4530    i.HAL_ADC_Init      stm32f0xx_hal_adc.o
    0x08000bdc   0x00000040   Code   RO          335    i.HAL_ADC_MspInit   stm32f0xx_hal_msp.o
    0x08000c1c   0x000000be   Code   RO         4534    i.HAL_ADC_PollForConversion  stm32f0xx_hal_adc.o
    0x08000cda   0x00000002   PAD
    0x08000cdc   0x0000005c   Code   RO         4536    i.HAL_ADC_Start     stm32f0xx_hal_adc.o
    0x08000d38   0x0000003e   Code   RO         4539    i.HAL_ADC_Stop      stm32f0xx_hal_adc.o
    0x08000d76   0x00000016   Code   RO         3256    i.HAL_Delay         stm32f0xx_hal.o
    0x08000d8c   0x00000158   Code   RO         1383    i.HAL_GPIO_Init     stm32f0xx_hal_gpio.o
    0x08000ee4   0x0000000a   Code   RO         1385    i.HAL_GPIO_ReadPin  stm32f0xx_hal_gpio.o
    0x08000eee   0x00000008   Code   RO         1386    i.HAL_GPIO_TogglePin  stm32f0xx_hal_gpio.o
    0x08000ef6   0x0000000c   Code   RO         1387    i.HAL_GPIO_WritePin  stm32f0xx_hal_gpio.o
    0x08000f02   0x00000002   PAD
    0x08000f04   0x0000000c   Code   RO         3260    i.HAL_GetTick       stm32f0xx_hal.o
    0x08000f10   0x0000004a   Code   RO         3620    i.HAL_I2CEx_ConfigAnalogFilter  stm32f0xx_hal_i2c_ex.o
    0x08000f5a   0x00000048   Code   RO         3621    i.HAL_I2CEx_ConfigDigitalFilter  stm32f0xx_hal_i2c_ex.o
    0x08000fa2   0x00000002   PAD
    0x08000fa4   0x000000b4   Code   RO         3681    i.HAL_I2C_Init      stm32f0xx_hal_i2c.o
    0x08001058   0x0000004c   Code   RO          337    i.HAL_I2C_MspInit   stm32f0xx_hal_msp.o
    0x080010a4   0x00000010   Code   RO         3261    i.HAL_IncTick       stm32f0xx_hal.o
    0x080010b4   0x00000020   Code   RO         3262    i.HAL_Init          stm32f0xx_hal.o
    0x080010d4   0x00000078   Code   RO          649    i.HAL_InitTick      stm32f0xx_hal_timebase_tim.o
    0x0800114c   0x00000038   Code   RO          338    i.HAL_MspInit       stm32f0xx_hal_msp.o
    0x08001184   0x00000014   Code   RO         1288    i.HAL_NVIC_EnableIRQ  stm32f0xx_hal_cortex.o
    0x08001198   0x00000008   Code   RO         1292    i.HAL_NVIC_SetPriority  stm32f0xx_hal_cortex.o
    0x080011a0   0x0000003a   Code   RO         3011    i.HAL_PCDEx_PMAConfig  stm32f0xx_hal_pcd_ex.o
    0x080011da   0x00000018   Code   RO          416    i.HAL_PCD_DataInStageCallback  usbd_conf.o
    0x080011f2   0x0000001c   Code   RO          417    i.HAL_PCD_DataOutStageCallback  usbd_conf.o
    0x0800120e   0x00000002   PAD
    0x08001210   0x00000168   Code   RO         3040    i.HAL_PCD_EP_Close  stm32f0xx_hal_pcd.o
    0x08001378   0x000000b4   Code   RO         3041    i.HAL_PCD_EP_ClrStall  stm32f0xx_hal_pcd.o
    0x0800142c   0x00000014   Code   RO         3043    i.HAL_PCD_EP_GetRxCount  stm32f0xx_hal_pcd.o
    0x08001440   0x000002a4   Code   RO         3044    i.HAL_PCD_EP_Open   stm32f0xx_hal_pcd.o
    0x080016e4   0x00000138   Code   RO         3045    i.HAL_PCD_EP_Receive  stm32f0xx_hal_pcd.o
    0x0800181c   0x00000094   Code   RO         3046    i.HAL_PCD_EP_SetStall  stm32f0xx_hal_pcd.o
    0x080018b0   0x00000194   Code   RO         3047    i.HAL_PCD_EP_Transmit  stm32f0xx_hal_pcd.o
    0x08001a44   0x0000010c   Code   RO         3049    i.HAL_PCD_IRQHandler  stm32f0xx_hal_pcd.o
    0x08001b50   0x0000009a   Code   RO         3052    i.HAL_PCD_Init      stm32f0xx_hal_pcd.o
    0x08001bea   0x00000002   PAD
    0x08001bec   0x00000038   Code   RO          422    i.HAL_PCD_MspInit   usbd_conf.o
    0x08001c24   0x00000018   Code   RO          423    i.HAL_PCD_ResetCallback  usbd_conf.o
    0x08001c3c   0x0000002c   Code   RO          424    i.HAL_PCD_ResumeCallback  usbd_conf.o
    0x08001c68   0x00000010   Code   RO          425    i.HAL_PCD_SOFCallback  usbd_conf.o
    0x08001c78   0x0000002c   Code   RO         3058    i.HAL_PCD_SetAddress  stm32f0xx_hal_pcd.o
    0x08001ca4   0x00000016   Code   RO          426    i.HAL_PCD_SetupStageCallback  usbd_conf.o
    0x08001cba   0x00000012   Code   RO         3060    i.HAL_PCD_Start     stm32f0xx_hal_pcd.o
    0x08001ccc   0x00000028   Code   RO          427    i.HAL_PCD_SuspendCallback  usbd_conf.o
    0x08001cf4   0x00000120   Code   RO         3449    i.HAL_RCCEx_PeriphCLKConfig  stm32f0xx_hal_rcc_ex.o
    0x08001e14   0x00000154   Code   RO         1443    i.HAL_RCC_ClockConfig  stm32f0xx_hal_rcc.o
    0x08001f68   0x00000038   Code   RO         1447    i.HAL_RCC_GetClockConfig  stm32f0xx_hal_rcc.o
    0x08001fa0   0x0000000c   Code   RO         1448    i.HAL_RCC_GetHCLKFreq  stm32f0xx_hal_rcc.o
    0x08001fac   0x00000020   Code   RO         1450    i.HAL_RCC_GetPCLK1Freq  stm32f0xx_hal_rcc.o
    0x08001fcc   0x00000088   Code   RO         1451    i.HAL_RCC_GetSysClockFreq  stm32f0xx_hal_rcc.o
    0x08002054   0x000003d8   Code   RO         1454    i.HAL_RCC_OscConfig  stm32f0xx_hal_rcc.o
    0x0800242c   0x000000b8   Code   RO         1545    i.HAL_SPI_Init      stm32f0xx_hal_spi.o
    0x080024e4   0x00000048   Code   RO          340    i.HAL_SPI_MspInit   stm32f0xx_hal_msp.o
    0x0800252c   0x00000170   Code   RO         1553    i.HAL_SPI_Transmit  stm32f0xx_hal_spi.o
    0x0800269c   0x00000018   Code   RO         1294    i.HAL_SYSTICK_CLKSourceConfig  stm32f0xx_hal_cortex.o
    0x080026b4   0x00000030   Code   RO         1296    i.HAL_SYSTICK_Config  stm32f0xx_hal_cortex.o
    0x080026e4   0x00000002   Code   RO         1857    i.HAL_TIMEx_BreakCallback  stm32f0xx_hal_tim_ex.o
    0x080026e6   0x00000002   Code   RO         1858    i.HAL_TIMEx_CommutationCallback  stm32f0xx_hal_tim_ex.o
    0x080026e8   0x00000048   Code   RO         1874    i.HAL_TIMEx_MasterConfigSynchronization  stm32f0xx_hal_tim_ex.o
    0x08002730   0x00000034   Code   RO         2386    i.HAL_TIM_Base_Init  stm32f0xx_hal_tim.o
    0x08002764   0x00000024   Code   RO          342    i.HAL_TIM_Base_MspInit  stm32f0xx_hal_msp.o
    0x08002788   0x00000018   Code   RO         2389    i.HAL_TIM_Base_Start  stm32f0xx_hal_tim.o
    0x080027a0   0x00000016   Code   RO         2391    i.HAL_TIM_Base_Start_IT  stm32f0xx_hal_tim.o
    0x080027b6   0x000000ee   Code   RO         2395    i.HAL_TIM_ConfigClockSource  stm32f0xx_hal_tim.o
    0x080028a4   0x00000002   Code   RO         2415    i.HAL_TIM_IC_CaptureCallback  stm32f0xx_hal_tim.o
    0x080028a6   0x00000162   Code   RO         2428    i.HAL_TIM_IRQHandler  stm32f0xx_hal_tim.o
    0x08002a08   0x00000002   Code   RO         2431    i.HAL_TIM_OC_DelayElapsedCallback  stm32f0xx_hal_tim.o
    0x08002a0a   0x00000002   Code   RO         2458    i.HAL_TIM_PWM_PulseFinishedCallback  stm32f0xx_hal_tim.o
    0x08002a0c   0x00000014   Code   RO          213    i.HAL_TIM_PeriodElapsedCallback  main.o
    0x08002a20   0x00000002   Code   RO         2469    i.HAL_TIM_TriggerCallback  stm32f0xx_hal_tim.o
    0x08002a22   0x0000006c   Code   RO         4118    i.HAL_UART_Init     stm32f0xx_hal_uart.o
    0x08002a8e   0x00000002   PAD
    0x08002a90   0x0000004c   Code   RO          344    i.HAL_UART_MspInit  stm32f0xx_hal_msp.o
    0x08002adc   0x000000c8   Code   RO         4126    i.HAL_UART_Transmit  stm32f0xx_hal_uart.o
    0x08002ba4   0x00000002   Code   RO            3    i.HardFault_Handler  stm32f0xx_it.o
    0x08002ba6   0x00000002   PAD
    0x08002ba8   0x0000005c   Code   RO          214    i.MX_ADC_Init       main.o
    0x08002c04   0x000000c4   Code   RO          215    i.MX_GPIO_Init      main.o
    0x08002cc8   0x00000054   Code   RO          216    i.MX_I2C1_Init      main.o
    0x08002d1c   0x0000004c   Code   RO          217    i.MX_SPI1_Init      main.o
    0x08002d68   0x00000054   Code   RO          218    i.MX_TIM2_Init      main.o
    0x08002dbc   0x00000038   Code   RO          219    i.MX_USART3_UART_Init  main.o
    0x08002df4   0x00000034   Code   RO          749    i.MX_USB_DEVICE_Init  usb_device.o
    0x08002e28   0x00000002   Code   RO            4    i.NMI_Handler       stm32f0xx_it.o
    0x08002e2a   0x00000002   PAD
    0x08002e2c   0x00000044   Code   RO         1298    i.NVIC_SetPriority  stm32f0xx_hal_cortex.o
    0x08002e70   0x00000338   Code   RO         3063    i.PCD_EP_ISR_Handler  stm32f0xx_hal_pcd.o
    0x080031a8   0x0000001e   Code   RO         3064    i.PCD_ReadPMA       stm32f0xx_hal_pcd.o
    0x080031c6   0x00000026   Code   RO         3065    i.PCD_WritePMA      stm32f0xx_hal_pcd.o
    0x080031ec   0x00000038   Code   RO         1583    i.SPI_EndRxTxTransaction  stm32f0xx_hal_spi.o
    0x08003224   0x0000009c   Code   RO         1588    i.SPI_WaitFifoStateUntilTimeout  stm32f0xx_hal_spi.o
    0x080032c0   0x00000094   Code   RO         1589    i.SPI_WaitFlagStateUntilTimeout  stm32f0xx_hal_spi.o
    0x08003354   0x00000002   Code   RO         5548    i.SVC_Handler       port.o
    0x08003356   0x0000000c   Code   RO          220    i.StartDefaultTask  main.o
    0x08003362   0x00000008   Code   RO            5    i.SysTick_Handler   stm32f0xx_it.o
    0x0800336a   0x00000002   PAD
    0x0800336c   0x0000007c   Code   RO          221    i.SystemClock_Config  main.o
    0x080033e8   0x0000005c   Code   RO         1246    i.SystemInit        system_stm32f0xx.o
    0x08003444   0x00000010   Code   RO            6    i.TIM7_IRQHandler   stm32f0xx_it.o
    0x08003454   0x00000094   Code   RO         2470    i.TIM_Base_SetConfig  stm32f0xx_hal_tim.o
    0x080034e8   0x00000016   Code   RO         2477    i.TIM_ETR_SetConfig  stm32f0xx_hal_tim.o
    0x080034fe   0x00000010   Code   RO         2478    i.TIM_ITRx_SetConfig  stm32f0xx_hal_tim.o
    0x0800350e   0x00000022   Code   RO         2484    i.TIM_TI1_ConfigInputStage  stm32f0xx_hal_tim.o
    0x08003530   0x00000026   Code   RO         2486    i.TIM_TI2_ConfigInputStage  stm32f0xx_hal_tim.o
    0x08003556   0x000000ca   Code   RO         4131    i.UART_AdvFeatureConfig  stm32f0xx_hal_uart.o
    0x08003620   0x00000074   Code   RO         4132    i.UART_CheckIdleState  stm32f0xx_hal_uart.o
    0x08003694   0x0000015c   Code   RO         4147    i.UART_SetConfig    stm32f0xx_hal_uart.o
    0x080037f0   0x00000062   Code   RO         4149    i.UART_WaitOnFlagUntilTimeout  stm32f0xx_hal_uart.o
    0x08003852   0x0000001e   Code   RO         5809    i.USBD_CDC_DataIn   usbd_cdc.o
    0x08003870   0x00000034   Code   RO         5810    i.USBD_CDC_DataOut  usbd_cdc.o
    0x080038a4   0x0000003c   Code   RO         5811    i.USBD_CDC_DeInit   usbd_cdc.o
    0x080038e0   0x00000028   Code   RO         5812    i.USBD_CDC_EP0_RxReady  usbd_cdc.o
    0x08003908   0x0000000c   Code   RO         5813    i.USBD_CDC_GetDeviceQualifierDescriptor  usbd_cdc.o
    0x08003914   0x0000000c   Code   RO         5814    i.USBD_CDC_GetFSCfgDesc  usbd_cdc.o
    0x08003920   0x0000000c   Code   RO         5815    i.USBD_CDC_GetHSCfgDesc  usbd_cdc.o
    0x0800392c   0x0000000c   Code   RO         5816    i.USBD_CDC_GetOtherSpeedCfgDesc  usbd_cdc.o
    0x08003938   0x0000008a   Code   RO         5817    i.USBD_CDC_Init     usbd_cdc.o
    0x080039c2   0x00000038   Code   RO         5818    i.USBD_CDC_ReceivePacket  usbd_cdc.o
    0x080039fa   0x00000014   Code   RO         5819    i.USBD_CDC_RegisterInterface  usbd_cdc.o
    0x08003a0e   0x00000014   Code   RO         5820    i.USBD_CDC_SetRxBuffer  usbd_cdc.o
    0x08003a22   0x00000016   Code   RO         5821    i.USBD_CDC_SetTxBuffer  usbd_cdc.o
    0x08003a38   0x00000074   Code   RO         5822    i.USBD_CDC_Setup    usbd_cdc.o
    0x08003aac   0x00000010   Code   RO         5614    i.USBD_ClrClassConfig  usbd_core.o
    0x08003abc   0x00000010   Code   RO         5911    i.USBD_CtlContinueRx  usbd_ioreq.o
    0x08003acc   0x00000010   Code   RO         5912    i.USBD_CtlContinueSendData  usbd_ioreq.o
    0x08003adc   0x00000014   Code   RO         5748    i.USBD_CtlError     usbd_ctlreq.o
    0x08003af0   0x00000020   Code   RO         5913    i.USBD_CtlPrepareRx  usbd_ioreq.o
    0x08003b10   0x00000018   Code   RO         5914    i.USBD_CtlReceiveStatus  usbd_ioreq.o
    0x08003b28   0x0000001c   Code   RO         5915    i.USBD_CtlSendData  usbd_ioreq.o
    0x08003b44   0x00000018   Code   RO         5916    i.USBD_CtlSendStatus  usbd_ioreq.o
    0x08003b5c   0x00000020   Code   RO          685    i.USBD_FS_ConfigStrDescriptor  usbd_desc.o
    0x08003b7c   0x0000000c   Code   RO          686    i.USBD_FS_DeviceDescriptor  usbd_desc.o
    0x08003b88   0x00000024   Code   RO          687    i.USBD_FS_InterfaceStrDescriptor  usbd_desc.o
    0x08003bac   0x0000000c   Code   RO          688    i.USBD_FS_LangIDStrDescriptor  usbd_desc.o
    0x08003bb8   0x00000028   Code   RO          689    i.USBD_FS_ManufacturerStrDescriptor  usbd_desc.o
    0x08003be0   0x0000002c   Code   RO          690    i.USBD_FS_ProductStrDescriptor  usbd_desc.o
    0x08003c0c   0x00000024   Code   RO          691    i.USBD_FS_SerialStrDescriptor  usbd_desc.o
    0x08003c30   0x000000e0   Code   RO         5749    i.USBD_GetDescriptor  usbd_ctlreq.o
    0x08003d10   0x00000044   Code   RO         5750    i.USBD_GetString    usbd_ctlreq.o
    0x08003d54   0x00000032   Code   RO         5616    i.USBD_Init         usbd_core.o
    0x08003d86   0x00000026   Code   RO          428    i.USBD_LL_ClearStallEP  usbd_conf.o
    0x08003dac   0x00000026   Code   RO          429    i.USBD_LL_CloseEP   usbd_conf.o
    0x08003dd2   0x000000b6   Code   RO         5617    i.USBD_LL_DataInStage  usbd_core.o
    0x08003e88   0x00000074   Code   RO         5618    i.USBD_LL_DataOutStage  usbd_core.o
    0x08003efc   0x00000010   Code   RO          433    i.USBD_LL_GetRxDataSize  usbd_conf.o
    0x08003f0c   0x00000088   Code   RO          434    i.USBD_LL_Init      usbd_conf.o
    0x08003f94   0x00000024   Code   RO          435    i.USBD_LL_IsStallEP  usbd_conf.o
    0x08003fb8   0x0000002c   Code   RO          436    i.USBD_LL_OpenEP    usbd_conf.o
    0x08003fe4   0x00000026   Code   RO          437    i.USBD_LL_PrepareReceive  usbd_conf.o
    0x0800400a   0x00000046   Code   RO         5623    i.USBD_LL_Reset     usbd_core.o
    0x08004050   0x0000000c   Code   RO         5624    i.USBD_LL_Resume    usbd_core.o
    0x0800405c   0x0000001e   Code   RO         5625    i.USBD_LL_SOF       usbd_core.o
    0x0800407a   0x00000006   Code   RO         5626    i.USBD_LL_SetSpeed  usbd_core.o
    0x08004080   0x00000026   Code   RO          438    i.USBD_LL_SetUSBAddress  usbd_conf.o
    0x080040a6   0x0000005e   Code   RO         5627    i.USBD_LL_SetupStage  usbd_core.o
    0x08004104   0x00000026   Code   RO          439    i.USBD_LL_StallEP   usbd_conf.o
    0x0800412a   0x00000026   Code   RO          440    i.USBD_LL_Start     usbd_conf.o
    0x08004150   0x00000010   Code   RO         5628    i.USBD_LL_Suspend   usbd_core.o
    0x08004160   0x00000026   Code   RO          442    i.USBD_LL_Transmit  usbd_conf.o
    0x08004186   0x00000028   Code   RO         5751    i.USBD_ParseSetupRequest  usbd_ctlreq.o
    0x080041ae   0x00000016   Code   RO         5629    i.USBD_RegisterClass  usbd_core.o
    0x080041c4   0x0000001c   Code   RO         5631    i.USBD_SetClassConfig  usbd_core.o
    0x080041e0   0x00000070   Code   RO         5752    i.USBD_SetConfig    usbd_ctlreq.o
    0x08004250   0x0000000a   Code   RO         5632    i.USBD_Start        usbd_core.o
    0x0800425a   0x000000ee   Code   RO         5753    i.USBD_StdDevReq    usbd_ctlreq.o
    0x08004348   0x000000ea   Code   RO         5754    i.USBD_StdEPReq     usbd_ctlreq.o
    0x08004432   0x0000003a   Code   RO         5755    i.USBD_StdItfReq    usbd_ctlreq.o
    0x0800446c   0x00000002   Code   RO          443    i.USBD_static_free  usbd_conf.o
    0x0800446e   0x00000002   PAD
    0x08004470   0x00000008   Code   RO          444    i.USBD_static_malloc  usbd_conf.o
    0x08004478   0x00000010   Code   RO            7    i.USB_IRQHandler    stm32f0xx_it.o
    0x08004488   0x00000014   Code   RO         5981    i.__0printf$bare    mc_p.l(printfb.o)
    0x0800449c   0x0000002e   Code   RO         6310    i.__ARM_clz         mf_p.l(depilogue.o)
    0x080044ca   0x0000001a   Code   RO          981    i.__ARM_common_switch8  my_tasks.o
    0x080044e4   0x0000000e   Code   RO         6318    i.__scatterload_copy  mc_p.l(handlers.o)
    0x080044f2   0x00000002   Code   RO         6319    i.__scatterload_null  mc_p.l(handlers.o)
    0x080044f4   0x0000000e   Code   RO         6320    i.__scatterload_zeroinit  mc_p.l(handlers.o)
    0x08004502   0x0000001e   Code   RO         5988    i._printf_core      mc_p.l(printfb.o)
    0x08004520   0x0000006c   Code   RO         1009    i.animation_handler  animations.o
    0x0800458c   0x0000001c   Code   RO         1010    i.animation_init    animations.o
    0x080045a8   0x000000f0   Code   RO          937    i.animation_task_start  my_tasks.o
    0x08004698   0x00000018   Code   RO         1065    i.delay_us          delay_us.o
    0x080046b0   0x00000010   Code   RO         1066    i.delay_us_init     delay_us.o
    0x080046c0   0x00000034   Code   RO         1150    i.ds18b20_get_temp  ds18b20.o
    0x080046f4   0x0000001c   Code   RO         1151    i.ds18b20_start_conversion  ds18b20.o
    0x08004710   0x00000018   Code   RO          222    i.fputc             main.o
    0x08004728   0x00000030   Code   RO          831    i.get_ls_reading    helpers.o
    0x08004758   0x0000003c   Code   RO          832    i.get_modifier      helpers.o
    0x08004794   0x00000020   Code   RO         1211    i.gps_init          gps_config.o
    0x080047b4   0x00000028   Code   RO         1212    i.gps_reset         gps_config.o
    0x080047dc   0x00000048   Code   RO          938    i.gps_temp_parse_task_start  my_tasks.o
    0x08004824   0x00000068   Code   RO         1011    i.led_animation_handler  animations.o
    0x0800488c   0x00000020   Code   RO         1012    i.led_animation_init  animations.o
    0x080048ac   0x00000040   Code   RO         1013    i.led_start_animation  animations.o
    0x080048ec   0x0000002a   Code   RO          833    i.linear_buf_add    helpers.o
    0x08004916   0x0000001e   Code   RO          834    i.linear_buf_add_str  helpers.o
    0x08004934   0x00000050   Code   RO          836    i.linear_buf_init   helpers.o
    0x08004984   0x00000024   Code   RO          837    i.linear_buf_line_available  helpers.o
    0x080049a8   0x00000010   Code   RO          838    i.linear_buf_reset  helpers.o
    0x080049b8   0x00000098   Code   RO          223    i.main              main.o
    0x08004a50   0x0000000c   Code   RO         5213    i.makeFreeRtosPriority  cmsis_os.o
    0x08004a5c   0x0000006c   Code   RO         6241    i.malloc            mc_p.l(malloc.o)
    0x08004ac8   0x00000040   Code   RO         1100    i.my_1wire_read_bit  my_1wire.o
    0x08004b08   0x0000001c   Code   RO         1101    i.my_1wire_read_byte  my_1wire.o
    0x08004b24   0x00000018   Code   RO         1102    i.my_1wire_read_bytes  my_1wire.o
    0x08004b3c   0x0000004c   Code   RO         1103    i.my_1wire_reset    my_1wire.o
    0x08004b88   0x00000054   Code   RO         1104    i.my_1wire_write_bit  my_1wire.o
    0x08004bdc   0x0000001c   Code   RO         1105    i.my_1wire_write_byte  my_1wire.o
    0x08004bf8   0x0000001c   Code   RO          897    i.my_usb_init       my_usb.o
    0x08004c14   0x00000010   Code   RO         5214    i.osDelay           cmsis_os.o
    0x08004c24   0x0000000a   Code   RO         5217    i.osKernelStart     cmsis_os.o
    0x08004c2e   0x00000010   Code   RO         5246    i.osSystickHandler  cmsis_os.o
    0x08004c3e   0x00000038   Code   RO         5247    i.osThreadCreate    cmsis_os.o
    0x08004c76   0x00000002   PAD
    0x08004c78   0x00000034   Code   RO         4847    i.prvAddCurrentTaskToDelayedList  tasks.o
    0x08004cac   0x00000058   Code   RO         4848    i.prvCheckTasksWaitingTermination  tasks.o
    0x08004d04   0x00000018   Code   RO         4849    i.prvIdleTask       tasks.o
    0x08004d1c   0x00000020   Code   RO         4851    i.prvResetNextTaskUnblockTime  tasks.o
    0x08004d3c   0x00000014   Code   RO         5549    i.prvTaskExitError  port.o
    0x08004d50   0x00000050   Code   RO         5140    i.pvPortMalloc      heap_1.o
    0x08004da0   0x00000020   Code   RO         5550    i.pxPortInitialiseStack  port.o
    0x08004dc0   0x00000080   Code   RO          939    i.setup_task        my_tasks.o
    0x08004e40   0x0000005c   Code   RO          940    i.spi_send          my_tasks.o
    0x08004e9c   0x0000002c   Code   RO         1014    i.start_animation   animations.o
    0x08004ec8   0x00000044   Code   RO          941    i.test_task_start   my_tasks.o
    0x08004f0c   0x00000028   Code   RO         1015    i.tube_print2_uint8_t  animations.o
    0x08004f34   0x00000024   Code   RO         5173    i.uxListRemove      list.o
    0x08004f58   0x00000016   Code   RO         5174    i.vListInitialise   list.o
    0x08004f6e   0x00000006   Code   RO         5175    i.vListInitialiseItem  list.o
    0x08004f74   0x00000030   Code   RO         5176    i.vListInsert       list.o
    0x08004fa4   0x00000018   Code   RO         5177    i.vListInsertEnd    list.o
    0x08004fbc   0x00000018   Code   RO         5552    i.vPortEnterCritical  port.o
    0x08004fd4   0x0000001c   Code   RO         5553    i.vPortExitCritical  port.o
    0x08004ff0   0x0000000a   Code   RO         5141    i.vPortFree         heap_1.o
    0x08004ffa   0x00000002   PAD
    0x08004ffc   0x00000018   Code   RO         5554    i.vPortYield        port.o
    0x08005014   0x0000003c   Code   RO         4859    i.vTaskDelay        tasks.o
    0x08005050   0x0000004c   Code   RO         4869    i.vTaskStartScheduler  tasks.o
    0x0800509c   0x00000010   Code   RO         4871    i.vTaskSuspendAll   tasks.o
    0x080050ac   0x00000058   Code   RO         4872    i.vTaskSwitchContext  tasks.o
    0x08005104   0x0000004c   Code   RO         5555    i.xPortStartScheduler  port.o
    0x08005150   0x00000024   Code   RO         5556    i.xPortSysTickHandler  port.o
    0x08005174   0x0000016c   Code   RO         4874    i.xTaskGenericCreate  tasks.o
    0x080052e0   0x00000020   Code   RO         4875    i.xTaskGetSchedulerState  tasks.o
    0x08005300   0x000000c0   Code   RO         4878    i.xTaskIncrementTick  tasks.o
    0x080053c0   0x000000a8   Code   RO         4881    i.xTaskResumeAll    tasks.o
    0x08005468   0x00000050   Data   RO          225    .constdata          main.o
    0x080054b8   0x00000010   Data   RO         1247    .constdata          system_stm32f0xx.o
    0x080054c8   0x00000008   Data   RO         1248    .constdata          system_stm32f0xx.o
    0x080054d0   0x0000003a   Data   RO          226    .conststring        main.o
    0x0800550a   0x00000002   PAD
    0x0800550c   0x00000020   Data   RO         6316    Region$$Table       anon$$obj.o


    Execution Region RW_IRAM1 (Base: 0x20000000, Size: 0x000026d0, Max: 0x00004000, ABSOLUTE, COMPRESSED[0x000000c8])

    Base Addr    Size         Type   Attr      Idx    E Section Name        Object

    0x20000000   0x00000004   Data   RW          227    .data               main.o
    0x20000004   0x0000001c   Data   RW          693    .data               usbd_desc.o
    0x20000020   0x00000016   Data   RW          694    .data               usbd_desc.o
    0x20000036   0x00000002   PAD
    0x20000038   0x00000010   Data   RW          789    .data               usbd_cdc_if.o
    0x20000048   0x00000004   Data   RW          902    .data               my_usb.o
    0x2000004c   0x00000004   PAD
    0x20000050   0x00000010   Data   RW          943    .data               my_tasks.o
    0x20000060   0x00000004   Data   RW         1068    .data               delay_us.o
    0x20000064   0x00000004   Data   RW         1249    .data               system_stm32f0xx.o
    0x20000068   0x00000004   Data   RW         3268    .data               stm32f0xx_hal.o
    0x2000006c   0x00000038   Data   RW         4884    .data               tasks.o
    0x200000a4   0x00000008   Data   RW         5145    .data               heap_1.o
    0x200000ac   0x00000004   Data   RW         5557    .data               port.o
    0x200000b0   0x00000001   Data   RW         5756    .data               usbd_ctlreq.o
    0x200000b1   0x00000003   PAD
    0x200000b4   0x000000db   Data   RW         5824    .data               usbd_cdc.o
    0x2000018f   0x00000001   PAD
    0x20000190   0x00000038   Data   RW         5825    .data               usbd_cdc.o
    0x200001c8   0x00000004   Data   RW         6298    .data               mc_p.l(stdout.o)
    0x200001cc   0x00000004   Data   RW         6305    .data               mc_p.l(mvars.o)
    0x200001d0   0x00000004   Data   RW         6306    .data               mc_p.l(mvars.o)
    0x200001d4   0x000001ac   Zero   RW          224    .bss                main.o
    0x20000380   0x00000440   Zero   RW          445    .bss                usbd_conf.o
    0x200007c0   0x00000040   Zero   RW          652    .bss                stm32f0xx_hal_timebase_tim.o
    0x20000800   0x00000200   Zero   RW          692    .bss                usbd_desc.o
    0x20000a00   0x00000224   Zero   RW          750    .bss                usb_device.o
    0x20000c24   0x00000100   Zero   RW          788    .bss                usbd_cdc_if.o
    0x20000d24   0x00000090   Zero   RW          900    .bss                my_usb.o
    0x20000db4   0x00000004   PAD
    0x20000db8   0x00000218   Zero   RW          942    .bss                my_tasks.o
    0x20000fd0   0x00000009   Zero   RW         1152    .bss                ds18b20.o
    0x20000fd9   0x00000003   PAD
    0x20000fdc   0x000000f0   Zero   RW         4883    .bss                tasks.o
    0x200010cc   0x00001000   Zero   RW         5144    .bss                heap_1.o
    0x200020cc   0x00000004   PAD
    0x200020d0   0x00000200   Zero   RW         1278    HEAP                startup_stm32f072xb.o
    0x200022d0   0x00000400   Zero   RW         1277    STACK               startup_stm32f072xb.o


==============================================================================

Image component sizes


      Code (inc. data)   RO Data    RW Data    ZI Data      Debug   Object Name

       420         34          0          0          0       4412   animations.o
       110          0          0          0          0       7656   cmsis_os.o
        40         10          0          4          0       1374   delay_us.o
        80          4          0          0          9       1608   ds18b20.o
        72          0          0          0          0       1411   gps_config.o
        90         12          0          8       4096       2111   heap_1.o
       312         42          0          0          0       4103   helpers.o
       136          0          0          0          0       3214   list.o
       922        100        138          4        428      15353   main.o
       304         18          0          0          0       3539   my_1wire.o
       626         60          0         16        536       5263   my_tasks.o
        28         10          0          4        144       1107   my_usb.o
       354         58          0          4          0       6604   port.o
         0          0          0          0          0       1472   queue.o
        28          8        192          0       1536        572   startup_stm32f072xb.o
        82         18          0          4          0       2864   stm32f0xx_hal.o
      1338         42          0          0          0       7573   stm32f0xx_hal_adc.o
       168         28          0          0          0       9331   stm32f0xx_hal_cortex.o
       374         30          0          0          0       3316   stm32f0xx_hal_gpio.o
       180          4          0          0          0       2871   stm32f0xx_hal_i2c.o
       146          0          0          0          0       1823   stm32f0xx_hal_i2c_ex.o
       380         62          0          0          0       3690   stm32f0xx_hal_msp.o
      3476        148          0          0          0      13323   stm32f0xx_hal_pcd.o
        58          0          0          0          0       1186   stm32f0xx_hal_pcd_ex.o
      1560        112          0          0          0       5622   stm32f0xx_hal_rcc.o
       288         14          0          0          0       1460   stm32f0xx_hal_rcc_ex.o
       912         10          0          0          0       5070   stm32f0xx_hal_spi.o
       956         24          0          0          0       9558   stm32f0xx_hal_tim.o
        76          0          0          0          0       2218   stm32f0xx_hal_tim_ex.o
       120         22          0          0         64       1372   stm32f0xx_hal_timebase_tim.o
      1072         46          0          0          0       5799   stm32f0xx_hal_uart.o
        44         12          0          0          0     533887   stm32f0xx_it.o
        92         16         24          4          0       1059   system_stm32f0xx.o
      1192         98          0         56        240      12378   tasks.o
        52         16          0          0        548        636   usb_device.o
       602         20          0        275          0      11464   usbd_cdc.o
       136         24          0         16        256       2558   usbd_cdc_if.o
       762         40          0          0       1088      13869   usbd_conf.o
       652          0          0          0          0       8860   usbd_core.o
       994         34          0          1          0       7552   usbd_ctlreq.o
       212        116          0         50        512       4659   usbd_desc.o
       140          0          0          0          0       4148   usbd_ioreq.o

    ----------------------------------------------------------------------
     19616       1292        388        456       9468     737945   Object Totals
         0          0         32          0          0          0   (incl. Generated)
        30          0          2         10         11          0   (incl. Padding)

    ----------------------------------------------------------------------

      Code (inc. data)   RO Data    RW Data    ZI Data      Debug   Library Member Name

        86          0          0          0          0          0   __dczerorl2.o
         0          0          0          0          0          0   entry.o
         0          0          0          0          0          0   entry10a.o
         0          0          0          0          0          0   entry11a.o
         8          4          0          0          0          0   entry2.o
         4          0          0          0          0          0   entry5.o
         0          0          0          0          0          0   entry7b.o
         0          0          0          0          0          0   entry8b.o
         8          4          0          0          0          0   entry9a.o
        30          0          0          0          0          0   handlers.o
        36          8          0          0          0         68   init.o
         0          0          0          0          0          0   iusefp.o
        32          0          0          0          0         68   llshl.o
        38          0          0          0          0         68   llsshr.o
        34          0          0          0          0         68   llushr.o
       108         16          0          0          0         76   malloc.o
        36          0          0          0          0         60   memcpya.o
        36          0          0          0          0        100   memseta.o
         0          0          0          8          0          0   mvars.o
        50          8          0          0          0        144   printfb.o
         0          0          0          4          0          0   stdout.o
        44          0          0          0          0         72   uidiv.o
        40          2          0          0          0         68   cdcmple.o
        40          2          0          0          0         68   cdrcmple.o
       356          4          0          0          0        140   dadd.o
       240          6          0          0          0         84   ddiv.o
       236          0          0          0          0        216   depilogue.o
        60         10          0          0          0         68   dfixui.o
        40          6          0          0          0         68   dflti.o
        28          4          0          0          0         68   dfltui.o
       208          6          0          0          0         88   dmul.o

    ----------------------------------------------------------------------
      1800         80          0         12          0       1592   Library Totals
         2          0          0          0          0          0   (incl. Padding)

    ----------------------------------------------------------------------

      Code (inc. data)   RO Data    RW Data    ZI Data      Debug   Library Name

       550         40          0         12          0        724   mc_p.l
      1248         40          0          0          0        868   mf_p.l

    ----------------------------------------------------------------------
      1800         80          0         12          0       1592   Library Totals

    ----------------------------------------------------------------------

==============================================================================


      Code (inc. data)   RO Data    RW Data    ZI Data      Debug   

     21416       1372        388        468       9468     728561   Grand Totals
     21416       1372        388        200       9468     728561   ELF Image Totals (compressed)
     21416       1372        388        200          0          0   ROM Totals

==============================================================================

    Total RO  Size (Code + RO Data)                21804 (  21.29kB)
    Total RW  Size (RW Data + ZI Data)              9936 (   9.70kB)
    Total ROM Size (Code + RO Data + RW Data)      22004 (  21.49kB)

==============================================================================

